Archive member included to satisfy reference by file (symbol)

C:/Program Files/SEGGER/SEGGER Embedded Studio for ARM 3.40/lib/libc_v7em_fpv4_sp_d16_hard_t_le_eabi.a(libc_asm.o)
                              Output/ble_app_uart_c_pca10040_s132 Release/Obj/bsp.o (__aeabi_uldivmod)
C:/Program Files/SEGGER/SEGGER Embedded Studio for ARM 3.40/lib/libc_v7em_fpv4_sp_d16_hard_t_le_eabi.a(libc2.o)
                              Output/ble_app_uart_c_pca10040_s132 Release/Obj/nrf_log_str_formatter.o (isprint)
C:/Program Files/SEGGER/SEGGER Embedded Studio for ARM 3.40/lib/libc_v7em_fpv4_sp_d16_hard_t_le_eabi.a(libc2_asm.o)
                              Output/ble_app_uart_c_pca10040_s132 Release/Obj/nrf_log_frontend.o (memcpy)
C:/Program Files/SEGGER/SEGGER Embedded Studio for ARM 3.40/lib/libc_v7em_fpv4_sp_d16_hard_t_le_eabi.a(libc.o)
                              C:/Program Files/SEGGER/SEGGER Embedded Studio for ARM 3.40/lib/libc_v7em_fpv4_sp_d16_hard_t_le_eabi.a(libc2.o) (__heap_lock)
C:/Program Files/SEGGER/SEGGER Embedded Studio for ARM 3.40/lib/libdebugio_v7em_fpv4_sp_d16_hard_t_le_eabi.a(libdebugio.o)
                              Output/ble_app_uart_c_pca10040_s132 Release/Obj/thumb_crt0.o (debug_fopen)
C:/Program Files/SEGGER/SEGGER Embedded Studio for ARM 3.40/lib/libdebugio_mempoll_v7em_fpv4_sp_d16_hard_t_le_eabi.a(mempoll_debug_operations.o)
                              C:/Program Files/SEGGER/SEGGER Embedded Studio for ARM 3.40/lib/libdebugio_v7em_fpv4_sp_d16_hard_t_le_eabi.a(libdebugio.o) (__do_debug_operation)
C:/Program Files/SEGGER/SEGGER Embedded Studio for ARM 3.40/lib/libdebugio_mempoll_v7em_fpv4_sp_d16_hard_t_le_eabi.a(do_nv_debug_operation.o)
                              C:/Program Files/SEGGER/SEGGER Embedded Studio for ARM 3.40/lib/libdebugio_v7em_fpv4_sp_d16_hard_t_le_eabi.a(libdebugio.o) (__do_nvdebug_operation)
C:/Program Files/SEGGER/SEGGER Embedded Studio for ARM 3.40/lib/libm_v7em_fpv4_sp_d16_hard_t_le_eabi.a(libm_asm.o)
                              C:/Program Files/SEGGER/SEGGER Embedded Studio for ARM 3.40/lib/libc_v7em_fpv4_sp_d16_hard_t_le_eabi.a(libc2.o) (__aeabi_i2d)
C:/Program Files/SEGGER/SEGGER Embedded Studio for ARM 3.40/lib/libm_v7em_fpv4_sp_d16_hard_t_le_eabi.a(libm2.o)
                              C:/Program Files/SEGGER/SEGGER Embedded Studio for ARM 3.40/lib/libvfprintf_v7em_fpv4_sp_d16_hard_t_le_eabi.o (frexp)
C:/Program Files/SEGGER/SEGGER Embedded Studio for ARM 3.40/lib/libm_v7em_fpv4_sp_d16_hard_t_le_eabi.a(libm2_asm.o)
                              C:/Program Files/SEGGER/SEGGER Embedded Studio for ARM 3.40/lib/libm_v7em_fpv4_sp_d16_hard_t_le_eabi.a(libm2.o) (fabs)

Discarded input sections

 .text          0x0000000000000000        0x0 Output/ble_app_uart_c_pca10040_s132 Release/Obj/thumb_crt0.o
 .data          0x0000000000000000        0x0 Output/ble_app_uart_c_pca10040_s132 Release/Obj/thumb_crt0.o
 .bss           0x0000000000000000        0x0 Output/ble_app_uart_c_pca10040_s132 Release/Obj/thumb_crt0.o
 .text.__aeabi_read_tp
                0x0000000000000000        0x8 Output/ble_app_uart_c_pca10040_s132 Release/Obj/thumb_crt0.o
 .text.abort    0x0000000000000000        0x2 Output/ble_app_uart_c_pca10040_s132 Release/Obj/thumb_crt0.o
 .text.__assert
                0x0000000000000000        0x2 Output/ble_app_uart_c_pca10040_s132 Release/Obj/thumb_crt0.o
 .text.__aeabi_assert
                0x0000000000000000        0x2 Output/ble_app_uart_c_pca10040_s132 Release/Obj/thumb_crt0.o
 .text.__sync_synchronize
                0x0000000000000000        0x2 Output/ble_app_uart_c_pca10040_s132 Release/Obj/thumb_crt0.o
 .text.__getchar
                0x0000000000000000        0x4 Output/ble_app_uart_c_pca10040_s132 Release/Obj/thumb_crt0.o
 .text.__putchar
                0x0000000000000000        0x4 Output/ble_app_uart_c_pca10040_s132 Release/Obj/thumb_crt0.o
 .text.__open   0x0000000000000000        0x4 Output/ble_app_uart_c_pca10040_s132 Release/Obj/thumb_crt0.o
 .text.__close  0x0000000000000000        0x4 Output/ble_app_uart_c_pca10040_s132 Release/Obj/thumb_crt0.o
 .text.__write  0x0000000000000000        0xa Output/ble_app_uart_c_pca10040_s132 Release/Obj/thumb_crt0.o
 .text.__read   0x0000000000000000        0xa Output/ble_app_uart_c_pca10040_s132 Release/Obj/thumb_crt0.o
 .text.__seek   0x0000000000000000       0x1a Output/ble_app_uart_c_pca10040_s132 Release/Obj/thumb_crt0.o
 .bss.__user_locale_name_buffer
                0x0000000000000000        0x4 Output/ble_app_uart_c_pca10040_s132 Release/Obj/thumb_crt0.o
 .stack         0x0000000000000000        0x0 Output/ble_app_uart_c_pca10040_s132 Release/Obj/thumb_crt0.o
 .stack_process
                0x0000000000000000        0x0 Output/ble_app_uart_c_pca10040_s132 Release/Obj/thumb_crt0.o
 .heap          0x0000000000000000        0x0 Output/ble_app_uart_c_pca10040_s132 Release/Obj/thumb_crt0.o
[...]
Memory Configuration

Name             Origin             Length             Attributes
UNPLACED_SECTIONS 0x0000000100000000 0x0000000000000000 xw
RAM              0x0000000020000000 0x0000000000010000 xw
FLASH            0x0000000000000000 0x0000000000080000 xw
*default*        0x0000000000000000 0xffffffffffffffff

Linker script and memory map

                0x000000000002b35c                __vfprintf = __vfprintf_long
                0x0000000000000000                __vfscanf = __vfscanf_int
                0x0000000020000000                __RAM_segment_start__ = 0x20000000
                0x0000000020010000                __RAM_segment_end__ = 0x20010000
                0x0000000000010000                __RAM_segment_size__ = 0x10000
                0x0000000000000000                __FLASH_segment_start__ = 0x0
                0x0000000000080000                __FLASH_segment_end__ = 0x80000
                0x0000000000080000                __FLASH_segment_size__ = 0x80000
                0x0000000000002000                __HEAPSIZE__ = 0x2000
                0x0000000000000000                __STACKSIZE_PROCESS__ = 0x0
                0x0000000000002000                __STACKSIZE__ = 0x2000
                0x0000000020000000                __reserved_ram_load_start__ = 0x20000000

.reserved_ram   0x0000000020000000     0x29e0
                0x0000000020000000                __reserved_ram_start__ = .
 *(.reserved_ram .reserved_ram.*)
                0x00000000200029e0                . = MAX (((__reserved_ram_start__ + 0x200029e0) - 0x20000000), .)
 *fill*         0x0000000020000000     0x29e0 
                0x00000000200029e0                __reserved_ram_end__ = (__reserved_ram_start__ + SIZEOF (.reserved_ram))
                0x00000000000029e0                __reserved_ram_size__ = SIZEOF (.reserved_ram)
                0x00000000200029e0                __reserved_ram_load_end__ = __reserved_ram_end__
                0x0000000000000001                . = ASSERT (((__reserved_ram_start__ == __reserved_ram_end__) || ((__reserved_ram_end__ >= __RAM_segment_start__) && (__reserved_ram_end__ <= __RAM_segment_end__))), error: .reserved_ram is too large to fit in RAM memory segment)
                0x00000000200029e0                __vectors_ram_load_start__ = 0x200029e0

.vectors_ram    0x00000000200029e0        0x0
                0x00000000200029e0                __vectors_ram_start__ = .
                0x00000000200029e0                __app_ram_start__ = __vectors_ram_start__
 *(.vectors_ram .vectors_ram.*)
                0x00000000200029e0                __vectors_ram_end__ = (__vectors_ram_start__ + SIZEOF (.vectors_ram))
                0x0000000000000000                __vectors_ram_size__ = SIZEOF (.vectors_ram)
                0x00000000200029e0                __vectors_ram_load_end__ = __vectors_ram_end__
                0x0000000000000001                . = ASSERT (((__vectors_ram_start__ == __vectors_ram_end__) || ((__vectors_ram_end__ >= __RAM_segment_start__) && (__vectors_ram_end__ <= __RAM_segment_end__))), error: .vectors_ram is too large to fit in RAM memory segment)
                0x0000000000000001                . = ASSERT ((__reserved_ram_end__ <= __vectors_ram_start__), error: section .reserved_ram overlaps absolute placed section .vectors_ram)
                0x00000000200029e0                __nrf_sections_run_load_start__ = ALIGN (__vectors_ram_end__, 0x4)

.nrf_sections_run
                0x00000000200029e0        0x0
                0x00000000200029e0                __nrf_sections_run_start__ = .
                0x00000000200029e0                __start_nrf_sections_run = __nrf_sections_run_start__
 *(.nrf_sections_run .nrf_sections_run.*)
                0x00000000200029e0                __nrf_sections_run_end__ = (__nrf_sections_run_start__ + SIZEOF (.nrf_sections_run))
                0x0000000000000000                __nrf_sections_run_size__ = SIZEOF (.nrf_sections_run)
                0x00000000200029e0                __nrf_sections_run_load_end__ = __nrf_sections_run_end__
                0x0000000000000001                . = ASSERT (((__nrf_sections_run_start__ == __nrf_sections_run_end__) || ((__nrf_sections_run_end__ >= __RAM_segment_start__) && (__nrf_sections_run_end__ <= __RAM_segment_end__))), error: .nrf_sections_run is too large to fit in RAM memory segment)
                0x0000000000000000                __reserved_flash_load_start__ = 0x0

.reserved_flash
                0x0000000000000000    0x26000
                0x0000000000000000                __reserved_flash_start__ = .
 *(.reserved_flash .reserved_flash.*)
                0x0000000000026000                . = MAX (((__reserved_flash_start__ + 0x26000) - 0x0), .)
 *fill*         0x0000000000000000    0x26000 
                0x0000000000026000                __reserved_flash_end__ = (__reserved_flash_start__ + SIZEOF (.reserved_flash))
                0x0000000000026000                __reserved_flash_size__ = SIZEOF (.reserved_flash)
                0x0000000000026000                __reserved_flash_load_end__ = __reserved_flash_end__
                0x0000000000000001                . = ASSERT (((__reserved_flash_start__ == __reserved_flash_end__) || ((__reserved_flash_end__ >= __FLASH_segment_start__) && (__reserved_flash_end__ <= __FLASH_segment_end__))), error: .reserved_flash is too large to fit in FLASH memory segment)
                0x0000000000026000                __vectors_load_start__ = 0x26000

.vectors        0x0000000000026000       0xdc
                0x0000000000026000                __vectors_start__ = .
 *(.vectors .vectors.*)
 .vectors       0x0000000000026000       0xdc Output/ble_app_uart_c_pca10040_s132 Release/Obj/ses_nrf52_Vectors.o
                0x0000000000026000                _vectors
                0x00000000000260dc                __vectors_end__ = (__vectors_start__ + SIZEOF (.vectors))
                0x00000000000000dc                __vectors_size__ = SIZEOF (.vectors)
                0x00000000000260dc                __vectors_load_end__ = __vectors_end__
                0x0000000000000001                . = ASSERT (((__vectors_start__ == __vectors_end__) || ((__vectors_end__ >= __FLASH_segment_start__) && (__vectors_end__ <= __FLASH_segment_end__))), error: .vectors is too large to fit in FLASH memory segment)
                0x0000000000000001                . = ASSERT ((__reserved_flash_end__ <= __vectors_start__), error: section .reserved_flash overlaps absolute placed section .vectors)
                0x00000000000260dc                __init_load_start__ = ALIGN (__vectors_end__, 0x4)

.init           0x00000000000260dc      0x218
                0x00000000000260dc                __init_start__ = .
 *(.init .init.*)
 .init          0x00000000000260dc      0x160 Output/ble_app_uart_c_pca10040_s132 Release/Obj/thumb_crt0.o
                0x00000000000260dc                _start
                0x0000000000026192                exit
 .init          0x000000000002623c       0x58 Output/ble_app_uart_c_pca10040_s132 Release/Obj/ses_nRF_Startup.o
                0x000000000002623c                Reset_Handler
                0x0000000000026260                InitializeUserMemorySections
 .init          0x0000000000026294       0x60 Output/ble_app_uart_c_pca10040_s132 Release/Obj/ses_nrf52_Vectors.o
                0x0000000000026294                NMI_Handler
                0x0000000000026296                HardFault_Handler
                0x0000000000026298                MemoryManagement_Handler
                0x000000000002629a                BusFault_Handler
                0x000000000002629c                UsageFault_Handler
                0x000000000002629e                SVC_Handler
                0x00000000000262a0                DebugMon_Handler
                0x00000000000262a2                PendSV_Handler
                0x00000000000262a4                SysTick_Handler
                0x00000000000262aa                RADIO_IRQHandler
                0x00000000000262ae                SPIM0_SPIS0_TWIM0_TWIS0_SPI0_TWI0_IRQHandler
                0x00000000000262b0                SPIM1_SPIS1_TWIM1_TWIS1_SPI1_TWI1_IRQHandler
                0x00000000000262b2                NFCT_IRQHandler
                0x00000000000262b6                SAADC_IRQHandler
                0x00000000000262b8                TIMER0_IRQHandler
                0x00000000000262ba                TIMER1_IRQHandler
                0x00000000000262bc                TIMER2_IRQHandler
                0x00000000000262be                RTC0_IRQHandler
                0x00000000000262c0                TEMP_IRQHandler
                0x00000000000262c2                RNG_IRQHandler
                0x00000000000262c4                ECB_IRQHandler
                0x00000000000262c6                CCM_AAR_IRQHandler
                0x00000000000262c8                WDT_IRQHandler
                0x00000000000262cc                QDEC_IRQHandler
                0x00000000000262ce                COMP_LPCOMP_IRQHandler
                0x00000000000262d2                SWI1_EGU1_IRQHandler
                0x00000000000262d6                SWI3_EGU3_IRQHandler
                0x00000000000262d8                SWI4_EGU4_IRQHandler
                0x00000000000262da                SWI5_EGU5_IRQHandler
                0x00000000000262dc                TIMER3_IRQHandler
                0x00000000000262de                TIMER4_IRQHandler
                0x00000000000262e0                PWM0_IRQHandler
                0x00000000000262e2                PDM_IRQHandler
                0x00000000000262e4                MWU_IRQHandler
                0x00000000000262e6                PWM1_IRQHandler
                0x00000000000262e8                PWM2_IRQHandler
                0x00000000000262ea                SPIM2_SPIS2_SPI2_IRQHandler
                0x00000000000262ec                RTC2_IRQHandler
                0x00000000000262ee                I2S_IRQHandler
                0x00000000000262f0                FPU_IRQHandler
                0x00000000000262f4                __init_end__ = (__init_start__ + SIZEOF (.init))
                0x0000000000000218                __init_size__ = SIZEOF (.init)
                0x00000000000262f4                __init_load_end__ = __init_end__
                0x0000000000000001                . = ASSERT (((__init_start__ == __init_end__) || ((__init_end__ >= __FLASH_segment_start__) && (__init_end__ <= __FLASH_segment_end__))), error: .init is too large to fit in FLASH memory segment)
                0x00000000000262f4                __init_rodata_load_start__ = ALIGN (__init_end__, 0x4)

.init_rodata    0x00000000000262f4        0x0
                0x00000000000262f4                __init_rodata_start__ = .
 *(.init_rodata .init_rodata.*)
                0x00000000000262f4                __init_rodata_end__ = (__init_rodata_start__ + SIZEOF (.init_rodata))
                0x0000000000000000                __init_rodata_size__ = SIZEOF (.init_rodata)
                0x00000000000262f4                __init_rodata_load_end__ = __init_rodata_end__
                0x0000000000000001                . = ASSERT (((__init_rodata_start__ == __init_rodata_end__) || ((__init_rodata_end__ >= __FLASH_segment_start__) && (__init_rodata_end__ <= __FLASH_segment_end__))), error: .init_rodata is too large to fit in FLASH memory segment)
                0x00000000000262f4                __text_load_start__ = ALIGN (__init_rodata_end__, 0x4)

.text           0x00000000000262f4     0x5798
                0x00000000000262f4                __text_start__ = .
 *(.text .text.* .glue_7t .glue_7 .gnu.linkonce.t.* .gcc_except_table .ARM.extab* .gnu.linkonce.armextab.*)
 .glue_7        0x00000000000262f4        0x0 linker stubs
 .glue_7t       0x00000000000262f4        0x0 linker stubs
 .text.nrf_log_backend_rtt_flush
                0x00000000000262f4        0x2 Output/ble_app_uart_c_pca10040_s132 Release/Obj/nrf_log_backend_rtt.o
 *fill*         0x00000000000262f6        0x2 
 .text.nrf_log_backend_rtt_put
                0x00000000000262f8       0x1c Output/ble_app_uart_c_pca10040_s132 Release/Obj/nrf_log_backend_rtt.o
 .text.serial_tx
                0x0000000000026314       0x50 Output/ble_app_uart_c_pca10040_s132 Release/Obj/nrf_log_backend_rtt.o
 .text.nrf_log_backend_rtt_panic_set
                0x0000000000026364        0x2 Output/ble_app_uart_c_pca10040_s132 Release/Obj/nrf_log_backend_rtt.o
 .text.nrf_log_backend_rtt_init
                0x0000000000026366        0x4 Output/ble_app_uart_c_pca10040_s132 Release/Obj/nrf_log_backend_rtt.o
                0x0000000000026366                nrf_log_backend_rtt_init
 .text.nrf_log_backend_serial_put
                0x000000000002636a       0xcc Output/ble_app_uart_c_pca10040_s132 Release/Obj/nrf_log_backend_serial.o
                0x000000000002636a                nrf_log_backend_serial_put
 *fill*         0x0000000000026436        0x2 
 .text.nrf_log_default_backends_init
                0x0000000000026438       0x1c Output/ble_app_uart_c_pca10040_s132 Release/Obj/nrf_log_default_backends.o
                0x0000000000026438                nrf_log_default_backends_init
 .text.invalid_packets_pushed_str_omit
                0x0000000000026454       0x50 Output/ble_app_uart_c_pca10040_s132 Release/Obj/nrf_log_frontend.o
 .text.buf_prealloc
                0x00000000000264a4      0x134 Output/ble_app_uart_c_pca10040_s132 Release/Obj/nrf_log_frontend.o
 .text.nrf_log_init
                0x00000000000265d8       0x50 Output/ble_app_uart_c_pca10040_s132 Release/Obj/nrf_log_frontend.o
                0x00000000000265d8                nrf_log_init
 .text.nrf_log_module_name_get
                0x0000000000026628       0x3c Output/ble_app_uart_c_pca10040_s132 Release/Obj/nrf_log_frontend.o
                0x0000000000026628                nrf_log_module_name_get
 .text.nrf_log_color_id_get
                0x0000000000026664       0x2c Output/ble_app_uart_c_pca10040_s132 Release/Obj/nrf_log_frontend.o
                0x0000000000026664                nrf_log_color_id_get
 .text.buffer_is_empty
                0x0000000000026690       0x14 Output/ble_app_uart_c_pca10040_s132 Release/Obj/nrf_log_frontend.o
                0x0000000000026690                buffer_is_empty
 .text.nrf_log_frontend_dequeue
                0x00000000000266a4      0x214 Output/ble_app_uart_c_pca10040_s132 Release/Obj/nrf_log_frontend.o
                0x00000000000266a4                nrf_log_frontend_dequeue
 .text.std_n    0x00000000000268b8       0xb0 Output/ble_app_uart_c_pca10040_s132 Release/Obj/nrf_log_frontend.o
 .text.nrf_log_frontend_std_0
                0x0000000000026968        0x8 Output/ble_app_uart_c_pca10040_s132 Release/Obj/nrf_log_frontend.o
                0x0000000000026968                nrf_log_frontend_std_0
 .text.nrf_log_frontend_std_1
                0x0000000000026970       0x14 Output/ble_app_uart_c_pca10040_s132 Release/Obj/nrf_log_frontend.o
                0x0000000000026970                nrf_log_frontend_std_1
 .text.nrf_log_frontend_std_2
                0x0000000000026984       0x14 Output/ble_app_uart_c_pca10040_s132 Release/Obj/nrf_log_frontend.o
                0x0000000000026984                nrf_log_frontend_std_2
 .text.nrf_log_frontend_std_6
                0x0000000000026998       0x24 Output/ble_app_uart_c_pca10040_s132 Release/Obj/nrf_log_frontend.o
                0x0000000000026998                nrf_log_frontend_std_6
 .text.nrf_log_backend_add
                0x00000000000269bc       0x44 Output/ble_app_uart_c_pca10040_s132 Release/Obj/nrf_log_frontend.o
                0x00000000000269bc                nrf_log_backend_add
 .text.nrf_log_panic
                0x0000000000026a00       0x28 Output/ble_app_uart_c_pca10040_s132 Release/Obj/nrf_log_frontend.o
                0x0000000000026a00                nrf_log_panic
 .text.postfix_process
                0x0000000000026a28       0x3c Output/ble_app_uart_c_pca10040_s132 Release/Obj/nrf_log_str_formatter.o
 .text.prefix_process
                0x0000000000026a64       0x78 Output/ble_app_uart_c_pca10040_s132 Release/Obj/nrf_log_str_formatter.o
 .text.nrf_log_std_entry_process
                0x0000000000026adc       0xc8 Output/ble_app_uart_c_pca10040_s132 Release/Obj/nrf_log_str_formatter.o
                0x0000000000026adc                nrf_log_std_entry_process
 .text.nrf_log_hexdump_entry_process
                0x0000000000026ba4       0xac Output/ble_app_uart_c_pca10040_s132 Release/Obj/nrf_log_str_formatter.o
                0x0000000000026ba4                nrf_log_hexdump_entry_process
 .text.detection_delay_timeout_handler
                0x0000000000026c50      0x104 Output/ble_app_uart_c_pca10040_s132 Release/Obj/app_button.o
 .text.gpiote_event_handler
                0x0000000000026d54       0xa8 Output/ble_app_uart_c_pca10040_s132 Release/Obj/app_button.o
 .text.app_button_init
                0x0000000000026dfc       0xa8 Output/ble_app_uart_c_pca10040_s132 Release/Obj/app_button.o
                0x0000000000026dfc                app_button_init
 .text.app_button_enable
                0x0000000000026ea4       0x2c Output/ble_app_uart_c_pca10040_s132 Release/Obj/app_button.o
                0x0000000000026ea4                app_button_enable
 .text.app_error_handler_bare
                0x0000000000026ed0       0x1a Output/ble_app_uart_c_pca10040_s132 Release/Obj/app_error.o
                0x0000000000026ed0                app_error_handler_bare
 *fill*         0x0000000000026eea        0x2 
 .text.app_error_fault_handler
                0x0000000000026eec       0x6c Output/ble_app_uart_c_pca10040_s132 Release/Obj/app_error_weak.o
                0x0000000000026eec                app_error_fault_handler
 .text.app_fifo_init
                0x0000000000026f58       0x1e Output/ble_app_uart_c_pca10040_s132 Release/Obj/app_fifo.o
                0x0000000000026f58                app_fifo_init
 .text.app_fifo_put
                0x0000000000026f76       0x24 Output/ble_app_uart_c_pca10040_s132 Release/Obj/app_fifo.o
                0x0000000000026f76                app_fifo_put
 .text.app_fifo_get
                0x0000000000026f9a       0x22 Output/ble_app_uart_c_pca10040_s132 Release/Obj/app_fifo.o
                0x0000000000026f9a                app_fifo_get
 .text.user_op_alloc
                0x0000000000026fbc       0x2c Output/ble_app_uart_c_pca10040_s132 Release/Obj/app_timer.o
 .text.timer_stop_op_schedule
                0x0000000000026fe8       0x50 Output/ble_app_uart_c_pca10040_s132 Release/Obj/app_timer.o
 .text.nrfx_coredep_delay_us.constprop.3
                0x0000000000027038       0x10 Output/ble_app_uart_c_pca10040_s132 Release/Obj/app_timer.o
 .text.rtc1_stop
                0x0000000000027048       0x44 Output/ble_app_uart_c_pca10040_s132 Release/Obj/app_timer.o
 .text.RTC1_IRQHandler
                0x000000000002708c       0x9c Output/ble_app_uart_c_pca10040_s132 Release/Obj/app_timer.o
                0x000000000002708c                RTC1_IRQHandler
 .text.SWI0_EGU0_IRQHandler
                0x0000000000027128      0x2ac Output/ble_app_uart_c_pca10040_s132 Release/Obj/app_timer.o
                0x0000000000027128                SWI0_EGU0_IRQHandler
 .text.app_timer_init
                0x00000000000273d4       0x60 Output/ble_app_uart_c_pca10040_s132 Release/Obj/app_timer.o
                0x00000000000273d4                app_timer_init
 .text.app_timer_create
                0x0000000000027434       0x24 Output/ble_app_uart_c_pca10040_s132 Release/Obj/app_timer.o
                0x0000000000027434                app_timer_create
 .text.app_timer_start
                0x0000000000027458       0x88 Output/ble_app_uart_c_pca10040_s132 Release/Obj/app_timer.o
                0x0000000000027458                app_timer_start
 .text.app_timer_stop
                0x00000000000274e0       0x20 Output/ble_app_uart_c_pca10040_s132 Release/Obj/app_timer.o
                0x00000000000274e0                app_timer_stop
 .text.nrf_drv_uart_rx.constprop.0
                0x0000000000027500       0x28 Output/ble_app_uart_c_pca10040_s132 Release/Obj/app_uart_fifo.o
 .text.nrf_drv_uart_tx.constprop.2
                0x0000000000027528       0x28 Output/ble_app_uart_c_pca10040_s132 Release/Obj/app_uart_fifo.o
 .text.uart_event_handler
                0x0000000000027550       0xa8 Output/ble_app_uart_c_pca10040_s132 Release/Obj/app_uart_fifo.o
 .text.app_uart_init
                0x00000000000275f8       0xb0 Output/ble_app_uart_c_pca10040_s132 Release/Obj/app_uart_fifo.o
                0x00000000000275f8                app_uart_init
 .text.app_uart_get
                0x00000000000276a8       0x2c Output/ble_app_uart_c_pca10040_s132 Release/Obj/app_uart_fifo.o
                0x00000000000276a8                app_uart_get
 .text.app_uart_put
                0x00000000000276d4       0x50 Output/ble_app_uart_c_pca10040_s132 Release/Obj/app_uart_fifo.o
                0x00000000000276d4                app_uart_put
 .text.app_util_critical_region_enter
                0x0000000000027724       0x48 Output/ble_app_uart_c_pca10040_s132 Release/Obj/app_util_platform.o
                0x0000000000027724                app_util_critical_region_enter
 .text.app_util_critical_region_exit
                0x000000000002776c       0x2c Output/ble_app_uart_c_pca10040_s132 Release/Obj/app_util_platform.o
                0x000000000002776c                app_util_critical_region_exit
 .text.nrf_atomic_u32_fetch_store
                0x0000000000027798       0x14 Output/ble_app_uart_c_pca10040_s132 Release/Obj/nrf_atomic.o
                0x0000000000027798                nrf_atomic_u32_fetch_store
 .text.nrf_atomic_u32_or
                0x00000000000277ac       0x16 Output/ble_app_uart_c_pca10040_s132 Release/Obj/nrf_atomic.o
                0x00000000000277ac                nrf_atomic_u32_or
 .text.nrf_atomic_u32_fetch_and
                0x00000000000277c2       0x16 Output/ble_app_uart_c_pca10040_s132 Release/Obj/nrf_atomic.o
                0x00000000000277c2                nrf_atomic_u32_fetch_and
 .text.nrf_atomic_u32_add
                0x00000000000277d8       0x16 Output/ble_app_uart_c_pca10040_s132 Release/Obj/nrf_atomic.o
                0x00000000000277d8                nrf_atomic_u32_add
 .text.nrf_atomic_u32_sub
                0x00000000000277ee       0x16 Output/ble_app_uart_c_pca10040_s132 Release/Obj/nrf_atomic.o
                0x00000000000277ee                nrf_atomic_u32_sub
 .text.nrf_atomic_flag_set
                0x0000000000027804        0x6 Output/ble_app_uart_c_pca10040_s132 Release/Obj/nrf_atomic.o
                0x0000000000027804                nrf_atomic_flag_set
 .text.nrf_atomic_flag_clear_fetch
                0x000000000002780a        0x6 Output/ble_app_uart_c_pca10040_s132 Release/Obj/nrf_atomic.o
                0x000000000002780a                nrf_atomic_flag_clear_fetch
 .text.nrf_balloc_init
                0x0000000000027810       0x2e Output/ble_app_uart_c_pca10040_s132 Release/Obj/nrf_balloc.o
                0x0000000000027810                nrf_balloc_init
 .text.nrf_balloc_alloc
                0x000000000002783e       0x46 Output/ble_app_uart_c_pca10040_s132 Release/Obj/nrf_balloc.o
                0x000000000002783e                nrf_balloc_alloc
 .text.nrf_balloc_free
                0x0000000000027884       0x32 Output/ble_app_uart_c_pca10040_s132 Release/Obj/nrf_balloc.o
                0x0000000000027884                nrf_balloc_free
 .text.nrf_fprintf_buffer_flush
                0x00000000000278b6       0x16 Output/ble_app_uart_c_pca10040_s132 Release/Obj/nrf_fprintf.o
                0x00000000000278b6                nrf_fprintf_buffer_flush
 .text.nrf_fprintf
                0x00000000000278cc       0x1e Output/ble_app_uart_c_pca10040_s132 Release/Obj/nrf_fprintf.o
                0x00000000000278cc                nrf_fprintf
 .text.buffer_add
                0x00000000000278ea       0x1e Output/ble_app_uart_c_pca10040_s132 Release/Obj/nrf_fprintf_format.o
 .text.unsigned_print
                0x0000000000027908       0xac Output/ble_app_uart_c_pca10040_s132 Release/Obj/nrf_fprintf_format.o
 .text.nrf_fprintf_fmt
                0x00000000000279b4      0x28a Output/ble_app_uart_c_pca10040_s132 Release/Obj/nrf_fprintf_format.o
                0x00000000000279b4                nrf_fprintf_fmt
 .text.nrf_memobj_pool_init
                0x0000000000027c3e        0x4 Output/ble_app_uart_c_pca10040_s132 Release/Obj/nrf_memobj.o
                0x0000000000027c3e                nrf_memobj_pool_init
 .text.nrf_memobj_free
                0x0000000000027c42       0x2c Output/ble_app_uart_c_pca10040_s132 Release/Obj/nrf_memobj.o
                0x0000000000027c42                nrf_memobj_free
 .text.nrf_memobj_alloc
                0x0000000000027c6e       0x5e Output/ble_app_uart_c_pca10040_s132 Release/Obj/nrf_memobj.o
                0x0000000000027c6e                nrf_memobj_alloc
 .text.nrf_memobj_get
                0x0000000000027ccc        0x8 Output/ble_app_uart_c_pca10040_s132 Release/Obj/nrf_memobj.o
                0x0000000000027ccc                nrf_memobj_get
 .text.nrf_memobj_put
                0x0000000000027cd4       0x1e Output/ble_app_uart_c_pca10040_s132 Release/Obj/nrf_memobj.o
                0x0000000000027cd4                nrf_memobj_put
 .text.nrf_memobj_write
                0x0000000000027cf2       0x52 Output/ble_app_uart_c_pca10040_s132 Release/Obj/nrf_memobj.o
                0x0000000000027cf2                nrf_memobj_write
 .text.nrf_memobj_read
                0x0000000000027d44       0x52 Output/ble_app_uart_c_pca10040_s132 Release/Obj/nrf_memobj.o
                0x0000000000027d44                nrf_memobj_read
 .text.sd_power_system_off
                0x0000000000027d96        0x4 Output/ble_app_uart_c_pca10040_s132 Release/Obj/nrf_pwr_mgmt.o
 .text.sd_app_evt_wait
                0x0000000000027d9a        0x4 Output/ble_app_uart_c_pca10040_s132 Release/Obj/nrf_pwr_mgmt.o
 *fill*         0x0000000000027d9e        0x2 
 .text.nrf_pwr_mgmt_init
                0x0000000000027da0       0x2c Output/ble_app_uart_c_pca10040_s132 Release/Obj/nrf_pwr_mgmt.o
                0x0000000000027da0                nrf_pwr_mgmt_init
 .text.nrf_pwr_mgmt_run
                0x0000000000027dcc       0x4c Output/ble_app_uart_c_pca10040_s132 Release/Obj/nrf_pwr_mgmt.o
                0x0000000000027dcc                nrf_pwr_mgmt_run
 .text.nrf_pwr_mgmt_shutdown
                0x0000000000027e18       0xb4 Output/ble_app_uart_c_pca10040_s132 Release/Obj/nrf_pwr_mgmt.o
                0x0000000000027e18                nrf_pwr_mgmt_shutdown
 .text.nrf_section_iter_init
                0x0000000000027ecc       0x14 Output/ble_app_uart_c_pca10040_s132 Release/Obj/nrf_section_iter.o
                0x0000000000027ecc                nrf_section_iter_init
 .text.nrf_section_iter_next
                0x0000000000027ee0       0x18 Output/ble_app_uart_c_pca10040_s132 Release/Obj/nrf_section_iter.o
                0x0000000000027ee0                nrf_section_iter_next
 .text.nrf_strerror_find
                0x0000000000027ef8       0x3c Output/ble_app_uart_c_pca10040_s132 Release/Obj/nrf_strerror.o
                0x0000000000027ef8                nrf_strerror_find
 .text.nrf_strerror_get
                0x0000000000027f34       0x14 Output/ble_app_uart_c_pca10040_s132 Release/Obj/nrf_strerror.o
                0x0000000000027f34                nrf_strerror_get
 .text.__putchar
                0x0000000000027f48        0xe Output/ble_app_uart_c_pca10040_s132 Release/Obj/retarget.o
                0x0000000000027f48                __putchar
 *fill*         0x0000000000027f56        0x2 
 .text.errata_12
                0x0000000000027f58       0x40 Output/ble_app_uart_c_pca10040_s132 Release/Obj/system_nrf52.o
 .text.errata_16
                0x0000000000027f98       0x34 Output/ble_app_uart_c_pca10040_s132 Release/Obj/system_nrf52.o
 .text.SystemInit
                0x0000000000027fcc      0x25c Output/ble_app_uart_c_pca10040_s132 Release/Obj/system_nrf52.o
                0x0000000000027fcc                SystemInit
 .text.bsp_board_led_state_get
                0x0000000000028228       0x1c Output/ble_app_uart_c_pca10040_s132 Release/Obj/boards.o
                0x0000000000028228                bsp_board_led_state_get
 .text.bsp_board_led_on
                0x0000000000028244       0x18 Output/ble_app_uart_c_pca10040_s132 Release/Obj/boards.o
                0x0000000000028244                bsp_board_led_on
 .text.bsp_board_led_off
                0x000000000002825c       0x18 Output/ble_app_uart_c_pca10040_s132 Release/Obj/boards.o
                0x000000000002825c                bsp_board_led_off
 .text.bsp_board_leds_off
                0x0000000000028274       0x1e Output/ble_app_uart_c_pca10040_s132 Release/Obj/boards.o
                0x0000000000028274                bsp_board_leds_off
 .text.bsp_board_leds_on
                0x0000000000028292       0x1e Output/ble_app_uart_c_pca10040_s132 Release/Obj/boards.o
                0x0000000000028292                bsp_board_leds_on
 .text.bsp_board_led_invert
                0x00000000000282b0       0x24 Output/ble_app_uart_c_pca10040_s132 Release/Obj/boards.o
                0x00000000000282b0                bsp_board_led_invert
 .text.bsp_board_button_state_get
                0x00000000000282d4       0x1c Output/ble_app_uart_c_pca10040_s132 Release/Obj/boards.o
                0x00000000000282d4                bsp_board_button_state_get
 .text.bsp_board_pin_to_button_idx
                0x00000000000282f0       0x24 Output/ble_app_uart_c_pca10040_s132 Release/Obj/boards.o
                0x00000000000282f0                bsp_board_pin_to_button_idx
 .text.bsp_board_button_idx_to_pin
                0x0000000000028314        0xc Output/ble_app_uart_c_pca10040_s132 Release/Obj/boards.o
                0x0000000000028314                bsp_board_button_idx_to_pin
 .text.bsp_board_init
                0x0000000000028320       0x3e Output/ble_app_uart_c_pca10040_s132 Release/Obj/boards.o
                0x0000000000028320                bsp_board_init
 *fill*         0x000000000002835e        0x2 
 .text.clock_clk_started_notify
                0x0000000000028360       0x28 Output/ble_app_uart_c_pca10040_s132 Release/Obj/nrf_drv_clock.o
 .text.clock_irq_handler
                0x0000000000028388       0x1c Output/ble_app_uart_c_pca10040_s132 Release/Obj/nrf_drv_clock.o
 .text.soc_evt_handler
                0x00000000000283a4       0x14 Output/ble_app_uart_c_pca10040_s132 Release/Obj/nrf_drv_clock.o
 .text.nrf_drv_clock_init
                0x00000000000283b8       0x38 Output/ble_app_uart_c_pca10040_s132 Release/Obj/nrf_drv_clock.o
                0x00000000000283b8                nrf_drv_clock_init
 .text.nrf_drv_clock_lfclk_release
                0x00000000000283f0       0x30 Output/ble_app_uart_c_pca10040_s132 Release/Obj/nrf_drv_clock.o
                0x00000000000283f0                nrf_drv_clock_lfclk_release
 .text.sd_state_evt_handler
                0x0000000000028420       0x58 Output/ble_app_uart_c_pca10040_s132 Release/Obj/nrf_drv_clock.o
 .text.uarte_evt_handler
                0x0000000000028478       0x34 Output/ble_app_uart_c_pca10040_s132 Release/Obj/nrf_drv_uart.o
 .text.uart_evt_handler
                0x00000000000284ac       0x34 Output/ble_app_uart_c_pca10040_s132 Release/Obj/nrf_drv_uart.o
 .text.nrf_drv_uart_init
                0x00000000000284e0       0x7c Output/ble_app_uart_c_pca10040_s132 Release/Obj/nrf_drv_uart.o
                0x00000000000284e0                nrf_drv_uart_init
 .text.nrf_clock_event_clear
                0x000000000002855c       0x14 Output/ble_app_uart_c_pca10040_s132 Release/Obj/nrfx_clock.o
 .text.nrfx_clock_init
                0x0000000000028570       0x1c Output/ble_app_uart_c_pca10040_s132 Release/Obj/nrfx_clock.o
                0x0000000000028570                nrfx_clock_init
 .text.nrfx_clock_enable
                0x000000000002858c       0x28 Output/ble_app_uart_c_pca10040_s132 Release/Obj/nrfx_clock.o
                0x000000000002858c                nrfx_clock_enable
 .text.nrfx_clock_lfclk_stop
                0x00000000000285b4       0x18 Output/ble_app_uart_c_pca10040_s132 Release/Obj/nrfx_clock.o
                0x00000000000285b4                nrfx_clock_lfclk_stop
 .text.POWER_CLOCK_IRQHandler
                0x00000000000285cc       0x58 Output/ble_app_uart_c_pca10040_s132 Release/Obj/nrfx_clock.o
                0x00000000000285cc                POWER_CLOCK_IRQHandler
 .text.nrf_gpiote_event_clear
                0x0000000000028624       0x18 Output/ble_app_uart_c_pca10040_s132 Release/Obj/nrfx_gpiote.o
 .text.nrf_gpio_cfg_sense_set
                0x000000000002863c       0x20 Output/ble_app_uart_c_pca10040_s132 Release/Obj/nrfx_gpiote.o
 .text.channel_free
                0x000000000002865c       0x1c Output/ble_app_uart_c_pca10040_s132 Release/Obj/nrfx_gpiote.o
 .text.nrfx_gpiote_init
                0x0000000000028678       0x70 Output/ble_app_uart_c_pca10040_s132 Release/Obj/nrfx_gpiote.o
                0x0000000000028678                nrfx_gpiote_init
 .text.nrfx_gpiote_is_init
                0x00000000000286e8       0x14 Output/ble_app_uart_c_pca10040_s132 Release/Obj/nrfx_gpiote.o
                0x00000000000286e8                nrfx_gpiote_is_init
 .text.nrfx_gpiote_in_init
                0x00000000000286fc       0xf0 Output/ble_app_uart_c_pca10040_s132 Release/Obj/nrfx_gpiote.o
                0x00000000000286fc                nrfx_gpiote_in_init
 .text.nrfx_gpiote_in_event_enable
                0x00000000000287ec       0x8c Output/ble_app_uart_c_pca10040_s132 Release/Obj/nrfx_gpiote.o
                0x00000000000287ec                nrfx_gpiote_in_event_enable
 .text.nrfx_gpiote_in_is_set
                0x0000000000028878       0x12 Output/ble_app_uart_c_pca10040_s132 Release/Obj/nrfx_gpiote.o
                0x0000000000028878                nrfx_gpiote_in_is_set
 *fill*         0x000000000002888a        0x2 
 .text.GPIOTE_IRQHandler
                0x000000000002888c      0x17c Output/ble_app_uart_c_pca10040_s132 Release/Obj/nrfx_gpiote.o
                0x000000000002888c                GPIOTE_IRQHandler
 .text.UARTE0_UART0_IRQHandler
                0x0000000000028a08        0xc Output/ble_app_uart_c_pca10040_s132 Release/Obj/nrfx_prs.o
                0x0000000000028a08                UARTE0_UART0_IRQHandler
 .text.nrfx_prs_acquire
                0x0000000000028a14       0x40 Output/ble_app_uart_c_pca10040_s132 Release/Obj/nrfx_prs.o
                0x0000000000028a14                nrfx_prs_acquire
 .text.nrf_uart_event_clear
                0x0000000000028a54       0x10 Output/ble_app_uart_c_pca10040_s132 Release/Obj/nrfx_uart.o
 .text.tx_byte  0x0000000000028a64       0x1e Output/ble_app_uart_c_pca10040_s132 Release/Obj/nrfx_uart.o
 .text.rx_enable.isra.5
                0x0000000000028a82       0x20 Output/ble_app_uart_c_pca10040_s132 Release/Obj/nrfx_uart.o
 .text.rx_byte  0x0000000000028aa2       0x2c Output/ble_app_uart_c_pca10040_s132 Release/Obj/nrfx_uart.o
 *fill*         0x0000000000028ace        0x2 
 .text.rx_done_event.constprop.8
                0x0000000000028ad0       0x20 Output/ble_app_uart_c_pca10040_s132 Release/Obj/nrfx_uart.o
 .text.nrfx_uart_0_irq_handler
                0x0000000000028af0      0x13c Output/ble_app_uart_c_pca10040_s132 Release/Obj/nrfx_uart.o
                0x0000000000028af0                nrfx_uart_0_irq_handler
 .text.nrfx_uart_init
                0x0000000000028c2c      0x180 Output/ble_app_uart_c_pca10040_s132 Release/Obj/nrfx_uart.o
                0x0000000000028c2c                nrfx_uart_init
 .text.nrfx_uart_tx
                0x0000000000028dac       0x94 Output/ble_app_uart_c_pca10040_s132 Release/Obj/nrfx_uart.o
                0x0000000000028dac                nrfx_uart_tx
 .text.nrfx_uart_tx_in_progress
                0x0000000000028e40       0x18 Output/ble_app_uart_c_pca10040_s132 Release/Obj/nrfx_uart.o
                0x0000000000028e40                nrfx_uart_tx_in_progress
 .text.nrfx_uart_rx
                0x0000000000028e58       0xec Output/ble_app_uart_c_pca10040_s132 Release/Obj/nrfx_uart.o
                0x0000000000028e58                nrfx_uart_rx
 .text.nrf_uarte_event_clear
                0x0000000000028f44       0x10 Output/ble_app_uart_c_pca10040_s132 Release/Obj/nrfx_uarte.o
 .text.rx_done_event.constprop.7
                0x0000000000028f54       0x24 Output/ble_app_uart_c_pca10040_s132 Release/Obj/nrfx_uarte.o
 .text.nrfx_uarte_0_irq_handler
                0x0000000000028f78       0xec Output/ble_app_uart_c_pca10040_s132 Release/Obj/nrfx_uarte.o
                0x0000000000028f78                nrfx_uarte_0_irq_handler
 .text.nrfx_uarte_init
                0x0000000000029064      0x190 Output/ble_app_uart_c_pca10040_s132 Release/Obj/nrfx_uarte.o
                0x0000000000029064                nrfx_uarte_init
 .text.nrfx_uarte_tx
                0x00000000000291f4       0x88 Output/ble_app_uart_c_pca10040_s132 Release/Obj/nrfx_uarte.o
                0x00000000000291f4                nrfx_uarte_tx
 .text.nrfx_uarte_tx_in_progress
                0x000000000002927c       0x18 Output/ble_app_uart_c_pca10040_s132 Release/Obj/nrfx_uarte.o
                0x000000000002927c                nrfx_uarte_tx_in_progress
 .text.nrfx_uarte_rx
                0x0000000000029294       0xd8 Output/ble_app_uart_c_pca10040_s132 Release/Obj/nrfx_uarte.o
                0x0000000000029294                nrfx_uarte_rx
 .text.alert_timer_handler
                0x000000000002936c        0x6 Output/ble_app_uart_c_pca10040_s132 Release/Obj/bsp.o
 *fill*         0x0000000000029372        0x2 
 .text.bsp_button_event_handler
                0x0000000000029374       0x9c Output/ble_app_uart_c_pca10040_s132 Release/Obj/bsp.o
 .text.button_timer_handler
                0x0000000000029410        0x8 Output/ble_app_uart_c_pca10040_s132 Release/Obj/bsp.o
 .text.leds_off
                0x0000000000029418       0x2c Output/ble_app_uart_c_pca10040_s132 Release/Obj/bsp.o
 .text.bsp_led_indication
                0x0000000000029444      0x1fc Output/ble_app_uart_c_pca10040_s132 Release/Obj/bsp.o
 .text.leds_timer_handler
                0x0000000000029640       0x1c Output/ble_app_uart_c_pca10040_s132 Release/Obj/bsp.o
 .text.bsp_button_is_pressed
                0x000000000002965c        0xc Output/ble_app_uart_c_pca10040_s132 Release/Obj/bsp.o
                0x000000000002965c                bsp_button_is_pressed
 .text.bsp_indication_set
                0x0000000000029668       0x18 Output/ble_app_uart_c_pca10040_s132 Release/Obj/bsp.o
                0x0000000000029668                bsp_indication_set
 .text.bsp_init
                0x0000000000029680       0x9c Output/ble_app_uart_c_pca10040_s132 Release/Obj/bsp.o
                0x0000000000029680                bsp_init
 .text.bsp_event_to_button_action_assign
                0x000000000002971c       0x4c Output/ble_app_uart_c_pca10040_s132 Release/Obj/bsp.o
                0x000000000002971c                bsp_event_to_button_action_assign
 .text.bsp_wakeup_button_enable
                0x0000000000029768       0x30 Output/ble_app_uart_c_pca10040_s132 Release/Obj/bsp.o
                0x0000000000029768                bsp_wakeup_button_enable
 .text.advertising_buttons_configure
                0x0000000000029798       0x36 Output/ble_app_uart_c_pca10040_s132 Release/Obj/bsp_btn_ble.o
 *fill*         0x00000000000297ce        0x2 
 .text.ble_evt_handler
                0x00000000000297d0       0x80 Output/ble_app_uart_c_pca10040_s132 Release/Obj/bsp_btn_ble.o
 .text.bsp_btn_ble_sleep_mode_prepare
                0x0000000000029850       0x1e Output/ble_app_uart_c_pca10040_s132 Release/Obj/bsp_btn_ble.o
                0x0000000000029850                bsp_btn_ble_sleep_mode_prepare
 *fill*         0x000000000002986e        0x2 
 .text.bsp_btn_ble_init
                0x0000000000029870       0x40 Output/ble_app_uart_c_pca10040_s132 Release/Obj/bsp_btn_ble.o
                0x0000000000029870                bsp_btn_ble_init
 .text.sd_ble_gap_conn_param_update
                0x00000000000298b0        0x4 Output/ble_app_uart_c_pca10040_s132 Release/Obj/main.o
 .text.sd_ble_gap_disconnect
                0x00000000000298b4        0x4 Output/ble_app_uart_c_pca10040_s132 Release/Obj/main.o
 .text.sd_ble_gap_sec_params_reply
                0x00000000000298b8        0x4 Output/ble_app_uart_c_pca10040_s132 Release/Obj/main.o
 .text.sd_ble_gap_scan_start
                0x00000000000298bc        0x4 Output/ble_app_uart_c_pca10040_s132 Release/Obj/main.o
 .text.sd_ble_gap_connect
                0x00000000000298c0        0x4 Output/ble_app_uart_c_pca10040_s132 Release/Obj/main.o
 .text.sd_ble_gap_phy_update
                0x00000000000298c4        0x4 Output/ble_app_uart_c_pca10040_s132 Release/Obj/main.o
 .text.scan_start
                0x00000000000298c8       0x2c Output/ble_app_uart_c_pca10040_s132 Release/Obj/main.o
 .text.db_disc_handler
                0x00000000000298f4        0xc Output/ble_app_uart_c_pca10040_s132 Release/Obj/main.o
 .text.ble_evt_handler
                0x0000000000029900      0x158 Output/ble_app_uart_c_pca10040_s132 Release/Obj/main.o
 .text.uart_event_handle
                0x0000000000029a58       0x9c Output/ble_app_uart_c_pca10040_s132 Release/Obj/main.o
                0x0000000000029a58                uart_event_handle
 .text.shutdown_handler
                0x0000000000029af4       0x20 Output/ble_app_uart_c_pca10040_s132 Release/Obj/main.o
 .text.gatt_evt_handler
                0x0000000000029b14       0x50 Output/ble_app_uart_c_pca10040_s132 Release/Obj/main.o
                0x0000000000029b14                gatt_evt_handler
 .text.bsp_event_handler
                0x0000000000029b64       0x34 Output/ble_app_uart_c_pca10040_s132 Release/Obj/main.o
                0x0000000000029b64                bsp_event_handler
 .text.ble_nus_c_evt_handler
                0x0000000000029b98      0x118 Output/ble_app_uart_c_pca10040_s132 Release/Obj/main.o
 .text.gatt_init
                0x0000000000029cb0       0x2c Output/ble_app_uart_c_pca10040_s132 Release/Obj/main.o
                0x0000000000029cb0                gatt_init
 .text.startup.main
                0x0000000000029cdc      0x158 Output/ble_app_uart_c_pca10040_s132 Release/Obj/main.o
                0x0000000000029cdc                main
 .text._GetAvailWriteSpace
                0x0000000000029e34       0x1c Output/ble_app_uart_c_pca10040_s132 Release/Obj/SEGGER_RTT.o
 .text._WriteNoCheck
                0x0000000000029e50       0x3a Output/ble_app_uart_c_pca10040_s132 Release/Obj/SEGGER_RTT.o
 .text._WriteBlocking
                0x0000000000029e8a       0x52 Output/ble_app_uart_c_pca10040_s132 Release/Obj/SEGGER_RTT.o
 .text._DoInit  0x0000000000029edc       0x60 Output/ble_app_uart_c_pca10040_s132 Release/Obj/SEGGER_RTT.o
 .text.SEGGER_RTT_WriteNoLock
                0x0000000000029f3c       0x68 Output/ble_app_uart_c_pca10040_s132 Release/Obj/SEGGER_RTT.o
                0x0000000000029f3c                SEGGER_RTT_WriteNoLock
 .text.SEGGER_RTT_Init
                0x0000000000029fa4        0x4 Output/ble_app_uart_c_pca10040_s132 Release/Obj/SEGGER_RTT.o
                0x0000000000029fa4                SEGGER_RTT_Init
 .text.sd_ble_uuid_encode
                0x0000000000029fa8        0x4 Output/ble_app_uart_c_pca10040_s132 Release/Obj/ble_advdata.o
 .text.ble_advdata_search
                0x0000000000029fac       0x38 Output/ble_app_uart_c_pca10040_s132 Release/Obj/ble_advdata.o
                0x0000000000029fac                ble_advdata_search
 .text.ble_advdata_uuid_find
                0x0000000000029fe4       0x9e Output/ble_app_uart_c_pca10040_s132 Release/Obj/ble_advdata.o
                0x0000000000029fe4                ble_advdata_uuid_find
 .text.sd_ble_gattc_primary_services_discover
                0x000000000002a082        0x4 Output/ble_app_uart_c_pca10040_s132 Release/Obj/ble_db_discovery.o
 .text.sd_ble_gattc_characteristics_discover
                0x000000000002a086        0x4 Output/ble_app_uart_c_pca10040_s132 Release/Obj/ble_db_discovery.o
 .text.sd_ble_gattc_descriptors_discover
                0x000000000002a08a        0x4 Output/ble_app_uart_c_pca10040_s132 Release/Obj/ble_db_discovery.o
 *fill*         0x000000000002a08e        0x2 
 .text.registered_handler_get
                0x000000000002a090       0x40 Output/ble_app_uart_c_pca10040_s132 Release/Obj/ble_db_discovery.o
 .text.discovery_error_evt_trigger
                0x000000000002a0d0       0x38 Output/ble_app_uart_c_pca10040_s132 Release/Obj/ble_db_discovery.o
 .text.discovery_complete_evt_trigger
                0x000000000002a108       0x84 Output/ble_app_uart_c_pca10040_s132 Release/Obj/ble_db_discovery.o
 .text.characteristics_discover
                0x000000000002a18c       0x48 Output/ble_app_uart_c_pca10040_s132 Release/Obj/ble_db_discovery.o
 .text.discovery_start
                0x000000000002a1d4       0x60 Output/ble_app_uart_c_pca10040_s132 Release/Obj/ble_db_discovery.o
 .text.on_srv_disc_completion
                0x000000000002a234       0x74 Output/ble_app_uart_c_pca10040_s132 Release/Obj/ble_db_discovery.o
 .text.descriptors_discover
                0x000000000002a2a8       0xcc Output/ble_app_uart_c_pca10040_s132 Release/Obj/ble_db_discovery.o
 .text.ble_db_discovery_init
                0x000000000002a374       0x30 Output/ble_app_uart_c_pca10040_s132 Release/Obj/ble_db_discovery.o
                0x000000000002a374                ble_db_discovery_init
 .text.ble_db_discovery_evt_register
                0x000000000002a3a4       0x44 Output/ble_app_uart_c_pca10040_s132 Release/Obj/ble_db_discovery.o
                0x000000000002a3a4                ble_db_discovery_evt_register
 .text.ble_db_discovery_start
                0x000000000002a3e8       0x2c Output/ble_app_uart_c_pca10040_s132 Release/Obj/ble_db_discovery.o
                0x000000000002a3e8                ble_db_discovery_start
 .text.ble_db_discovery_on_ble_evt
                0x000000000002a414      0x248 Output/ble_app_uart_c_pca10040_s132 Release/Obj/ble_db_discovery.o
                0x000000000002a414                ble_db_discovery_on_ble_evt
 .text.sd_ble_gap_data_length_update
                0x000000000002a65c        0x4 Output/ble_app_uart_c_pca10040_s132 Release/Obj/nrf_ble_gatt.o
 .text.sd_ble_gattc_exchange_mtu_request
                0x000000000002a660        0x4 Output/ble_app_uart_c_pca10040_s132 Release/Obj/nrf_ble_gatt.o
 .text.sd_ble_gatts_exchange_mtu_reply
                0x000000000002a664        0x4 Output/ble_app_uart_c_pca10040_s132 Release/Obj/nrf_ble_gatt.o
 .text.data_length_update
                0x000000000002a668       0x84 Output/ble_app_uart_c_pca10040_s132 Release/Obj/nrf_ble_gatt.o
 .text.nrf_ble_gatt_init
                0x000000000002a6ec       0x2a Output/ble_app_uart_c_pca10040_s132 Release/Obj/nrf_ble_gatt.o
                0x000000000002a6ec                nrf_ble_gatt_init
 .text.nrf_ble_gatt_att_mtu_central_set
                0x000000000002a716       0x18 Output/ble_app_uart_c_pca10040_s132 Release/Obj/nrf_ble_gatt.o
                0x000000000002a716                nrf_ble_gatt_att_mtu_central_set
 *fill*         0x000000000002a72e        0x2 
 .text.nrf_ble_gatt_on_ble_evt
                0x000000000002a730      0x1a4 Output/ble_app_uart_c_pca10040_s132 Release/Obj/nrf_ble_gatt.o
                0x000000000002a730                nrf_ble_gatt_on_ble_evt
 .text.sd_ble_gattc_write
                0x000000000002a8d4        0x4 Output/ble_app_uart_c_pca10040_s132 Release/Obj/ble_nus_c.o
 .text.sd_ble_uuid_vs_add
                0x000000000002a8d8        0x4 Output/ble_app_uart_c_pca10040_s132 Release/Obj/ble_nus_c.o
 .text.ble_nus_c_on_db_disc_evt
                0x000000000002a8dc       0x9e Output/ble_app_uart_c_pca10040_s132 Release/Obj/ble_nus_c.o
                0x000000000002a8dc                ble_nus_c_on_db_disc_evt
 *fill*         0x000000000002a97a        0x2 
 .text.ble_nus_c_init
                0x000000000002a97c       0x60 Output/ble_app_uart_c_pca10040_s132 Release/Obj/ble_nus_c.o
                0x000000000002a97c                ble_nus_c_init
 .text.ble_nus_c_on_ble_evt
                0x000000000002a9dc       0x6c Output/ble_app_uart_c_pca10040_s132 Release/Obj/ble_nus_c.o
                0x000000000002a9dc                ble_nus_c_on_ble_evt
 .text.ble_nus_c_tx_notif_enable
                0x000000000002aa48       0x44 Output/ble_app_uart_c_pca10040_s132 Release/Obj/ble_nus_c.o
                0x000000000002aa48                ble_nus_c_tx_notif_enable
 .text.ble_nus_c_string_send
                0x000000000002aa8c       0x70 Output/ble_app_uart_c_pca10040_s132 Release/Obj/ble_nus_c.o
                0x000000000002aa8c                ble_nus_c_string_send
 .text.ble_nus_c_handles_assign
                0x000000000002aafc       0x1a Output/ble_app_uart_c_pca10040_s132 Release/Obj/ble_nus_c.o
                0x000000000002aafc                ble_nus_c_handles_assign
 .text.sd_softdevice_enable
                0x000000000002ab16        0x4 Output/ble_app_uart_c_pca10040_s132 Release/Obj/nrf_sdh.o
 *fill*         0x000000000002ab1a        0x2 
 .text.sdh_request_observer_notify
                0x000000000002ab1c       0x30 Output/ble_app_uart_c_pca10040_s132 Release/Obj/nrf_sdh.o
 .text.sdh_state_observer_notify
                0x000000000002ab4c       0x28 Output/ble_app_uart_c_pca10040_s132 Release/Obj/nrf_sdh.o
 .text.softdevices_evt_irq_enable
                0x000000000002ab74       0x38 Output/ble_app_uart_c_pca10040_s132 Release/Obj/nrf_sdh.o
 .text.nrf_sdh_enable_request
                0x000000000002abac       0x88 Output/ble_app_uart_c_pca10040_s132 Release/Obj/nrf_sdh.o
                0x000000000002abac                nrf_sdh_enable_request
 .text.nrf_sdh_is_enabled
                0x000000000002ac34        0xc Output/ble_app_uart_c_pca10040_s132 Release/Obj/nrf_sdh.o
                0x000000000002ac34                nrf_sdh_is_enabled
 .text.nrf_sdh_evts_poll
                0x000000000002ac40       0x28 Output/ble_app_uart_c_pca10040_s132 Release/Obj/nrf_sdh.o
                0x000000000002ac40                nrf_sdh_evts_poll
 .text.SWI2_EGU2_IRQHandler
                0x000000000002ac68        0x4 Output/ble_app_uart_c_pca10040_s132 Release/Obj/nrf_sdh.o
                0x000000000002ac68                SWI2_EGU2_IRQHandler
 .text.sd_ble_enable
                0x000000000002ac6c        0x4 Output/ble_app_uart_c_pca10040_s132 Release/Obj/nrf_sdh_ble.o
 .text.sd_ble_cfg_set
                0x000000000002ac70        0x4 Output/ble_app_uart_c_pca10040_s132 Release/Obj/nrf_sdh_ble.o
 .text.sd_ble_evt_get
                0x000000000002ac74        0x4 Output/ble_app_uart_c_pca10040_s132 Release/Obj/nrf_sdh_ble.o
 .text.nrf_sdh_ble_evts_poll.part.1
                0x000000000002ac78       0x4c Output/ble_app_uart_c_pca10040_s132 Release/Obj/nrf_sdh_ble.o
 .text.nrf_sdh_ble_evts_poll
                0x000000000002acc4       0x10 Output/ble_app_uart_c_pca10040_s132 Release/Obj/nrf_sdh_ble.o
 .text.nrf_sdh_ble_default_cfg_set
                0x000000000002acd4      0x190 Output/ble_app_uart_c_pca10040_s132 Release/Obj/nrf_sdh_ble.o
                0x000000000002acd4                nrf_sdh_ble_default_cfg_set
 .text.nrf_sdh_ble_enable
                0x000000000002ae64       0x94 Output/ble_app_uart_c_pca10040_s132 Release/Obj/nrf_sdh_ble.o
                0x000000000002ae64                nrf_sdh_ble_enable
 .text.sd_evt_get
                0x000000000002aef8        0x4 Output/ble_app_uart_c_pca10040_s132 Release/Obj/nrf_sdh_soc.o
 .text.nrf_sdh_soc_evts_poll
                0x000000000002aefc       0x3c Output/ble_app_uart_c_pca10040_s132 Release/Obj/nrf_sdh_soc.o
 .text.libc.__int64_udivmod
                0x000000000002af38       0xce C:/Program Files/SEGGER/SEGGER Embedded Studio for ARM 3.40/lib/libc_v7em_fpv4_sp_d16_hard_t_le_eabi.a(libc_asm.o)
                0x000000000002af38                __aeabi_uldivmod
                0x000000000002af38                __int64_udiv
                0x000000000002af38                __udivdi3
                0x000000000002af38                __int64_udivmod
 *fill*         0x000000000002b006        0x2 
 .text.libc.__RAL_ascii_isctype
                0x000000000002b008       0x1c C:/Program Files/SEGGER/SEGGER Embedded Studio for ARM 3.40/lib/libc_v7em_fpv4_sp_d16_hard_t_le_eabi.a(libc2.o)
 .text.libc.__RAL_ascii_toupper
                0x000000000002b024        0xc C:/Program Files/SEGGER/SEGGER Embedded Studio for ARM 3.40/lib/libc_v7em_fpv4_sp_d16_hard_t_le_eabi.a(libc2.o)
 .text.libc.__RAL_ascii_tolower
                0x000000000002b030        0xc C:/Program Files/SEGGER/SEGGER Embedded Studio for ARM 3.40/lib/libc_v7em_fpv4_sp_d16_hard_t_le_eabi.a(libc2.o)
 .text.libc.__RAL_ascii_iswctype
                0x000000000002b03c       0x1c C:/Program Files/SEGGER/SEGGER Embedded Studio for ARM 3.40/lib/libc_v7em_fpv4_sp_d16_hard_t_le_eabi.a(libc2.o)
 .text.libc.__RAL_ascii_towupper
                0x000000000002b058        0xc C:/Program Files/SEGGER/SEGGER Embedded Studio for ARM 3.40/lib/libc_v7em_fpv4_sp_d16_hard_t_le_eabi.a(libc2.o)
 .text.libc.__RAL_ascii_towlower
                0x000000000002b064        0xc C:/Program Files/SEGGER/SEGGER Embedded Studio for ARM 3.40/lib/libc_v7em_fpv4_sp_d16_hard_t_le_eabi.a(libc2.o)
 .text.libc.__RAL_ascii_wctomb
                0x000000000002b070        0xe C:/Program Files/SEGGER/SEGGER Embedded Studio for ARM 3.40/lib/libc_v7em_fpv4_sp_d16_hard_t_le_eabi.a(libc2.o)
                0x000000000002b070                __RAL_ascii_wctomb
 .text.libc.__RAL_ascii_mbtowc
                0x000000000002b07e       0x24 C:/Program Files/SEGGER/SEGGER Embedded Studio for ARM 3.40/lib/libc_v7em_fpv4_sp_d16_hard_t_le_eabi.a(libc2.o)
                0x000000000002b07e                __RAL_ascii_mbtowc
 .text.libc.__putc
                0x000000000002b0a2       0x34 C:/Program Files/SEGGER/SEGGER Embedded Studio for ARM 3.40/lib/libc_v7em_fpv4_sp_d16_hard_t_le_eabi.a(libc2.o)
                0x000000000002b0a2                __putc
 .text.libc.__RAL_print_padding
                0x000000000002b0d6       0x1c C:/Program Files/SEGGER/SEGGER Embedded Studio for ARM 3.40/lib/libc_v7em_fpv4_sp_d16_hard_t_le_eabi.a(libc2.o)
                0x000000000002b0d6                __RAL_print_padding
 .text.libc.__RAL_pre_padding
                0x000000000002b0f2       0x1c C:/Program Files/SEGGER/SEGGER Embedded Studio for ARM 3.40/lib/libc_v7em_fpv4_sp_d16_hard_t_le_eabi.a(libc2.o)
                0x000000000002b0f2                __RAL_pre_padding
 *fill*         0x000000000002b10e        0x2 
 .text.libc.__RAL_isctype
                0x000000000002b110       0x14 C:/Program Files/SEGGER/SEGGER Embedded Studio for ARM 3.40/lib/libc_v7em_fpv4_sp_d16_hard_t_le_eabi.a(libc2.o)
                0x000000000002b110                __RAL_isctype
 .text.libc.isprint
                0x000000000002b124        0xa C:/Program Files/SEGGER/SEGGER Embedded Studio for ARM 3.40/lib/libc_v7em_fpv4_sp_d16_hard_t_le_eabi.a(libc2.o)
                0x000000000002b124                isprint
 .text.libc.memcmp
                0x000000000002b12e       0x6c C:/Program Files/SEGGER/SEGGER Embedded Studio for ARM 3.40/lib/libc_v7em_fpv4_sp_d16_hard_t_le_eabi.a(libc2.o)
                0x000000000002b12e                memcmp
 *fill*         0x000000000002b19a        0x2 
 .text.libc.printf
                0x000000000002b19c       0x40 C:/Program Files/SEGGER/SEGGER Embedded Studio for ARM 3.40/lib/libc_v7em_fpv4_sp_d16_hard_t_le_eabi.a(libc2.o)
                0x000000000002b19c                printf
 .text.libc.strnlen
                0x000000000002b1dc       0x20 C:/Program Files/SEGGER/SEGGER Embedded Studio for ARM 3.40/lib/libc_v7em_fpv4_sp_d16_hard_t_le_eabi.a(libc2.o)
                0x000000000002b1dc                strnlen
 .text.libc.memcpy
                0x000000000002b1fc       0x52 C:/Program Files/SEGGER/SEGGER Embedded Studio for ARM 3.40/lib/libc_v7em_fpv4_sp_d16_hard_t_le_eabi.a(libc2_asm.o)
                0x000000000002b1fc                __aeabi_memcpy
                0x000000000002b1fc                memcpy
                0x000000000002b208                __aeabi_memcpy8
                0x000000000002b208                __aeabi_memcpy4
 .text.libc.memset
                0x000000000002b24e       0x66 C:/Program Files/SEGGER/SEGGER Embedded Studio for ARM 3.40/lib/libc_v7em_fpv4_sp_d16_hard_t_le_eabi.a(libc2_asm.o)
                0x000000000002b24e                memset
 .text.libc.strcpy
                0x000000000002b2b4       0x44 C:/Program Files/SEGGER/SEGGER Embedded Studio for ARM 3.40/lib/libc_v7em_fpv4_sp_d16_hard_t_le_eabi.a(libc2_asm.o)
                0x000000000002b2b4                strcpy
 .text.libc.strlen
                0x000000000002b2f8       0x60 C:/Program Files/SEGGER/SEGGER Embedded Studio for ARM 3.40/lib/libc_v7em_fpv4_sp_d16_hard_t_le_eabi.a(libc2_asm.o)
                0x000000000002b2f8                strlen
 .text.libc.__printf_lock
                0x000000000002b358        0x2 C:/Program Files/SEGGER/SEGGER Embedded Studio for ARM 3.40/lib/libc_v7em_fpv4_sp_d16_hard_t_le_eabi.a(libc.o)
                0x000000000002b358                __printf_lock
 .text.libc.__printf_unlock
                0x000000000002b35a        0x2 C:/Program Files/SEGGER/SEGGER Embedded Studio for ARM 3.40/lib/libc_v7em_fpv4_sp_d16_hard_t_le_eabi.a(libc.o)
                0x000000000002b35a                __printf_unlock
 .text.libc.__vfprintf_long
                0x000000000002b35c      0x730 C:/Program Files/SEGGER/SEGGER Embedded Studio for ARM 3.40/lib/libvfprintf_v7em_fpv4_sp_d16_hard_t_le_eabi.o
                0x000000000002b35c                __vfprintf_long
                0x000000000002ba8c                __text_end__ = (__text_start__ + SIZEOF (.text))
                0x0000000000005798                __text_size__ = SIZEOF (.text)
                0x000000000002ba8c                __text_load_end__ = __text_end__

.vfp11_veneer   0x0000000100000000        0x0
 .vfp11_veneer  0x0000000100000000        0x0 linker stubs

.v4_bx          0x0000000100000000        0x0
 .v4_bx         0x0000000100000000        0x0 linker stubs

.iplt           0x0000000100000000        0x0
 .iplt          0x0000000100000000        0x0 Output/ble_app_uart_c_pca10040_s132 Release/Obj/thumb_crt0.o
                0x0000000000000001                . = ASSERT (((__text_start__ == __text_end__) || ((__text_end__ >= __FLASH_segment_start__) && (__text_end__ <= __FLASH_segment_end__))), error: .text is too large to fit in FLASH memory segment)
                0x000000000002ba8c                __sdh_soc_observers_load_start__ = ALIGN (__text_end__, 0x4)

.sdh_soc_observers
                0x000000000002ba8c        0x8
                0x000000000002ba8c                __sdh_soc_observers_start__ = .
                0x000000000002ba8c                __start_sdh_soc_observers = __sdh_soc_observers_start__
 *(SORT_BY_NAME(.sdh_soc_observers*))
 .sdh_soc_observers0
                0x000000000002ba8c        0x8 Output/ble_app_uart_c_pca10040_s132 Release/Obj/nrf_drv_clock.o
                0x000000000002ba94                __sdh_soc_observers_end__ = (__sdh_soc_observers_start__ + SIZEOF (.sdh_soc_observers))
                0x0000000000000008                __sdh_soc_observers_size__ = SIZEOF (.sdh_soc_observers)
                0x000000000002ba94                __stop_sdh_soc_observers = __sdh_soc_observers_end__
                0x000000000002ba94                __sdh_soc_observers_load_end__ = __sdh_soc_observers_end__
                0x0000000000000001                . = ASSERT (((__sdh_soc_observers_start__ == __sdh_soc_observers_end__) || ((__sdh_soc_observers_end__ >= __FLASH_segment_start__) && (__sdh_soc_observers_end__ <= __FLASH_segment_end__))), error: .sdh_soc_observers is too large to fit in FLASH memory segment)
                0x000000000002ba94                __pwr_mgmt_data_load_start__ = ALIGN (__sdh_soc_observers_end__, 0x4)

.pwr_mgmt_data  0x000000000002ba94        0x4
                0x000000000002ba94                __pwr_mgmt_data_start__ = .
                0x000000000002ba94                __start_pwr_mgmt_data = __pwr_mgmt_data_start__
 *(SORT_BY_NAME(.pwr_mgmt_data*))
 .pwr_mgmt_data1
                0x000000000002ba94        0x4 Output/ble_app_uart_c_pca10040_s132 Release/Obj/main.o
                0x000000000002ba98                __pwr_mgmt_data_end__ = (__pwr_mgmt_data_start__ + SIZEOF (.pwr_mgmt_data))
                0x0000000000000004                __pwr_mgmt_data_size__ = SIZEOF (.pwr_mgmt_data)
                0x000000000002ba98                __stop_pwr_mgmt_data = __pwr_mgmt_data_end__
                0x000000000002ba98                __pwr_mgmt_data_load_end__ = __pwr_mgmt_data_end__
                0x0000000000000001                . = ASSERT (((__pwr_mgmt_data_start__ == __pwr_mgmt_data_end__) || ((__pwr_mgmt_data_end__ >= __FLASH_segment_start__) && (__pwr_mgmt_data_end__ <= __FLASH_segment_end__))), error: .pwr_mgmt_data is too large to fit in FLASH memory segment)
                0x000000000002ba98                __log_const_data_load_start__ = ALIGN (__pwr_mgmt_data_end__, 0x4)

.log_const_data
                0x000000000002ba98       0x78
                0x000000000002ba98                __log_const_data_start__ = .
                0x000000000002ba98                __start_log_const_data = __log_const_data_start__
 *(SORT_BY_NAME(.log_const_data*))
 .log_const_data_CLOCK
                0x000000000002ba98        0x8 Output/ble_app_uart_c_pca10040_s132 Release/Obj/nrfx_clock.o
                0x000000000002ba98                m_nrf_log_CLOCK_logs_data_const
 .log_const_data_GPIOTE
                0x000000000002baa0        0x8 Output/ble_app_uart_c_pca10040_s132 Release/Obj/nrfx_gpiote.o
                0x000000000002baa0                m_nrf_log_GPIOTE_logs_data_const
 .log_const_data_PRS
                0x000000000002baa8        0x8 Output/ble_app_uart_c_pca10040_s132 Release/Obj/nrfx_prs.o
                0x000000000002baa8                m_nrf_log_PRS_logs_data_const
 .log_const_data_UART
                0x000000000002bab0        0x8 Output/ble_app_uart_c_pca10040_s132 Release/Obj/nrfx_uart.o
                0x000000000002bab0                m_nrf_log_UART_logs_data_const
 .log_const_data_UARTE
                0x000000000002bab8        0x8 Output/ble_app_uart_c_pca10040_s132 Release/Obj/nrfx_uarte.o
                0x000000000002bab8                m_nrf_log_UARTE_logs_data_const
 .log_const_data_app
                0x000000000002bac0        0x8 Output/ble_app_uart_c_pca10040_s132 Release/Obj/nrf_log_frontend.o
                0x000000000002bac0                m_nrf_log_app_logs_data_const
 .log_const_data_balloc_log_mempool
                0x000000000002bac8        0x8 Output/ble_app_uart_c_pca10040_s132 Release/Obj/nrf_log_frontend.o
                0x000000000002bac8                m_nrf_log_balloc_log_mempool_logs_data_const
 .log_const_data_ble_db_disc
                0x000000000002bad0        0x8 Output/ble_app_uart_c_pca10040_s132 Release/Obj/ble_db_discovery.o
                0x000000000002bad0                m_nrf_log_ble_db_disc_logs_data_const
 .log_const_data_ble_nus
                0x000000000002bad8        0x8 Output/ble_app_uart_c_pca10040_s132 Release/Obj/ble_nus_c.o
                0x000000000002bad8                m_nrf_log_ble_nus_logs_data_const
 .log_const_data_clock
                0x000000000002bae0        0x8 Output/ble_app_uart_c_pca10040_s132 Release/Obj/nrf_drv_clock.o
                0x000000000002bae0                m_nrf_log_clock_logs_data_const
 .log_const_data_nrf_ble_gatt
                0x000000000002bae8        0x8 Output/ble_app_uart_c_pca10040_s132 Release/Obj/nrf_ble_gatt.o
                0x000000000002bae8                m_nrf_log_nrf_ble_gatt_logs_data_const
 .log_const_data_nrf_sdh
                0x000000000002baf0        0x8 Output/ble_app_uart_c_pca10040_s132 Release/Obj/nrf_sdh.o
                0x000000000002baf0                m_nrf_log_nrf_sdh_logs_data_const
 .log_const_data_nrf_sdh_ble
                0x000000000002baf8        0x8 Output/ble_app_uart_c_pca10040_s132 Release/Obj/nrf_sdh_ble.o
                0x000000000002baf8                m_nrf_log_nrf_sdh_ble_logs_data_const
 .log_const_data_nrf_sdh_soc
                0x000000000002bb00        0x8 Output/ble_app_uart_c_pca10040_s132 Release/Obj/nrf_sdh_soc.o
                0x000000000002bb00                m_nrf_log_nrf_sdh_soc_logs_data_const
 .log_const_data_pwr_mgmt
                0x000000000002bb08        0x8 Output/ble_app_uart_c_pca10040_s132 Release/Obj/nrf_pwr_mgmt.o
                0x000000000002bb08                m_nrf_log_pwr_mgmt_logs_data_const
                0x000000000002bb10                __log_const_data_end__ = (__log_const_data_start__ + SIZEOF (.log_const_data))
                0x0000000000000078                __log_const_data_size__ = SIZEOF (.log_const_data)
                0x000000000002bb10                __stop_log_const_data = __log_const_data_end__
                0x000000000002bb10                __log_const_data_load_end__ = __log_const_data_end__
                0x0000000000000001                . = ASSERT (((__log_const_data_start__ == __log_const_data_end__) || ((__log_const_data_end__ >= __FLASH_segment_start__) && (__log_const_data_end__ <= __FLASH_segment_end__))), error: .log_const_data is too large to fit in FLASH memory segment)
                0x000000000002bb10                __nrf_balloc_load_start__ = ALIGN (__log_const_data_end__, 0x4)

.nrf_balloc     0x000000000002bb10       0x18
                0x000000000002bb10                __nrf_balloc_start__ = .
                0x000000000002bb10                __start_nrf_balloc = __nrf_balloc_start__
 *(.nrf_balloc*)
 .nrf_balloc    0x000000000002bb10       0x18 Output/ble_app_uart_c_pca10040_s132 Release/Obj/nrf_log_frontend.o
                0x000000000002bb10                log_mempool
                0x000000000002bb28                __nrf_balloc_end__ = (__nrf_balloc_start__ + SIZEOF (.nrf_balloc))
                0x0000000000000018                __nrf_balloc_size__ = SIZEOF (.nrf_balloc)
                0x000000000002bb28                __stop_nrf_balloc = __nrf_balloc_end__
                0x000000000002bb28                __nrf_balloc_load_end__ = __nrf_balloc_end__
                0x0000000000000001                . = ASSERT (((__nrf_balloc_start__ == __nrf_balloc_end__) || ((__nrf_balloc_end__ >= __FLASH_segment_start__) && (__nrf_balloc_end__ <= __FLASH_segment_end__))), error: .nrf_balloc is too large to fit in FLASH memory segment)
                0x000000000002bb28                __sdh_state_observers_load_start__ = ALIGN (__nrf_balloc_end__, 0x4)

.sdh_state_observers
                0x000000000002bb28        0x8
                0x000000000002bb28                __sdh_state_observers_start__ = .
                0x000000000002bb28                __start_sdh_state_observers = __sdh_state_observers_start__
 *(SORT_BY_NAME(.sdh_state_observers*))
 .sdh_state_observers0
                0x000000000002bb28        0x8 Output/ble_app_uart_c_pca10040_s132 Release/Obj/nrf_drv_clock.o
                0x000000000002bb30                __sdh_state_observers_end__ = (__sdh_state_observers_start__ + SIZEOF (.sdh_state_observers))
                0x0000000000000008                __sdh_state_observers_size__ = SIZEOF (.sdh_state_observers)
                0x000000000002bb30                __stop_sdh_state_observers = __sdh_state_observers_end__
                0x000000000002bb30                __sdh_state_observers_load_end__ = __sdh_state_observers_end__
                0x0000000000000001                . = ASSERT (((__sdh_state_observers_start__ == __sdh_state_observers_end__) || ((__sdh_state_observers_end__ >= __FLASH_segment_start__) && (__sdh_state_observers_end__ <= __FLASH_segment_end__))), error: .sdh_state_observers is too large to fit in FLASH memory segment)
                0x000000000002bb30                __sdh_stack_observers_load_start__ = ALIGN (__sdh_state_observers_end__, 0x4)

.sdh_stack_observers
                0x000000000002bb30       0x10
                0x000000000002bb30                __sdh_stack_observers_start__ = .
                0x000000000002bb30                __start_sdh_stack_observers = __sdh_stack_observers_start__
 *(SORT_BY_NAME(.sdh_stack_observers*))
 .sdh_stack_observers0
                0x000000000002bb30        0x8 Output/ble_app_uart_c_pca10040_s132 Release/Obj/nrf_sdh_ble.o
 .sdh_stack_observers0
                0x000000000002bb38        0x8 Output/ble_app_uart_c_pca10040_s132 Release/Obj/nrf_sdh_soc.o
                0x000000000002bb40                __sdh_stack_observers_end__ = (__sdh_stack_observers_start__ + SIZEOF (.sdh_stack_observers))
                0x0000000000000010                __sdh_stack_observers_size__ = SIZEOF (.sdh_stack_observers)
                0x000000000002bb40                __stop_sdh_stack_observers = __sdh_stack_observers_end__
                0x000000000002bb40                __sdh_stack_observers_load_end__ = __sdh_stack_observers_end__
                0x0000000000000001                . = ASSERT (((__sdh_stack_observers_start__ == __sdh_stack_observers_end__) || ((__sdh_stack_observers_end__ >= __FLASH_segment_start__) && (__sdh_stack_observers_end__ <= __FLASH_segment_end__))), error: .sdh_stack_observers is too large to fit in FLASH memory segment)
                0x000000000002bb40                __sdh_req_observers_load_start__ = ALIGN (__sdh_stack_observers_end__, 0x4)

.sdh_req_observers
                0x000000000002bb40        0x0
                0x000000000002bb40                __sdh_req_observers_start__ = .
                0x000000000002bb40                __start_sdh_req_observers = __sdh_req_observers_start__
 *(SORT_BY_NAME(.sdh_req_observers*))
                0x000000000002bb40                __sdh_req_observers_end__ = (__sdh_req_observers_start__ + SIZEOF (.sdh_req_observers))
                0x0000000000000000                __sdh_req_observers_size__ = SIZEOF (.sdh_req_observers)
                0x000000000002bb40                __stop_sdh_req_observers = __sdh_req_observers_end__
                0x000000000002bb40                __sdh_req_observers_load_end__ = __sdh_req_observers_end__
                0x0000000000000001                . = ASSERT (((__sdh_req_observers_start__ == __sdh_req_observers_end__) || ((__sdh_req_observers_end__ >= __FLASH_segment_start__) && (__sdh_req_observers_end__ <= __FLASH_segment_end__))), error: .sdh_req_observers is too large to fit in FLASH memory segment)
                0x000000000002bb40                __nrf_queue_load_start__ = ALIGN (__sdh_req_observers_end__, 0x4)

.nrf_queue      0x000000000002bb40        0x0
                0x000000000002bb40                __nrf_queue_start__ = .
                0x000000000002bb40                __start_nrf_queue = __nrf_queue_start__
 *(.nrf_queue*)
                0x000000000002bb40                __nrf_queue_end__ = (__nrf_queue_start__ + SIZEOF (.nrf_queue))
                0x0000000000000000                __nrf_queue_size__ = SIZEOF (.nrf_queue)
                0x000000000002bb40                __stop_nrf_queue = __nrf_queue_end__
                0x000000000002bb40                __nrf_queue_load_end__ = __nrf_queue_end__
                0x0000000000000001                . = ASSERT (((__nrf_queue_start__ == __nrf_queue_end__) || ((__nrf_queue_end__ >= __FLASH_segment_start__) && (__nrf_queue_end__ <= __FLASH_segment_end__))), error: .nrf_queue is too large to fit in FLASH memory segment)
                0x000000000002bb40                __cli_command_load_start__ = ALIGN (__nrf_queue_end__, 0x4)

.cli_command    0x000000000002bb40        0x0
                0x000000000002bb40                __cli_command_start__ = .
                0x000000000002bb40                __start_cli_command = __cli_command_start__
 *(.cli_command*)
                0x000000000002bb40                __cli_command_end__ = (__cli_command_start__ + SIZEOF (.cli_command))
                0x0000000000000000                __cli_command_size__ = SIZEOF (.cli_command)
                0x000000000002bb40                __stop_cli_command = __cli_command_end__
                0x000000000002bb40                __cli_command_load_end__ = __cli_command_end__
                0x0000000000000001                . = ASSERT (((__cli_command_start__ == __cli_command_end__) || ((__cli_command_end__ >= __FLASH_segment_start__) && (__cli_command_end__ <= __FLASH_segment_end__))), error: .cli_command is too large to fit in FLASH memory segment)
                0x000000000002bb40                __crypto_data_load_start__ = ALIGN (__cli_command_end__, 0x4)

.crypto_data    0x000000000002bb40        0x0
                0x000000000002bb40                __crypto_data_start__ = .
                0x000000000002bb40                __start_crypto_data = __crypto_data_start__
 *(SORT_BY_NAME(.crypto_data*))
                0x000000000002bb40                __crypto_data_end__ = (__crypto_data_start__ + SIZEOF (.crypto_data))
                0x0000000000000000                __crypto_data_size__ = SIZEOF (.crypto_data)
                0x000000000002bb40                __stop_crypto_data = __crypto_data_end__
                0x000000000002bb40                __crypto_data_load_end__ = __crypto_data_end__
                0x0000000000000001                . = ASSERT (((__crypto_data_start__ == __crypto_data_end__) || ((__crypto_data_end__ >= __FLASH_segment_start__) && (__crypto_data_end__ <= __FLASH_segment_end__))), error: .crypto_data is too large to fit in FLASH memory segment)
                0x000000000002bb40                __sdh_ble_observers_load_start__ = ALIGN (__crypto_data_end__, 0x4)

.sdh_ble_observers
                0x000000000002bb40       0x28
                0x000000000002bb40                __sdh_ble_observers_start__ = .
                0x000000000002bb40                __start_sdh_ble_observers = __sdh_ble_observers_start__
 *(SORT_BY_NAME(.sdh_ble_observers*))
 .sdh_ble_observers1
                0x000000000002bb40        0x8 Output/ble_app_uart_c_pca10040_s132 Release/Obj/bsp_btn_ble.o
 .sdh_ble_observers1
                0x000000000002bb48       0x10 Output/ble_app_uart_c_pca10040_s132 Release/Obj/main.o
 .sdh_ble_observers2
                0x000000000002bb58        0x8 Output/ble_app_uart_c_pca10040_s132 Release/Obj/main.o
 .sdh_ble_observers3
                0x000000000002bb60        0x8 Output/ble_app_uart_c_pca10040_s132 Release/Obj/main.o
                0x000000000002bb68                __sdh_ble_observers_end__ = (__sdh_ble_observers_start__ + SIZEOF (.sdh_ble_observers))
                0x0000000000000028                __sdh_ble_observers_size__ = SIZEOF (.sdh_ble_observers)
                0x000000000002bb68                __stop_sdh_ble_observers = __sdh_ble_observers_end__
                0x000000000002bb68                __sdh_ble_observers_load_end__ = __sdh_ble_observers_end__
                0x0000000000000001                . = ASSERT (((__sdh_ble_observers_start__ == __sdh_ble_observers_end__) || ((__sdh_ble_observers_end__ >= __FLASH_segment_start__) && (__sdh_ble_observers_end__ <= __FLASH_segment_end__))), error: .sdh_ble_observers is too large to fit in FLASH memory segment)
                0x000000000002bb68                __nrf_sections_load_start__ = ALIGN (__sdh_ble_observers_end__, 0x4)

.nrf_sections   0x000000000002bb68        0x0
                0x000000000002bb68                __nrf_sections_start__ = .
                0x000000000002bb68                __start_nrf_sections = __nrf_sections_start__
 *(.nrf_sections .nrf_sections.*)
                0x000000000002bb68                __nrf_sections_end__ = (__nrf_sections_start__ + SIZEOF (.nrf_sections))
                0x0000000000000000                __nrf_sections_size__ = SIZEOF (.nrf_sections)
                0x000000000002bb68                __nrf_sections_load_end__ = __nrf_sections_end__
                0x0000000000000001                . = ASSERT (((__nrf_sections_start__ == __nrf_sections_end__) || ((__nrf_sections_end__ >= __FLASH_segment_start__) && (__nrf_sections_end__ <= __FLASH_segment_end__))), error: .nrf_sections is too large to fit in FLASH memory segment)
                0x000000000002bb68                __log_dynamic_data_load_start__ = ALIGN (__nrf_sections_end__, 0x4)

.log_dynamic_data
                0x00000000200029e0       0x3c load address 0x000000000002bb68
                0x00000000200029e0                __log_dynamic_data_start__ = .
 *(SORT_BY_NAME(.log_dynamic_data*))
 .log_dynamic_data_CLOCK
                0x00000000200029e0        0x4 Output/ble_app_uart_c_pca10040_s132 Release/Obj/nrfx_clock.o
                0x00000000200029e0                m_nrf_log_CLOCK_logs_data_dynamic
 .log_dynamic_data_GPIOTE
                0x00000000200029e4        0x4 Output/ble_app_uart_c_pca10040_s132 Release/Obj/nrfx_gpiote.o
                0x00000000200029e4                m_nrf_log_GPIOTE_logs_data_dynamic
 .log_dynamic_data_PRS
                0x00000000200029e8        0x4 Output/ble_app_uart_c_pca10040_s132 Release/Obj/nrfx_prs.o
                0x00000000200029e8                m_nrf_log_PRS_logs_data_dynamic
 .log_dynamic_data_UART
                0x00000000200029ec        0x4 Output/ble_app_uart_c_pca10040_s132 Release/Obj/nrfx_uart.o
                0x00000000200029ec                m_nrf_log_UART_logs_data_dynamic
 .log_dynamic_data_UARTE
                0x00000000200029f0        0x4 Output/ble_app_uart_c_pca10040_s132 Release/Obj/nrfx_uarte.o
                0x00000000200029f0                m_nrf_log_UARTE_logs_data_dynamic
 .log_dynamic_data_app
                0x00000000200029f4        0x4 Output/ble_app_uart_c_pca10040_s132 Release/Obj/nrf_log_frontend.o
                0x00000000200029f4                m_nrf_log_app_logs_data_dynamic
 .log_dynamic_data_balloc_log_mempool
                0x00000000200029f8        0x4 Output/ble_app_uart_c_pca10040_s132 Release/Obj/nrf_log_frontend.o
                0x00000000200029f8                m_nrf_log_balloc_log_mempool_logs_data_dynamic
 .log_dynamic_data_ble_db_disc
                0x00000000200029fc        0x4 Output/ble_app_uart_c_pca10040_s132 Release/Obj/ble_db_discovery.o
                0x00000000200029fc                m_nrf_log_ble_db_disc_logs_data_dynamic
 .log_dynamic_data_ble_nus
                0x0000000020002a00        0x4 Output/ble_app_uart_c_pca10040_s132 Release/Obj/ble_nus_c.o
                0x0000000020002a00                m_nrf_log_ble_nus_logs_data_dynamic
 .log_dynamic_data_clock
                0x0000000020002a04        0x4 Output/ble_app_uart_c_pca10040_s132 Release/Obj/nrf_drv_clock.o
                0x0000000020002a04                m_nrf_log_clock_logs_data_dynamic
 .log_dynamic_data_nrf_ble_gatt
                0x0000000020002a08        0x4 Output/ble_app_uart_c_pca10040_s132 Release/Obj/nrf_ble_gatt.o
                0x0000000020002a08                m_nrf_log_nrf_ble_gatt_logs_data_dynamic
 .log_dynamic_data_nrf_sdh
                0x0000000020002a0c        0x4 Output/ble_app_uart_c_pca10040_s132 Release/Obj/nrf_sdh.o
                0x0000000020002a0c                m_nrf_log_nrf_sdh_logs_data_dynamic
 .log_dynamic_data_nrf_sdh_ble
                0x0000000020002a10        0x4 Output/ble_app_uart_c_pca10040_s132 Release/Obj/nrf_sdh_ble.o
                0x0000000020002a10                m_nrf_log_nrf_sdh_ble_logs_data_dynamic
 .log_dynamic_data_nrf_sdh_soc
                0x0000000020002a14        0x4 Output/ble_app_uart_c_pca10040_s132 Release/Obj/nrf_sdh_soc.o
                0x0000000020002a14                m_nrf_log_nrf_sdh_soc_logs_data_dynamic
 .log_dynamic_data_pwr_mgmt
                0x0000000020002a18        0x4 Output/ble_app_uart_c_pca10040_s132 Release/Obj/nrf_pwr_mgmt.o
                0x0000000020002a18                m_nrf_log_pwr_mgmt_logs_data_dynamic
                0x0000000020002a1c                __log_dynamic_data_end__ = (__log_dynamic_data_start__ + SIZEOF (.log_dynamic_data))
                0x000000000000003c                __log_dynamic_data_size__ = SIZEOF (.log_dynamic_data)
                0x000000000002bba4                __log_dynamic_data_load_end__ = (__log_dynamic_data_load_start__ + SIZEOF (.log_dynamic_data))
                0x0000000000000001                . = ASSERT (((__log_dynamic_data_load_start__ == __log_dynamic_data_load_end__) || ((__log_dynamic_data_load_end__ >= __FLASH_segment_start__) && (__log_dynamic_data_load_end__ <= __FLASH_segment_end__))), error: .log_dynamic_data is too large to fit in FLASH memory segment)

.log_dynamic_data_run
                0x00000000200029e0       0x3c load address 0x000000000002bb68
                0x00000000200029e0                __log_dynamic_data_run_start__ = .
                0x00000000200029e0                __start_log_dynamic_data = __log_dynamic_data_run_start__
                0x0000000020002a1c                . = MAX ((__log_dynamic_data_run_start__ + SIZEOF (.log_dynamic_data)), .)
 *fill*         0x00000000200029e0       0x3c 
                0x0000000020002a1c                __log_dynamic_data_run_end__ = (__log_dynamic_data_run_start__ + SIZEOF (.log_dynamic_data_run))
                0x000000000000003c                __log_dynamic_data_run_size__ = SIZEOF (.log_dynamic_data_run)
                0x0000000020002a1c                __stop_log_dynamic_data = __log_dynamic_data_run_end__
                0x0000000020002a1c                __log_dynamic_data_run_load_end__ = __log_dynamic_data_run_end__
                0x0000000000000001                . = ASSERT (((__log_dynamic_data_run_start__ == __log_dynamic_data_run_end__) || ((__log_dynamic_data_run_end__ >= __RAM_segment_start__) && (__log_dynamic_data_run_end__ <= __RAM_segment_end__))), error: .log_dynamic_data_run is too large to fit in RAM memory segment)
                0x000000000002bba4                __cli_sorted_cmd_ptrs_load_start__ = ALIGN ((__log_dynamic_data_load_start__ + SIZEOF (.log_dynamic_data)), 0x4)

.cli_sorted_cmd_ptrs
                0x0000000020002a1c        0x0 load address 0x000000000002bba4
                0x0000000020002a1c                __cli_sorted_cmd_ptrs_start__ = .
 *(.cli_sorted_cmd_ptrs*)
                0x0000000020002a1c                __cli_sorted_cmd_ptrs_end__ = (__cli_sorted_cmd_ptrs_start__ + SIZEOF (.cli_sorted_cmd_ptrs))
                0x0000000000000000                __cli_sorted_cmd_ptrs_size__ = SIZEOF (.cli_sorted_cmd_ptrs)
                0x000000000002bba4                __cli_sorted_cmd_ptrs_load_end__ = (__cli_sorted_cmd_ptrs_load_start__ + SIZEOF (.cli_sorted_cmd_ptrs))
                0x0000000000000001                . = ASSERT (((__cli_sorted_cmd_ptrs_load_start__ == __cli_sorted_cmd_ptrs_load_end__) || ((__cli_sorted_cmd_ptrs_load_end__ >= __FLASH_segment_start__) && (__cli_sorted_cmd_ptrs_load_end__ <= __FLASH_segment_end__))), error: .cli_sorted_cmd_ptrs is too large to fit in FLASH memory segment)

.cli_sorted_cmd_ptrs_run
                0x0000000020002a1c        0x0
                0x0000000020002a1c                __cli_sorted_cmd_ptrs_run_start__ = .
                0x0000000020002a1c                __start_cli_sorted_cmd_ptrs = __cli_sorted_cmd_ptrs_run_start__
                0x0000000020002a1c                . = MAX ((__cli_sorted_cmd_ptrs_run_start__ + SIZEOF (.cli_sorted_cmd_ptrs)), .)
                0x0000000020002a1c                __cli_sorted_cmd_ptrs_run_end__ = (__cli_sorted_cmd_ptrs_run_start__ + SIZEOF (.cli_sorted_cmd_ptrs_run))
                0x0000000000000000                __cli_sorted_cmd_ptrs_run_size__ = SIZEOF (.cli_sorted_cmd_ptrs_run)
                0x0000000020002a1c                __stop_cli_sorted_cmd_ptrs = __cli_sorted_cmd_ptrs_run_end__
                0x0000000020002a1c                __cli_sorted_cmd_ptrs_run_load_end__ = __cli_sorted_cmd_ptrs_run_end__
                0x0000000000000001                . = ASSERT (((__cli_sorted_cmd_ptrs_run_start__ == __cli_sorted_cmd_ptrs_run_end__) || ((__cli_sorted_cmd_ptrs_run_end__ >= __RAM_segment_start__) && (__cli_sorted_cmd_ptrs_run_end__ <= __RAM_segment_end__))), error: .cli_sorted_cmd_ptrs_run is too large to fit in RAM memory segment)
                0x000000000002bba4                __fs_data_load_start__ = ALIGN ((__cli_sorted_cmd_ptrs_load_start__ + SIZEOF (.cli_sorted_cmd_ptrs)), 0x4)

.fs_data        0x0000000020002a1c        0x0 load address 0x000000000002bba4
                0x0000000020002a1c                __fs_data_start__ = .
 *(.fs_data*)
                0x0000000020002a1c                __fs_data_end__ = (__fs_data_start__ + SIZEOF (.fs_data))
                0x0000000000000000                __fs_data_size__ = SIZEOF (.fs_data)
                0x000000000002bba4                __fs_data_load_end__ = (__fs_data_load_start__ + SIZEOF (.fs_data))
                0x0000000000000001                . = ASSERT (((__fs_data_load_start__ == __fs_data_load_end__) || ((__fs_data_load_end__ >= __FLASH_segment_start__) && (__fs_data_load_end__ <= __FLASH_segment_end__))), error: .fs_data is too large to fit in FLASH memory segment)

.fs_data_run    0x0000000020002a1c        0x0
                0x0000000020002a1c                __fs_data_run_start__ = .
                0x0000000020002a1c                __start_fs_data = __fs_data_run_start__
                0x0000000020002a1c                . = MAX ((__fs_data_run_start__ + SIZEOF (.fs_data)), .)
                0x0000000020002a1c                __fs_data_run_end__ = (__fs_data_run_start__ + SIZEOF (.fs_data_run))
                0x0000000000000000                __fs_data_run_size__ = SIZEOF (.fs_data_run)
                0x0000000020002a1c                __stop_fs_data = __fs_data_run_end__
                0x0000000020002a1c                __fs_data_run_load_end__ = __fs_data_run_end__
                0x0000000000000001                . = ASSERT (((__fs_data_run_start__ == __fs_data_run_end__) || ((__fs_data_run_end__ >= __RAM_segment_start__) && (__fs_data_run_end__ <= __RAM_segment_end__))), error: .fs_data_run is too large to fit in RAM memory segment)
                0x0000000020002a1c                __nrf_sections_run_end_load_start__ = ALIGN (__fs_data_run_end__, 0x4)

.nrf_sections_run_end
                0x0000000020002a1c        0x0
                0x0000000020002a1c                __nrf_sections_run_end_start__ = .
                0x0000000020002a1c                __end_nrf_sections_run = __nrf_sections_run_end_start__
 *(.nrf_sections_run_end .nrf_sections_run_end.*)
                0x0000000020002a1c                __nrf_sections_run_end_end__ = (__nrf_sections_run_end_start__ + SIZEOF (.nrf_sections_run_end))
                0x0000000000000000                __nrf_sections_run_end_size__ = SIZEOF (.nrf_sections_run_end)
                0x0000000020002a1c                __nrf_sections_run_end_load_end__ = __nrf_sections_run_end_end__
                0x0000000000000001                . = ASSERT (((__nrf_sections_run_end_start__ == __nrf_sections_run_end_end__) || ((__nrf_sections_run_end_end__ >= __RAM_segment_start__) && (__nrf_sections_run_end_end__ <= __RAM_segment_end__))), error: .nrf_sections_run_end is too large to fit in RAM memory segment)
                0x000000000002bba4                __dtors_load_start__ = ALIGN ((__fs_data_load_start__ + SIZEOF (.fs_data)), 0x4)

.dtors          0x000000000002bba4        0x0
                0x000000000002bba4                __dtors_start__ = .
 *(SORT_BY_NAME(.dtors.*))
 *(.dtors)
 *(.fini_array)
 *(SORT_BY_NAME(.fini_array.*))
                0x000000000002bba4                __dtors_end__ = (__dtors_start__ + SIZEOF (.dtors))
                0x0000000000000000                __dtors_size__ = SIZEOF (.dtors)
                0x000000000002bba4                __dtors_load_end__ = __dtors_end__
                0x0000000000000001                . = ASSERT (((__dtors_start__ == __dtors_end__) || ((__dtors_end__ >= __FLASH_segment_start__) && (__dtors_end__ <= __FLASH_segment_end__))), error: .dtors is too large to fit in FLASH memory segment)
                0x000000000002bba4                __ctors_load_start__ = ALIGN (__dtors_end__, 0x4)

.ctors          0x000000000002bba4        0x0
                0x000000000002bba4                __ctors_start__ = .
 *(SORT_BY_NAME(.ctors.*))
 *(.ctors)
 *(.init_array)
 *(SORT_BY_NAME(.init_array.*))
                0x000000000002bba4                __ctors_end__ = (__ctors_start__ + SIZEOF (.ctors))
                0x0000000000000000                __ctors_size__ = SIZEOF (.ctors)
                0x000000000002bba4                __ctors_load_end__ = __ctors_end__
                0x0000000000000001                . = ASSERT (((__ctors_start__ == __ctors_end__) || ((__ctors_end__ >= __FLASH_segment_start__) && (__ctors_end__ <= __FLASH_segment_end__))), error: .ctors is too large to fit in FLASH memory segment)
                0x000000000002bba4                __rodata_load_start__ = ALIGN (__ctors_end__, 0x4)

.rodata         0x000000000002bba4      0xfe8
                0x000000000002bba4                __rodata_start__ = .
 *(.rodata .rodata.* .gnu.linkonce.r.*)
 *fill*         0x000000000002bba4        0xc 
 .rodata.delay_bytecode.8486
                0x000000000002bbb0        0x6 Output/ble_app_uart_c_pca10040_s132 Release/Obj/nrf_log_backend_rtt.o
 *fill*         0x000000000002bbb6        0x2 
 .rodata.nrf_log_backend_rtt_api
                0x000000000002bbb8        0xc Output/ble_app_uart_c_pca10040_s132 Release/Obj/nrf_log_backend_rtt.o
                0x000000000002bbb8                nrf_log_backend_rtt_api
 .rodata.nrf_log_frontend_dequeue.str1.1
                0x000000000002bbc4       0x11 Output/ble_app_uart_c_pca10040_s132 Release/Obj/nrf_log_frontend.o
 .rodata.str1.1
                0x000000000002bbd5       0x17 Output/ble_app_uart_c_pca10040_s132 Release/Obj/nrf_log_frontend.o
 .rodata.m_colors
                0x000000000002bbec       0x24 Output/ble_app_uart_c_pca10040_s132 Release/Obj/nrf_log_str_formatter.o
 .rodata.nrf_log_hexdump_entry_process.str1.1
                0x000000000002bc10        0xf Output/ble_app_uart_c_pca10040_s132 Release/Obj/nrf_log_str_formatter.o
                                         0x11 (size before relaxing)
 .rodata.postfix_process.str1.1
                0x000000000002bc1f        0x8 Output/ble_app_uart_c_pca10040_s132 Release/Obj/nrf_log_str_formatter.o
                                          0xb (size before relaxing)
 .rodata.prefix_process.str1.1
                0x000000000002bc27       0x2a Output/ble_app_uart_c_pca10040_s132 Release/Obj/nrf_log_str_formatter.o
 *fill*         0x000000000002bc51        0x3 
 .rodata.severity_names
                0x000000000002bc54       0x14 Output/ble_app_uart_c_pca10040_s132 Release/Obj/nrf_log_str_formatter.o
 .rodata.str1.1
                0x000000000002bc68       0x4b Output/ble_app_uart_c_pca10040_s132 Release/Obj/nrf_log_str_formatter.o
                                         0x51 (size before relaxing)
 *fill*         0x000000000002bcb3        0x1 
 .rodata.m_detection_delay_timer_id
                0x000000000002bcb4        0x4 Output/ble_app_uart_c_pca10040_s132 Release/Obj/app_button.o
 .rodata.app_error_fault_handler.str1.1
                0x000000000002bcb8       0x19 Output/ble_app_uart_c_pca10040_s132 Release/Obj/app_error_weak.o
 *fill*         0x000000000002bcd1        0xf 
 .rodata.delay_bytecode.8215
                0x000000000002bce0        0x6 Output/ble_app_uart_c_pca10040_s132 Release/Obj/app_timer.o
 *fill*         0x000000000002bce6        0x2 
 .rodata        0x000000000002bce8       0x20 Output/ble_app_uart_c_pca10040_s132 Release/Obj/app_uart_fifo.o
 .rodata._aV2C.7427
                0x000000000002bd08       0x10 Output/ble_app_uart_c_pca10040_s132 Release/Obj/nrf_fprintf_format.o
 .rodata.pwr_mgmt_data
                0x000000000002bd18        0xc Output/ble_app_uart_c_pca10040_s132 Release/Obj/nrf_pwr_mgmt.o
 .rodata.str1.1
                0x000000000002bd24        0x9 Output/ble_app_uart_c_pca10040_s132 Release/Obj/nrf_pwr_mgmt.o
 .rodata.m_unknown_str
                0x000000000002bd2d       0x13 Output/ble_app_uart_c_pca10040_s132 Release/Obj/nrf_strerror.o
 .rodata.nrf_strerror_array
                0x000000000002bd40      0x128 Output/ble_app_uart_c_pca10040_s132 Release/Obj/nrf_strerror.o
 .rodata.str1.1
                0x000000000002be68      0x3ba Output/ble_app_uart_c_pca10040_s132 Release/Obj/nrf_strerror.o
 .rodata.m_board_btn_list
                0x000000000002c222        0x4 Output/ble_app_uart_c_pca10040_s132 Release/Obj/boards.o
 .rodata.m_board_led_list
                0x000000000002c226        0x4 Output/ble_app_uart_c_pca10040_s132 Release/Obj/boards.o
 .rodata.str1.1
                0x000000000002c22a        0x6 Output/ble_app_uart_c_pca10040_s132 Release/Obj/nrf_drv_clock.o
 .rodata.str1.1
                0x000000000002c230        0x6 Output/ble_app_uart_c_pca10040_s132 Release/Obj/nrfx_clock.o
 .rodata.str1.1
                0x000000000002c236        0x7 Output/ble_app_uart_c_pca10040_s132 Release/Obj/nrfx_gpiote.o
 .rodata.str1.1
                0x000000000002c23d        0x4 Output/ble_app_uart_c_pca10040_s132 Release/Obj/nrfx_prs.o
 .rodata.str1.1
                0x000000000002c241        0x5 Output/ble_app_uart_c_pca10040_s132 Release/Obj/nrfx_uart.o
 .rodata.str1.1
                0x000000000002c246        0x6 Output/ble_app_uart_c_pca10040_s132 Release/Obj/nrfx_uarte.o
 .rodata.app_buttons
                0x000000000002c24c       0x20 Output/ble_app_uart_c_pca10040_s132 Release/Obj/bsp.o
 .rodata.m_bsp_alert_tmr
                0x000000000002c26c        0x4 Output/ble_app_uart_c_pca10040_s132 Release/Obj/bsp.o
 .rodata.m_bsp_button_tmr
                0x000000000002c270        0x4 Output/ble_app_uart_c_pca10040_s132 Release/Obj/bsp.o
 .rodata.m_bsp_leds_tmr
                0x000000000002c274        0x4 Output/ble_app_uart_c_pca10040_s132 Release/Obj/bsp.o