Archive member included to satisfy reference by file (symbol)

C:/Program Files/SEGGER/SEGGER Embedded Studio for ARM 3.34b/lib/libc_v7em_fpv4_sp_d16_hard_t_le_eabi.a(libc_asm.o)
                              Output/ble_app_beacon_pca10040_s132 Release/Obj/app_button.o (__aeabi_llsl)
C:/Program Files/SEGGER/SEGGER Embedded Studio for ARM 3.34b/lib/libc_v7em_fpv4_sp_d16_hard_t_le_eabi.a(libc2.o)
                              Output/ble_app_beacon_pca10040_s132 Release/Obj/nrf_log_str_formatter.o (isprint)
C:/Program Files/SEGGER/SEGGER Embedded Studio for ARM 3.34b/lib/libc_v7em_fpv4_sp_d16_hard_t_le_eabi.a(libc2_asm.o)
                              Output/ble_app_beacon_pca10040_s132 Release/Obj/nrf_log_frontend.o (memcpy)
C:/Program Files/SEGGER/SEGGER Embedded Studio for ARM 3.34b/lib/libdebugio_v7em_fpv4_sp_d16_hard_t_le_eabi.a(libdebugio.o)
                              Output/ble_app_beacon_pca10040_s132 Release/Obj/thumb_crt0.o (debug_fopen)
C:/Program Files/SEGGER/SEGGER Embedded Studio for ARM 3.34b/lib/libdebugio_mempoll_v7em_fpv4_sp_d16_hard_t_le_eabi.a(mempoll_debug_operations.o)
                              C:/Program Files/SEGGER/SEGGER Embedded Studio for ARM 3.34b/lib/libdebugio_v7em_fpv4_sp_d16_hard_t_le_eabi.a(libdebugio.o) (__do_debug_operation)
C:/Program Files/SEGGER/SEGGER Embedded Studio for ARM 3.34b/lib/libdebugio_mempoll_v7em_fpv4_sp_d16_hard_t_le_eabi.a(do_nv_debug_operation.o)
                              C:/Program Files/SEGGER/SEGGER Embedded Studio for ARM 3.34b/lib/libdebugio_v7em_fpv4_sp_d16_hard_t_le_eabi.a(libdebugio.o) (__do_nvdebug_operation)
C:/Program Files/SEGGER/SEGGER Embedded Studio for ARM 3.34b/lib/libm_v7em_fpv4_sp_d16_hard_t_le_eabi.a(libm_asm.o)
                              C:/Program Files/SEGGER/SEGGER Embedded Studio for ARM 3.34b/lib/libc_v7em_fpv4_sp_d16_hard_t_le_eabi.a(libc2.o) (__aeabi_i2d)
C:/Program Files/SEGGER/SEGGER Embedded Studio for ARM 3.34b/lib/libm_v7em_fpv4_sp_d16_hard_t_le_eabi.a(libm2.o)
                              C:/Program Files/SEGGER/SEGGER Embedded Studio for ARM 3.34b/lib/libvfprintf_v7em_fpv4_sp_d16_hard_t_le_eabi.o (frexp)
C:/Program Files/SEGGER/SEGGER Embedded Studio for ARM 3.34b/lib/libm_v7em_fpv4_sp_d16_hard_t_le_eabi.a(libm2_asm.o)
                              C:/Program Files/SEGGER/SEGGER Embedded Studio for ARM 3.34b/lib/libm_v7em_fpv4_sp_d16_hard_t_le_eabi.a(libm2.o) (fabs)

Discarded input sections

 .text          0x0000000000000000        0x0 Output/ble_app_beacon_pca10040_s132 Release/Obj/thumb_crt0.o
 .data          0x0000000000000000        0x0 Output/ble_app_beacon_pca10040_s132 Release/Obj/thumb_crt0.o
 .bss           0x0000000000000000        0x0 Output/ble_app_beacon_pca10040_s132 Release/Obj/thumb_crt0.o
 .text.__aeabi_read_tp
                0x0000000000000000        0x8 Output/ble_app_beacon_pca10040_s132 Release/Obj/thumb_crt0.o
 .text.__heap_lock
                0x0000000000000000        0x2 Output/ble_app_beacon_pca10040_s132 Release/Obj/thumb_crt0.o
 .text.__heap_unlock
                0x0000000000000000        0x2 Output/ble_app_beacon_pca10040_s132 Release/Obj/thumb_crt0.o
 .text.__printf_lock
                0x0000000000000000        0x2 Output/ble_app_beacon_pca10040_s132 Release/Obj/thumb_crt0.o
 .text.__printf_unlock
                0x0000000000000000        0x2 Output/ble_app_beacon_pca10040_s132 Release/Obj/thumb_crt0.o
 .text.__scanf_lock
                0x0000000000000000        0x2 Output/ble_app_beacon_pca10040_s132 Release/Obj/thumb_crt0.o
 .text.__scanf_unlock
                0x0000000000000000        0x2 Output/ble_app_beacon_pca10040_s132 Release/Obj/thumb_crt0.o
 .text.__debug_io_lock
                0x0000000000000000        0x2 Output/ble_app_beacon_pca10040_s132 Release/Obj/thumb_crt0.o
 .text.__debug_io_unlock
                0x0000000000000000        0x2 Output/ble_app_beacon_pca10040_s132 Release/Obj/thumb_crt0.o
 .text.abort    0x0000000000000000        0x2 Output/ble_app_beacon_pca10040_s132 Release/Obj/thumb_crt0.o
 .text.__assert
                0x0000000000000000        0x2 Output/ble_app_beacon_pca10040_s132 Release/Obj/thumb_crt0.o
 .text.__aeabi_assert
                0x0000000000000000        0x2 Output/ble_app_beacon_pca10040_s132 Release/Obj/thumb_crt0.o
 .text.__cxa_pure_virtual
                0x0000000000000000        0x2 Output/ble_app_beacon_pca10040_s132 Release/Obj/thumb_crt0.o
 .text.__cxa_guard_acquire
                0x0000000000000000       0x10 Output/ble_app_beacon_pca10040_s132 Release/Obj/thumb_crt0.o
 .text.__cxa_guard_release
                0x0000000000000000        0x6 Output/ble_app_beacon_pca10040_s132 Release/Obj/thumb_crt0.o
 .text.__cxa_guard_abort
                0x0000000000000000        0x2 Output/ble_app_beacon_pca10040_s132 Release/Obj/thumb_crt0.o
 .text.__sync_synchronize
                0x0000000000000000        0x2 Output/ble_app_beacon_pca10040_s132 Release/Obj/thumb_crt0.o
 .text.__getchar
[...]
Memory Configuration

Name             Origin             Length             Attributes
UNPLACED_SECTIONS 0x0000000100000000 0x0000000000000000 xw
RAM              0x0000000020000000 0x0000000000010000 xw
FLASH            0x0000000000000000 0x0000000000080000 xw
*default*        0x0000000000000000 0xffffffffffffffff

Linker script and memory map

                0x0000000000000000                __vfprintf = __vfprintf_long
                0x0000000000000000                __vfscanf = __vfscanf_int
                0x0000000020000000                __RAM_segment_start__ = 0x20000000
                0x0000000020010000                __RAM_segment_end__ = 0x20010000
                0x0000000000010000                __RAM_segment_size__ = 0x10000
                0x0000000000000000                __FLASH_segment_start__ = 0x0
                0x0000000000080000                __FLASH_segment_end__ = 0x80000
                0x0000000000080000                __FLASH_segment_size__ = 0x80000
                0x0000000000002000                __HEAPSIZE__ = 0x2000
                0x0000000000000000                __STACKSIZE_ABT__ = 0x0
                0x0000000000000000                __STACKSIZE_FIQ__ = 0x0
                0x0000000000000000                __STACKSIZE_IRQ__ = 0x0
                0x0000000000000000                __STACKSIZE_PROCESS__ = 0x0
                0x0000000000000000                __STACKSIZE_SVC__ = 0x0
                0x0000000000000000                __STACKSIZE_UND__ = 0x0
                0x0000000000002000                __STACKSIZE__ = 0x2000
                0x0000000020000000                __reserved_ram_load_start__ = 0x20000000

.reserved_ram   0x0000000020000000     0x18a8
                0x0000000020000000                __reserved_ram_start__ = .
 *(.reserved_ram .reserved_ram.*)
                0x00000000200018a8                . = MAX (((__reserved_ram_start__ + 0x200018a8) - 0x20000000), .)
 *fill*         0x0000000020000000     0x18a8 
                0x00000000200018a8                __reserved_ram_end__ = (__reserved_ram_start__ + SIZEOF (.reserved_ram))
                0x00000000000018a8                __reserved_ram_size__ = SIZEOF (.reserved_ram)
                0x00000000200018a8                __reserved_ram_load_end__ = __reserved_ram_end__
                0x0000000000000001                . = ASSERT (((__reserved_ram_start__ == __reserved_ram_end__) || ((__reserved_ram_end__ >= __RAM_segment_start__) && (__reserved_ram_end__ <= __RAM_segment_end__))), error: .reserved_ram is too large to fit in RAM memory segment)
                0x00000000200018a8                __vectors_ram_load_start__ = 0x200018a8

.vectors_ram    0x00000000200018a8        0x0
                0x00000000200018a8                __vectors_ram_start__ = .
                0x00000000200018a8                __app_ram_start__ = __vectors_ram_start__
 *(.vectors_ram .vectors_ram.*)
                0x00000000200018a8                __vectors_ram_end__ = (__vectors_ram_start__ + SIZEOF (.vectors_ram))
                0x0000000000000000                __vectors_ram_size__ = SIZEOF (.vectors_ram)
                0x00000000200018a8                __vectors_ram_load_end__ = __vectors_ram_end__
                0x0000000000000001                . = ASSERT (((__vectors_ram_start__ == __vectors_ram_end__) || ((__vectors_ram_end__ >= __RAM_segment_start__) && (__vectors_ram_end__ <= __RAM_segment_end__))), error: .vectors_ram is too large to fit in RAM memory segment)
                0x0000000000000001                . = ASSERT ((__reserved_ram_end__ <= __vectors_ram_start__), error: section .reserved_ram overlaps absolute placed section .vectors_ram)
                0x00000000200018a8                __nrf_sections_run_load_start__ = ALIGN (__vectors_ram_end__, 0x4)

.nrf_sections_run
                0x00000000200018a8        0x0
                0x00000000200018a8                __nrf_sections_run_start__ = .
                0x00000000200018a8                __start_nrf_sections_run = __nrf_sections_run_start__
 *(.nrf_sections_run .nrf_sections_run.*)
                0x00000000200018a8                __nrf_sections_run_end__ = (__nrf_sections_run_start__ + SIZEOF (.nrf_sections_run))
                0x0000000000000000                __nrf_sections_run_size__ = SIZEOF (.nrf_sections_run)
                0x00000000200018a8                __nrf_sections_run_load_end__ = __nrf_sections_run_end__
                0x0000000000000001                . = ASSERT (((__nrf_sections_run_start__ == __nrf_sections_run_end__) || ((__nrf_sections_run_end__ >= __RAM_segment_start__) && (__nrf_sections_run_end__ <= __RAM_segment_end__))), error: .nrf_sections_run is too large to fit in RAM memory segment)
                0x0000000000000000                __reserved_flash_load_start__ = 0x0

.reserved_flash
                0x0000000000000000    0x26000
                0x0000000000000000                __reserved_flash_start__ = .
 *(.reserved_flash .reserved_flash.*)
                0x0000000000026000                . = MAX (((__reserved_flash_start__ + 0x26000) - 0x0), .)
 *fill*         0x0000000000000000    0x26000 
                0x0000000000026000                __reserved_flash_end__ = (__reserved_flash_start__ + SIZEOF (.reserved_flash))
                0x0000000000026000                __reserved_flash_size__ = SIZEOF (.reserved_flash)
                0x0000000000026000                __reserved_flash_load_end__ = __reserved_flash_end__
                0x0000000000000001                . = ASSERT (((__reserved_flash_start__ == __reserved_flash_end__) || ((__reserved_flash_end__ >= __FLASH_segment_start__) && (__reserved_flash_end__ <= __FLASH_segment_end__))), error: .reserved_flash is too large to fit in FLASH memory segment)
                0x0000000000026000                __vectors_load_start__ = 0x26000

.vectors        0x0000000000026000       0xdc
                0x0000000000026000                __vectors_start__ = .
 *(.vectors .vectors.*)
 .vectors       0x0000000000026000       0xdc Output/ble_app_beacon_pca10040_s132 Release/Obj/ses_nrf52_Vectors.o
                0x0000000000026000                _vectors
                0x00000000000260dc                __vectors_end__ = (__vectors_start__ + SIZEOF (.vectors))
                0x00000000000000dc                __vectors_size__ = SIZEOF (.vectors)
                0x00000000000260dc                __vectors_load_end__ = __vectors_end__
                0x0000000000000001                . = ASSERT (((__vectors_start__ == __vectors_end__) || ((__vectors_end__ >= __FLASH_segment_start__) && (__vectors_end__ <= __FLASH_segment_end__))), error: .vectors is too large to fit in FLASH memory segment)
                0x0000000000000001                . = ASSERT ((__reserved_flash_end__ <= __vectors_start__), error: section .reserved_flash overlaps absolute placed section .vectors)
                0x00000000000260dc                __init_load_start__ = ALIGN (__vectors_end__, 0x4)

.init           0x00000000000260dc      0x218
                0x00000000000260dc                __init_start__ = .
 *(.init .init.*)
 .init          0x00000000000260dc      0x160 Output/ble_app_beacon_pca10040_s132 Release/Obj/thumb_crt0.o
                0x00000000000260dc                _start
                0x0000000000026192                exit
 .init          0x000000000002623c       0x58 Output/ble_app_beacon_pca10040_s132 Release/Obj/ses_nRF_Startup.o
                0x000000000002623c                Reset_Handler
                0x0000000000026260                InitializeUserMemorySections
 .init          0x0000000000026294       0x60 Output/ble_app_beacon_pca10040_s132 Release/Obj/ses_nrf52_Vectors.o
                0x0000000000026294                NMI_Handler
                0x0000000000026296                HardFault_Handler
                0x0000000000026298                MemoryManagement_Handler
                0x000000000002629a                BusFault_Handler
                0x000000000002629c                UsageFault_Handler
                0x000000000002629e                SVC_Handler
                0x00000000000262a0                DebugMon_Handler
                0x00000000000262a2                PendSV_Handler
                0x00000000000262a4                SysTick_Handler
                0x00000000000262aa                RADIO_IRQHandler
                0x00000000000262ae                SPIM0_SPIS0_TWIM0_TWIS0_SPI0_TWI0_IRQHandler
                0x00000000000262b0                SPIM1_SPIS1_TWIM1_TWIS1_SPI1_TWI1_IRQHandler
                0x00000000000262b2                NFCT_IRQHandler
                0x00000000000262b6                SAADC_IRQHandler
                0x00000000000262b8                TIMER0_IRQHandler
                0x00000000000262ba                TIMER1_IRQHandler
                0x00000000000262bc                TIMER2_IRQHandler
                0x00000000000262be                RTC0_IRQHandler
                0x00000000000262c0                TEMP_IRQHandler
                0x00000000000262c2                RNG_IRQHandler
                0x00000000000262c4                ECB_IRQHandler
                0x00000000000262c6                CCM_AAR_IRQHandler
                0x00000000000262c8                WDT_IRQHandler
                0x00000000000262cc                QDEC_IRQHandler
                0x00000000000262ce                COMP_LPCOMP_IRQHandler
                0x00000000000262d2                SWI1_EGU1_IRQHandler
                0x00000000000262d6                SWI3_EGU3_IRQHandler
                0x00000000000262d8                SWI4_EGU4_IRQHandler
                0x00000000000262da                SWI5_EGU5_IRQHandler
                0x00000000000262dc                TIMER3_IRQHandler
                0x00000000000262de                TIMER4_IRQHandler
                0x00000000000262e0                PWM0_IRQHandler
                0x00000000000262e2                PDM_IRQHandler
                0x00000000000262e4                MWU_IRQHandler
                0x00000000000262e6                PWM1_IRQHandler
                0x00000000000262e8                PWM2_IRQHandler
                0x00000000000262ea                SPIM2_SPIS2_SPI2_IRQHandler
                0x00000000000262ec                RTC2_IRQHandler
                0x00000000000262ee                I2S_IRQHandler
                0x00000000000262f0                FPU_IRQHandler
                0x00000000000262f4                __init_end__ = (__init_start__ + SIZEOF (.init))
                0x0000000000000218                __init_size__ = SIZEOF (.init)
                0x00000000000262f4                __init_load_end__ = __init_end__
                0x0000000000000001                . = ASSERT (((__init_start__ == __init_end__) || ((__init_end__ >= __FLASH_segment_start__) && (__init_end__ <= __FLASH_segment_end__))), error: .init is too large to fit in FLASH memory segment)
                0x00000000000262f4                __init_rodata_load_start__ = ALIGN (__init_end__, 0x4)

.init_rodata    0x00000000000262f4        0x0
                0x00000000000262f4                __init_rodata_start__ = .
 *(.init_rodata .init_rodata.*)
                0x00000000000262f4                __init_rodata_end__ = (__init_rodata_start__ + SIZEOF (.init_rodata))
                0x0000000000000000                __init_rodata_size__ = SIZEOF (.init_rodata)
                0x00000000000262f4                __init_rodata_load_end__ = __init_rodata_end__
                0x0000000000000001                . = ASSERT (((__init_rodata_start__ == __init_rodata_end__) || ((__init_rodata_end__ >= __FLASH_segment_start__) && (__init_rodata_end__ <= __FLASH_segment_end__))), error: .init_rodata is too large to fit in FLASH memory segment)
                0x00000000000262f4                __text_load_start__ = ALIGN (__init_rodata_end__, 0x4)

.text           0x00000000000262f4     0x33e8
                0x00000000000262f4                __text_start__ = .
 *(.text .text.* .glue_7t .glue_7 .gnu.linkonce.t.* .gcc_except_table .ARM.extab* .gnu.linkonce.armextab.*)
 .glue_7        0x00000000000262f4        0x0 linker stubs
 .glue_7t       0x00000000000262f4        0x0 linker stubs
 .text.nrf_log_backend_rtt_panic_set
                0x00000000000262f4        0x2 Output/ble_app_beacon_pca10040_s132 Release/Obj/nrf_log_backend_rtt.o
 *fill*         0x00000000000262f6        0x2 
 .text.nrf_log_backend_rtt_put
                0x00000000000262f8       0x1c Output/ble_app_beacon_pca10040_s132 Release/Obj/nrf_log_backend_rtt.o
 .text.serial_tx
                0x0000000000026314       0x50 Output/ble_app_beacon_pca10040_s132 Release/Obj/nrf_log_backend_rtt.o
 .text.nrf_log_backend_rtt_flush
                0x0000000000026364        0x2 Output/ble_app_beacon_pca10040_s132 Release/Obj/nrf_log_backend_rtt.o
 .text.nrf_log_backend_rtt_init
                0x0000000000026366        0x4 Output/ble_app_beacon_pca10040_s132 Release/Obj/nrf_log_backend_rtt.o
                0x0000000000026366                nrf_log_backend_rtt_init
 .text.nrf_log_backend_serial_put
                0x000000000002636a       0xce Output/ble_app_beacon_pca10040_s132 Release/Obj/nrf_log_backend_serial.o
                0x000000000002636a                nrf_log_backend_serial_put
 .text.nrf_log_default_backends_init
                0x0000000000026438       0x1c Output/ble_app_beacon_pca10040_s132 Release/Obj/nrf_log_default_backends.o
                0x0000000000026438                nrf_log_default_backends_init
 .text.invalid_packets_pushed_str_omit
                0x0000000000026454       0x56 Output/ble_app_beacon_pca10040_s132 Release/Obj/nrf_log_frontend.o
 *fill*         0x00000000000264aa        0x2 
 .text.buf_prealloc
                0x00000000000264ac      0x138 Output/ble_app_beacon_pca10040_s132 Release/Obj/nrf_log_frontend.o
 .text.nrf_log_init
                0x00000000000265e4       0x50 Output/ble_app_beacon_pca10040_s132 Release/Obj/nrf_log_frontend.o
                0x00000000000265e4                nrf_log_init
 .text.nrf_log_module_name_get
                0x0000000000026634       0x3c Output/ble_app_beacon_pca10040_s132 Release/Obj/nrf_log_frontend.o
                0x0000000000026634                nrf_log_module_name_get
 .text.nrf_log_color_id_get
                0x0000000000026670       0x2c Output/ble_app_beacon_pca10040_s132 Release/Obj/nrf_log_frontend.o
                0x0000000000026670                nrf_log_color_id_get
 .text.buffer_is_empty
                0x000000000002669c       0x14 Output/ble_app_beacon_pca10040_s132 Release/Obj/nrf_log_frontend.o
                0x000000000002669c                buffer_is_empty
 .text.nrf_log_frontend_dequeue
                0x00000000000266b0      0x214 Output/ble_app_beacon_pca10040_s132 Release/Obj/nrf_log_frontend.o
                0x00000000000266b0                nrf_log_frontend_dequeue
 .text.std_n    0x00000000000268c4       0xb0 Output/ble_app_beacon_pca10040_s132 Release/Obj/nrf_log_frontend.o
 .text.nrf_log_frontend_std_0
                0x0000000000026974        0x8 Output/ble_app_beacon_pca10040_s132 Release/Obj/nrf_log_frontend.o
                0x0000000000026974                nrf_log_frontend_std_0
 .text.nrf_log_frontend_std_1
                0x000000000002697c       0x14 Output/ble_app_beacon_pca10040_s132 Release/Obj/nrf_log_frontend.o
                0x000000000002697c                nrf_log_frontend_std_1
 .text.nrf_log_frontend_std_2
                0x0000000000026990       0x14 Output/ble_app_beacon_pca10040_s132 Release/Obj/nrf_log_frontend.o
                0x0000000000026990                nrf_log_frontend_std_2
 .text.nrf_log_backend_add
                0x00000000000269a4       0x44 Output/ble_app_beacon_pca10040_s132 Release/Obj/nrf_log_frontend.o
                0x00000000000269a4                nrf_log_backend_add
 .text.nrf_log_panic
                0x00000000000269e8       0x28 Output/ble_app_beacon_pca10040_s132 Release/Obj/nrf_log_frontend.o
                0x00000000000269e8                nrf_log_panic
 .text.prefix_process
                0x0000000000026a10       0x78 Output/ble_app_beacon_pca10040_s132 Release/Obj/nrf_log_str_formatter.o
 .text.postfix_process
                0x0000000000026a88       0x3c Output/ble_app_beacon_pca10040_s132 Release/Obj/nrf_log_str_formatter.o
 .text.nrf_log_std_entry_process
                0x0000000000026ac4       0xc8 Output/ble_app_beacon_pca10040_s132 Release/Obj/nrf_log_str_formatter.o
                0x0000000000026ac4                nrf_log_std_entry_process
 .text.nrf_log_hexdump_entry_process
                0x0000000000026b8c       0xac Output/ble_app_beacon_pca10040_s132 Release/Obj/nrf_log_str_formatter.o
                0x0000000000026b8c                nrf_log_hexdump_entry_process
 .text.detection_delay_timeout_handler
                0x0000000000026c38       0xb0 Output/ble_app_beacon_pca10040_s132 Release/Obj/app_button.o
 .text.gpiote_event_handler
                0x0000000000026ce8       0x94 Output/ble_app_beacon_pca10040_s132 Release/Obj/app_button.o
 .text.app_button_init
                0x0000000000026d7c       0xa4 Output/ble_app_beacon_pca10040_s132 Release/Obj/app_button.o
                0x0000000000026d7c                app_button_init
 .text.app_button_enable
                0x0000000000026e20       0x2c Output/ble_app_beacon_pca10040_s132 Release/Obj/app_button.o
                0x0000000000026e20                app_button_enable
 .text.app_error_handler_bare
                0x0000000000026e4c       0x1a Output/ble_app_beacon_pca10040_s132 Release/Obj/app_error.o
                0x0000000000026e4c                app_error_handler_bare
 *fill*         0x0000000000026e66        0x2 
 .text.app_error_fault_handler
                0x0000000000026e68       0x6c Output/ble_app_beacon_pca10040_s132 Release/Obj/app_error_weak.o
                0x0000000000026e68                app_error_fault_handler
 .text.user_op_alloc
                0x0000000000026ed4       0x2c Output/ble_app_beacon_pca10040_s132 Release/Obj/app_timer.o
 .text.timer_stop_op_schedule
                0x0000000000026f00       0x50 Output/ble_app_beacon_pca10040_s132 Release/Obj/app_timer.o
 .text.nrfx_coredep_delay_us.part.0.constprop.4
                0x0000000000026f50       0x10 Output/ble_app_beacon_pca10040_s132 Release/Obj/app_timer.o
 .text.rtc1_stop
                0x0000000000026f60       0x44 Output/ble_app_beacon_pca10040_s132 Release/Obj/app_timer.o
 .text.RTC1_IRQHandler
                0x0000000000026fa4       0x9c Output/ble_app_beacon_pca10040_s132 Release/Obj/app_timer.o
                0x0000000000026fa4                RTC1_IRQHandler
 .text.SWI0_EGU0_IRQHandler
                0x0000000000027040      0x2a4 Output/ble_app_beacon_pca10040_s132 Release/Obj/app_timer.o
                0x0000000000027040                SWI0_EGU0_IRQHandler
 .text.app_timer_init
                0x00000000000272e4       0x64 Output/ble_app_beacon_pca10040_s132 Release/Obj/app_timer.o
                0x00000000000272e4                app_timer_init
 .text.app_timer_create
                0x0000000000027348       0x24 Output/ble_app_beacon_pca10040_s132 Release/Obj/app_timer.o
                0x0000000000027348                app_timer_create
 .text.app_timer_start
                0x000000000002736c       0x8c Output/ble_app_beacon_pca10040_s132 Release/Obj/app_timer.o
                0x000000000002736c                app_timer_start
 .text.app_timer_stop
                0x00000000000273f8       0x20 Output/ble_app_beacon_pca10040_s132 Release/Obj/app_timer.o
                0x00000000000273f8                app_timer_stop
 .text.app_util_critical_region_enter
                0x0000000000027418       0x48 Output/ble_app_beacon_pca10040_s132 Release/Obj/app_util_platform.o
                0x0000000000027418                app_util_critical_region_enter
 .text.app_util_critical_region_exit
                0x0000000000027460       0x2c Output/ble_app_beacon_pca10040_s132 Release/Obj/app_util_platform.o
                0x0000000000027460                app_util_critical_region_exit
 .text.nrf_atomic_u32_fetch_store
                0x000000000002748c       0x18 Output/ble_app_beacon_pca10040_s132 Release/Obj/nrf_atomic.o
                0x000000000002748c                nrf_atomic_u32_fetch_store
 .text.nrf_atomic_u32_or
                0x00000000000274a4       0x1a Output/ble_app_beacon_pca10040_s132 Release/Obj/nrf_atomic.o
                0x00000000000274a4                nrf_atomic_u32_or
 .text.nrf_atomic_u32_fetch_and
                0x00000000000274be       0x1a Output/ble_app_beacon_pca10040_s132 Release/Obj/nrf_atomic.o
                0x00000000000274be                nrf_atomic_u32_fetch_and
 .text.nrf_atomic_u32_add
                0x00000000000274d8       0x1a Output/ble_app_beacon_pca10040_s132 Release/Obj/nrf_atomic.o
                0x00000000000274d8                nrf_atomic_u32_add
 .text.nrf_atomic_u32_sub
                0x00000000000274f2       0x1a Output/ble_app_beacon_pca10040_s132 Release/Obj/nrf_atomic.o
                0x00000000000274f2                nrf_atomic_u32_sub
 .text.nrf_atomic_flag_set
                0x000000000002750c        0x6 Output/ble_app_beacon_pca10040_s132 Release/Obj/nrf_atomic.o
                0x000000000002750c                nrf_atomic_flag_set
 .text.nrf_atomic_flag_clear_fetch
                0x0000000000027512        0x6 Output/ble_app_beacon_pca10040_s132 Release/Obj/nrf_atomic.o
                0x0000000000027512                nrf_atomic_flag_clear_fetch
 .text.nrf_balloc_init
                0x0000000000027518       0x2e Output/ble_app_beacon_pca10040_s132 Release/Obj/nrf_balloc.o
                0x0000000000027518                nrf_balloc_init
 .text.nrf_balloc_alloc
                0x0000000000027546       0x46 Output/ble_app_beacon_pca10040_s132 Release/Obj/nrf_balloc.o
                0x0000000000027546                nrf_balloc_alloc
 .text.nrf_balloc_free
                0x000000000002758c       0x32 Output/ble_app_beacon_pca10040_s132 Release/Obj/nrf_balloc.o
                0x000000000002758c                nrf_balloc_free
 .text.nrf_fprintf_buffer_flush
                0x00000000000275be       0x16 Output/ble_app_beacon_pca10040_s132 Release/Obj/nrf_fprintf.o
                0x00000000000275be                nrf_fprintf_buffer_flush
 .text.nrf_fprintf
                0x00000000000275d4       0x1e Output/ble_app_beacon_pca10040_s132 Release/Obj/nrf_fprintf.o
                0x00000000000275d4                nrf_fprintf
 .text.buffer_add
                0x00000000000275f2       0x1e Output/ble_app_beacon_pca10040_s132 Release/Obj/nrf_fprintf_format.o
 .text.unsigned_print
                0x0000000000027610       0xb0 Output/ble_app_beacon_pca10040_s132 Release/Obj/nrf_fprintf_format.o
 .text.nrf_fprintf_fmt
                0x00000000000276c0      0x280 Output/ble_app_beacon_pca10040_s132 Release/Obj/nrf_fprintf_format.o
                0x00000000000276c0                nrf_fprintf_fmt
 .text.nrf_memobj_pool_init
                0x0000000000027940        0x4 Output/ble_app_beacon_pca10040_s132 Release/Obj/nrf_memobj.o
                0x0000000000027940                nrf_memobj_pool_init
 .text.nrf_memobj_free
                0x0000000000027944       0x2c Output/ble_app_beacon_pca10040_s132 Release/Obj/nrf_memobj.o
                0x0000000000027944                nrf_memobj_free
 .text.nrf_memobj_alloc
                0x0000000000027970       0x62 Output/ble_app_beacon_pca10040_s132 Release/Obj/nrf_memobj.o
                0x0000000000027970                nrf_memobj_alloc
 .text.nrf_memobj_get
                0x00000000000279d2        0x8 Output/ble_app_beacon_pca10040_s132 Release/Obj/nrf_memobj.o
                0x00000000000279d2                nrf_memobj_get
 .text.nrf_memobj_put
                0x00000000000279da       0x1e Output/ble_app_beacon_pca10040_s132 Release/Obj/nrf_memobj.o
                0x00000000000279da                nrf_memobj_put
 .text.nrf_memobj_write
                0x00000000000279f8       0x56 Output/ble_app_beacon_pca10040_s132 Release/Obj/nrf_memobj.o
                0x00000000000279f8                nrf_memobj_write
 .text.nrf_memobj_read
                0x0000000000027a4e       0x54 Output/ble_app_beacon_pca10040_s132 Release/Obj/nrf_memobj.o
                0x0000000000027a4e                nrf_memobj_read
 .text.sd_app_evt_wait
                0x0000000000027aa2        0x4 Output/ble_app_beacon_pca10040_s132 Release/Obj/nrf_pwr_mgmt.o
 *fill*         0x0000000000027aa6        0x2 
 .text.nrf_pwr_mgmt_init
                0x0000000000027aa8       0x2c Output/ble_app_beacon_pca10040_s132 Release/Obj/nrf_pwr_mgmt.o
                0x0000000000027aa8                nrf_pwr_mgmt_init
 .text.nrf_pwr_mgmt_run
                0x0000000000027ad4       0x4c Output/ble_app_beacon_pca10040_s132 Release/Obj/nrf_pwr_mgmt.o
                0x0000000000027ad4                nrf_pwr_mgmt_run
 .text.nrf_section_iter_init
                0x0000000000027b20       0x14 Output/ble_app_beacon_pca10040_s132 Release/Obj/nrf_section_iter.o
                0x0000000000027b20                nrf_section_iter_init
 .text.nrf_section_iter_next
                0x0000000000027b34       0x18 Output/ble_app_beacon_pca10040_s132 Release/Obj/nrf_section_iter.o
                0x0000000000027b34                nrf_section_iter_next
 .text.nrf_strerror_find
                0x0000000000027b4c       0x3c Output/ble_app_beacon_pca10040_s132 Release/Obj/nrf_strerror.o
                0x0000000000027b4c                nrf_strerror_find
 .text.nrf_strerror_get
                0x0000000000027b88       0x14 Output/ble_app_beacon_pca10040_s132 Release/Obj/nrf_strerror.o
                0x0000000000027b88                nrf_strerror_get
 .text.errata_57
                0x0000000000027b9c       0x34 Output/ble_app_beacon_pca10040_s132 Release/Obj/system_nrf52.o
 .text.errata_136
                0x0000000000027bd0       0x40 Output/ble_app_beacon_pca10040_s132 Release/Obj/system_nrf52.o
 .text.SystemInit
                0x0000000000027c10      0x264 Output/ble_app_beacon_pca10040_s132 Release/Obj/system_nrf52.o
                0x0000000000027c10                SystemInit
 .text.bsp_board_led_state_get
                0x0000000000027e74       0x1c Output/ble_app_beacon_pca10040_s132 Release/Obj/boards.o
                0x0000000000027e74                bsp_board_led_state_get
 .text.bsp_board_led_on
                0x0000000000027e90       0x18 Output/ble_app_beacon_pca10040_s132 Release/Obj/boards.o
                0x0000000000027e90                bsp_board_led_on
 .text.bsp_board_led_off
                0x0000000000027ea8       0x18 Output/ble_app_beacon_pca10040_s132 Release/Obj/boards.o
                0x0000000000027ea8                bsp_board_led_off
 .text.bsp_board_leds_off
                0x0000000000027ec0       0x1e Output/ble_app_beacon_pca10040_s132 Release/Obj/boards.o
                0x0000000000027ec0                bsp_board_leds_off
 .text.bsp_board_leds_on
                0x0000000000027ede       0x1e Output/ble_app_beacon_pca10040_s132 Release/Obj/boards.o
                0x0000000000027ede                bsp_board_leds_on
 .text.bsp_board_led_invert
                0x0000000000027efc       0x24 Output/ble_app_beacon_pca10040_s132 Release/Obj/boards.o
                0x0000000000027efc                bsp_board_led_invert
 .text.bsp_board_pin_to_button_idx
                0x0000000000027f20       0x24 Output/ble_app_beacon_pca10040_s132 Release/Obj/boards.o
                0x0000000000027f20                bsp_board_pin_to_button_idx
 .text.bsp_board_init
                0x0000000000027f44       0x3e Output/ble_app_beacon_pca10040_s132 Release/Obj/boards.o
                0x0000000000027f44                bsp_board_init
 *fill*         0x0000000000027f82        0x2 
 .text.clock_clk_started_notify
                0x0000000000027f84       0x28 Output/ble_app_beacon_pca10040_s132 Release/Obj/nrf_drv_clock.o
 .text.clock_irq_handler
                0x0000000000027fac       0x1c Output/ble_app_beacon_pca10040_s132 Release/Obj/nrf_drv_clock.o
 .text.soc_evt_handler
                0x0000000000027fc8       0x14 Output/ble_app_beacon_pca10040_s132 Release/Obj/nrf_drv_clock.o
 .text.nrf_drv_clock_init
                0x0000000000027fdc       0x38 Output/ble_app_beacon_pca10040_s132 Release/Obj/nrf_drv_clock.o
                0x0000000000027fdc                nrf_drv_clock_init
 .text.nrf_drv_clock_lfclk_release
                0x0000000000028014       0x30 Output/ble_app_beacon_pca10040_s132 Release/Obj/nrf_drv_clock.o
                0x0000000000028014                nrf_drv_clock_lfclk_release
 .text.sd_state_evt_handler
                0x0000000000028044       0x58 Output/ble_app_beacon_pca10040_s132 Release/Obj/nrf_drv_clock.o
 .text.nrf_clock_event_clear
                0x000000000002809c       0x14 Output/ble_app_beacon_pca10040_s132 Release/Obj/nrfx_clock.o
 .text.nrfx_clock_init
                0x00000000000280b0       0x1c Output/ble_app_beacon_pca10040_s132 Release/Obj/nrfx_clock.o
                0x00000000000280b0                nrfx_clock_init
 .text.nrfx_clock_enable
                0x00000000000280cc       0x28 Output/ble_app_beacon_pca10040_s132 Release/Obj/nrfx_clock.o
                0x00000000000280cc                nrfx_clock_enable
 .text.nrfx_clock_lfclk_stop
                0x00000000000280f4       0x18 Output/ble_app_beacon_pca10040_s132 Release/Obj/nrfx_clock.o
                0x00000000000280f4                nrfx_clock_lfclk_stop
 .text.POWER_CLOCK_IRQHandler
                0x000000000002810c       0x58 Output/ble_app_beacon_pca10040_s132 Release/Obj/nrfx_clock.o
                0x000000000002810c                POWER_CLOCK_IRQHandler
 .text.nrf_gpiote_event_clear
                0x0000000000028164       0x18 Output/ble_app_beacon_pca10040_s132 Release/Obj/nrfx_gpiote.o
 .text.nrf_gpio_cfg_sense_set
                0x000000000002817c       0x20 Output/ble_app_beacon_pca10040_s132 Release/Obj/nrfx_gpiote.o
 .text.channel_free
                0x000000000002819c       0x1c Output/ble_app_beacon_pca10040_s132 Release/Obj/nrfx_gpiote.o
 .text.nrfx_gpiote_init
                0x00000000000281b8       0x70 Output/ble_app_beacon_pca10040_s132 Release/Obj/nrfx_gpiote.o
                0x00000000000281b8                nrfx_gpiote_init
 .text.nrfx_gpiote_is_init
                0x0000000000028228       0x14 Output/ble_app_beacon_pca10040_s132 Release/Obj/nrfx_gpiote.o
                0x0000000000028228                nrfx_gpiote_is_init
 .text.nrfx_gpiote_in_init
                0x000000000002823c       0xe8 Output/ble_app_beacon_pca10040_s132 Release/Obj/nrfx_gpiote.o
                0x000000000002823c                nrfx_gpiote_in_init
 .text.nrfx_gpiote_in_event_enable
                0x0000000000028324       0x8c Output/ble_app_beacon_pca10040_s132 Release/Obj/nrfx_gpiote.o
                0x0000000000028324                nrfx_gpiote_in_event_enable
 .text.nrfx_gpiote_in_is_set
                0x00000000000283b0       0x12 Output/ble_app_beacon_pca10040_s132 Release/Obj/nrfx_gpiote.o
                0x00000000000283b0                nrfx_gpiote_in_is_set
 *fill*         0x00000000000283c2        0x2 
 .text.GPIOTE_IRQHandler
                0x00000000000283c4      0x184 Output/ble_app_beacon_pca10040_s132 Release/Obj/nrfx_gpiote.o
                0x00000000000283c4                GPIOTE_IRQHandler
 .text.UARTE0_UART0_IRQHandler
                0x0000000000028548        0xc Output/ble_app_beacon_pca10040_s132 Release/Obj/nrfx_prs.o
                0x0000000000028548                UARTE0_UART0_IRQHandler
 .text.alert_timer_handler
                0x0000000000028554        0x6 Output/ble_app_beacon_pca10040_s132 Release/Obj/bsp.o
 *fill*         0x000000000002855a        0x2 
 .text.leds_off
                0x000000000002855c       0x2c Output/ble_app_beacon_pca10040_s132 Release/Obj/bsp.o
 .text.bsp_led_indication
                0x0000000000028588      0x1f0 Output/ble_app_beacon_pca10040_s132 Release/Obj/bsp.o
 .text.bsp_button_event_handler
                0x0000000000028778       0x9c Output/ble_app_beacon_pca10040_s132 Release/Obj/bsp.o
 .text.button_timer_handler
                0x0000000000028814        0x8 Output/ble_app_beacon_pca10040_s132 Release/Obj/bsp.o
 .text.leds_timer_handler
                0x000000000002881c       0x1c Output/ble_app_beacon_pca10040_s132 Release/Obj/bsp.o
 .text.bsp_indication_set
                0x0000000000028838       0x18 Output/ble_app_beacon_pca10040_s132 Release/Obj/bsp.o
                0x0000000000028838                bsp_indication_set
 .text.bsp_init
                0x0000000000028850       0x9c Output/ble_app_beacon_pca10040_s132 Release/Obj/bsp.o
                0x0000000000028850                bsp_init
 .text.sd_ble_gap_adv_set_configure
                0x00000000000288ec        0x4 Output/ble_app_beacon_pca10040_s132 Release/Obj/main.o
 .text.sd_ble_gap_adv_start
                0x00000000000288f0        0x4 Output/ble_app_beacon_pca10040_s132 Release/Obj/main.o
 .text.startup.main
                0x00000000000288f4      0x120 Output/ble_app_beacon_pca10040_s132 Release/Obj/main.o
                0x00000000000288f4                main
 .text._GetAvailWriteSpace
                0x0000000000028a14       0x1c Output/ble_app_beacon_pca10040_s132 Release/Obj/SEGGER_RTT.o
 .text._WriteNoCheck
                0x0000000000028a30       0x3c Output/ble_app_beacon_pca10040_s132 Release/Obj/SEGGER_RTT.o
 .text._WriteBlocking
                0x0000000000028a6c       0x52 Output/ble_app_beacon_pca10040_s132 Release/Obj/SEGGER_RTT.o
 *fill*         0x0000000000028abe        0x2 
 .text._DoInit  0x0000000000028ac0       0x60 Output/ble_app_beacon_pca10040_s132 Release/Obj/SEGGER_RTT.o
 .text.SEGGER_RTT_WriteNoLock
                0x0000000000028b20       0x68 Output/ble_app_beacon_pca10040_s132 Release/Obj/SEGGER_RTT.o
                0x0000000000028b20                SEGGER_RTT_WriteNoLock
 .text.SEGGER_RTT_Init
                0x0000000000028b88        0x4 Output/ble_app_beacon_pca10040_s132 Release/Obj/SEGGER_RTT.o
                0x0000000000028b88                SEGGER_RTT_Init
 .text.sd_ble_gap_addr_get
                0x0000000000028b8c        0x4 Output/ble_app_beacon_pca10040_s132 Release/Obj/ble_advdata.o
 .text.sd_ble_gap_appearance_get
                0x0000000000028b90        0x4 Output/ble_app_beacon_pca10040_s132 Release/Obj/ble_advdata.o
 .text.sd_ble_gap_device_name_get
                0x0000000000028b94        0x4 Output/ble_app_beacon_pca10040_s132 Release/Obj/ble_advdata.o
 .text.sd_ble_uuid_encode
                0x0000000000028b98        0x4 Output/ble_app_beacon_pca10040_s132 Release/Obj/ble_advdata.o
 .text.uuid_list_sized_encode
                0x0000000000028b9c       0xa4 Output/ble_app_beacon_pca10040_s132 Release/Obj/ble_advdata.o
 .text.uuid_list_encode
                0x0000000000028c40       0x34 Output/ble_app_beacon_pca10040_s132 Release/Obj/ble_advdata.o
 .text.ble_advdata_encode
                0x0000000000028c74      0x378 Output/ble_app_beacon_pca10040_s132 Release/Obj/ble_advdata.o
                0x0000000000028c74                ble_advdata_encode
 .text.sd_softdevice_enable
                0x0000000000028fec        0x4 Output/ble_app_beacon_pca10040_s132 Release/Obj/nrf_sdh.o
 .text.sdh_request_observer_notify
                0x0000000000028ff0       0x30 Output/ble_app_beacon_pca10040_s132 Release/Obj/nrf_sdh.o
 .text.sdh_state_observer_notify
                0x0000000000029020       0x28 Output/ble_app_beacon_pca10040_s132 Release/Obj/nrf_sdh.o
 .text.softdevices_evt_irq_enable
                0x0000000000029048       0x3c Output/ble_app_beacon_pca10040_s132 Release/Obj/nrf_sdh.o
 .text.nrf_sdh_enable_request
                0x0000000000029084       0x88 Output/ble_app_beacon_pca10040_s132 Release/Obj/nrf_sdh.o
                0x0000000000029084                nrf_sdh_enable_request
 .text.nrf_sdh_is_enabled
                0x000000000002910c        0xc Output/ble_app_beacon_pca10040_s132 Release/Obj/nrf_sdh.o
                0x000000000002910c                nrf_sdh_is_enabled
 .text.nrf_sdh_evts_poll
                0x0000000000029118       0x28 Output/ble_app_beacon_pca10040_s132 Release/Obj/nrf_sdh.o
                0x0000000000029118                nrf_sdh_evts_poll
 .text.SWI2_EGU2_IRQHandler
                0x0000000000029140        0x4 Output/ble_app_beacon_pca10040_s132 Release/Obj/nrf_sdh.o
                0x0000000000029140                SWI2_EGU2_IRQHandler
 .text.sd_ble_enable
                0x0000000000029144        0x4 Output/ble_app_beacon_pca10040_s132 Release/Obj/nrf_sdh_ble.o
 .text.sd_ble_cfg_set
                0x0000000000029148        0x4 Output/ble_app_beacon_pca10040_s132 Release/Obj/nrf_sdh_ble.o
 .text.sd_ble_evt_get
                0x000000000002914c        0x4 Output/ble_app_beacon_pca10040_s132 Release/Obj/nrf_sdh_ble.o
 .text.nrf_sdh_ble_evts_poll
                0x0000000000029150       0x50 Output/ble_app_beacon_pca10040_s132 Release/Obj/nrf_sdh_ble.o
 .text.nrf_sdh_ble_default_cfg_set
                0x00000000000291a0      0x154 Output/ble_app_beacon_pca10040_s132 Release/Obj/nrf_sdh_ble.o
                0x00000000000291a0                nrf_sdh_ble_default_cfg_set
 .text.nrf_sdh_ble_enable
                0x00000000000292f4       0x94 Output/ble_app_beacon_pca10040_s132 Release/Obj/nrf_sdh_ble.o
                0x00000000000292f4                nrf_sdh_ble_enable
 .text.sd_evt_get
                0x0000000000029388        0x4 Output/ble_app_beacon_pca10040_s132 Release/Obj/nrf_sdh_soc.o
 .text.nrf_sdh_soc_evts_poll
                0x000000000002938c       0x3c Output/ble_app_beacon_pca10040_s132 Release/Obj/nrf_sdh_soc.o
 .text.libc.__int64_lsl
                0x00000000000293c8       0x28 C:/Program Files/SEGGER/SEGGER Embedded Studio for ARM 3.34b/lib/libc_v7em_fpv4_sp_d16_hard_t_le_eabi.a(libc_asm.o)
                0x00000000000293c8                __int64_lsl
                0x00000000000293c8                __aeabi_llsl
                0x00000000000293c8                __ashldi3
 .text.libc.__int64_udivmod
                0x00000000000293f0       0xd0 C:/Program Files/SEGGER/SEGGER Embedded Studio for ARM 3.34b/lib/libc_v7em_fpv4_sp_d16_hard_t_le_eabi.a(libc_asm.o)
                0x00000000000293f0                __aeabi_uldivmod
                0x00000000000293f0                __int64_udiv
                0x00000000000293f0                __udivdi3
                0x00000000000293f0                __int64_udivmod
 .text.libc.__RAL_ascii_isctype
                0x00000000000294c0       0x1c C:/Program Files/SEGGER/SEGGER Embedded Studio for ARM 3.34b/lib/libc_v7em_fpv4_sp_d16_hard_t_le_eabi.a(libc2.o)
 .text.libc.__RAL_ascii_toupper
                0x00000000000294dc        0xc C:/Program Files/SEGGER/SEGGER Embedded Studio for ARM 3.34b/lib/libc_v7em_fpv4_sp_d16_hard_t_le_eabi.a(libc2.o)
 .text.libc.__RAL_ascii_tolower
                0x00000000000294e8        0xc C:/Program Files/SEGGER/SEGGER Embedded Studio for ARM 3.34b/lib/libc_v7em_fpv4_sp_d16_hard_t_le_eabi.a(libc2.o)
 .text.libc.__RAL_ascii_iswctype
                0x00000000000294f4       0x1c C:/Program Files/SEGGER/SEGGER Embedded Studio for ARM 3.34b/lib/libc_v7em_fpv4_sp_d16_hard_t_le_eabi.a(libc2.o)
 .text.libc.__RAL_ascii_towupper
                0x0000000000029510        0xc C:/Program Files/SEGGER/SEGGER Embedded Studio for ARM 3.34b/lib/libc_v7em_fpv4_sp_d16_hard_t_le_eabi.a(libc2.o)
 .text.libc.__RAL_ascii_towlower
                0x000000000002951c        0xc C:/Program Files/SEGGER/SEGGER Embedded Studio for ARM 3.34b/lib/libc_v7em_fpv4_sp_d16_hard_t_le_eabi.a(libc2.o)
 .text.libc.__RAL_ascii_wctomb
                0x0000000000029528        0xe C:/Program Files/SEGGER/SEGGER Embedded Studio for ARM 3.34b/lib/libc_v7em_fpv4_sp_d16_hard_t_le_eabi.a(libc2.o)
                0x0000000000029528                __RAL_ascii_wctomb
 .text.libc.__RAL_ascii_mbtowc
                0x0000000000029536       0x24 C:/Program Files/SEGGER/SEGGER Embedded Studio for ARM 3.34b/lib/libc_v7em_fpv4_sp_d16_hard_t_le_eabi.a(libc2.o)
                0x0000000000029536                __RAL_ascii_mbtowc
 *fill*         0x000000000002955a        0x2 
 .text.libc.__RAL_isctype
                0x000000000002955c       0x14 C:/Program Files/SEGGER/SEGGER Embedded Studio for ARM 3.34b/lib/libc_v7em_fpv4_sp_d16_hard_t_le_eabi.a(libc2.o)
                0x000000000002955c                __RAL_isctype
 .text.libc.isprint
                0x0000000000029570        0xa C:/Program Files/SEGGER/SEGGER Embedded Studio for ARM 3.34b/lib/libc_v7em_fpv4_sp_d16_hard_t_le_eabi.a(libc2.o)
                0x0000000000029570                isprint
 *fill*         0x000000000002957a        0x2 
 .text.libc.memcpy
                0x000000000002957c       0x54 C:/Program Files/SEGGER/SEGGER Embedded Studio for ARM 3.34b/lib/libc_v7em_fpv4_sp_d16_hard_t_le_eabi.a(libc2_asm.o)
                0x000000000002957c                __aeabi_memcpy
                0x000000000002957c                memcpy
                0x0000000000029588                __aeabi_memcpy8
                0x0000000000029588                __aeabi_memcpy4
 .text.libc.memset
                0x00000000000295d0       0x68 C:/Program Files/SEGGER/SEGGER Embedded Studio for ARM 3.34b/lib/libc_v7em_fpv4_sp_d16_hard_t_le_eabi.a(libc2_asm.o)
                0x00000000000295d0                memset
 .text.libc.strcpy
                0x0000000000029638       0x44 C:/Program Files/SEGGER/SEGGER Embedded Studio for ARM 3.34b/lib/libc_v7em_fpv4_sp_d16_hard_t_le_eabi.a(libc2_asm.o)
                0x0000000000029638                strcpy
 .text.libc.strlen
                0x000000000002967c       0x60 C:/Program Files/SEGGER/SEGGER Embedded Studio for ARM 3.34b/lib/libc_v7em_fpv4_sp_d16_hard_t_le_eabi.a(libc2_asm.o)
                0x000000000002967c                strlen
                0x00000000000296dc                __text_end__ = (__text_start__ + SIZEOF (.text))
                0x00000000000033e8                __text_size__ = SIZEOF (.text)
                0x00000000000296dc                __text_load_end__ = __text_end__

.vfp11_veneer   0x0000000100000000        0x0
 .vfp11_veneer  0x0000000100000000        0x0 linker stubs

.v4_bx          0x0000000100000000        0x0
 .v4_bx         0x0000000100000000        0x0 linker stubs

.iplt           0x0000000100000000        0x0
 .iplt          0x0000000100000000        0x0 Output/ble_app_beacon_pca10040_s132 Release/Obj/thumb_crt0.o
                0x0000000000000001                . = ASSERT (((__text_start__ == __text_end__) || ((__text_end__ >= __FLASH_segment_start__) && (__text_end__ <= __FLASH_segment_end__))), error: .text is too large to fit in FLASH memory segment)
                0x00000000000296dc                __sdh_soc_observers_load_start__ = ALIGN (__text_end__, 0x4)

.sdh_soc_observers
                0x00000000000296dc        0x8
                0x00000000000296dc                __sdh_soc_observers_start__ = .
                0x00000000000296dc                __start_sdh_soc_observers = __sdh_soc_observers_start__
 *(SORT(.sdh_soc_observers*))
 .sdh_soc_observers0
                0x00000000000296dc        0x8 Output/ble_app_beacon_pca10040_s132 Release/Obj/nrf_drv_clock.o
                0x00000000000296e4                __sdh_soc_observers_end__ = (__sdh_soc_observers_start__ + SIZEOF (.sdh_soc_observers))
                0x0000000000000008                __sdh_soc_observers_size__ = SIZEOF (.sdh_soc_observers)
                0x00000000000296e4                __stop_sdh_soc_observers = __sdh_soc_observers_end__
                0x00000000000296e4                __sdh_soc_observers_load_end__ = __sdh_soc_observers_end__
                0x0000000000000001                . = ASSERT (((__sdh_soc_observers_start__ == __sdh_soc_observers_end__) || ((__sdh_soc_observers_end__ >= __FLASH_segment_start__) && (__sdh_soc_observers_end__ <= __FLASH_segment_end__))), error: .sdh_soc_observers is too large to fit in FLASH memory segment)
                0x00000000000296e4                __sdh_ble_observers_load_start__ = ALIGN (__sdh_soc_observers_end__, 0x4)

.sdh_ble_observers
                0x00000000000296e4        0x0
                0x00000000000296e4                __sdh_ble_observers_start__ = .
                0x00000000000296e4                __start_sdh_ble_observers = __sdh_ble_observers_start__
 *(SORT(.sdh_ble_observers*))
                0x00000000000296e4                __sdh_ble_observers_end__ = (__sdh_ble_observers_start__ + SIZEOF (.sdh_ble_observers))
                0x0000000000000000                __sdh_ble_observers_size__ = SIZEOF (.sdh_ble_observers)
                0x00000000000296e4                __stop_sdh_ble_observers = __sdh_ble_observers_end__
                0x00000000000296e4                __sdh_ble_observers_load_end__ = __sdh_ble_observers_end__
                0x0000000000000001                . = ASSERT (((__sdh_ble_observers_start__ == __sdh_ble_observers_end__) || ((__sdh_ble_observers_end__ >= __FLASH_segment_start__) && (__sdh_ble_observers_end__ <= __FLASH_segment_end__))), error: .sdh_ble_observers is too large to fit in FLASH memory segment)
                0x00000000000296e4                __pwr_mgmt_data_load_start__ = ALIGN (__sdh_ble_observers_end__, 0x4)

.pwr_mgmt_data  0x00000000000296e4        0x0
                0x00000000000296e4                __pwr_mgmt_data_start__ = .
                0x00000000000296e4                __start_pwr_mgmt_data = __pwr_mgmt_data_start__
 *(SORT(.pwr_mgmt_data*))
                0x00000000000296e4                __pwr_mgmt_data_end__ = (__pwr_mgmt_data_start__ + SIZEOF (.pwr_mgmt_data))
                0x0000000000000000                __pwr_mgmt_data_size__ = SIZEOF (.pwr_mgmt_data)
                0x00000000000296e4                __stop_pwr_mgmt_data = __pwr_mgmt_data_end__
                0x00000000000296e4                __pwr_mgmt_data_load_end__ = __pwr_mgmt_data_end__
                0x0000000000000001                . = ASSERT (((__pwr_mgmt_data_start__ == __pwr_mgmt_data_end__) || ((__pwr_mgmt_data_end__ >= __FLASH_segment_start__) && (__pwr_mgmt_data_end__ <= __FLASH_segment_end__))), error: .pwr_mgmt_data is too large to fit in FLASH memory segment)
                0x00000000000296e4                __log_const_data_load_start__ = ALIGN (__pwr_mgmt_data_end__, 0x4)

.log_const_data
                0x00000000000296e4       0x60
                0x00000000000296e4                __log_const_data_start__ = .
                0x00000000000296e4                __start_log_const_data = __log_const_data_start__
 *(SORT(.log_const_data*))
 .log_const_data_CLOCK
                0x00000000000296e4        0x8 Output/ble_app_beacon_pca10040_s132 Release/Obj/nrfx_clock.o
                0x00000000000296e4                m_nrf_log_CLOCK_logs_data_const
 .log_const_data_GPIOTE
                0x00000000000296ec        0x8 Output/ble_app_beacon_pca10040_s132 Release/Obj/nrfx_gpiote.o
                0x00000000000296ec                m_nrf_log_GPIOTE_logs_data_const
 .log_const_data_PRS
                0x00000000000296f4        0x8 Output/ble_app_beacon_pca10040_s132 Release/Obj/nrfx_prs.o
                0x00000000000296f4                m_nrf_log_PRS_logs_data_const
 .log_const_data_UART
                0x00000000000296fc        0x8 Output/ble_app_beacon_pca10040_s132 Release/Obj/nrfx_uart.o
                0x00000000000296fc                m_nrf_log_UART_logs_data_const
 .log_const_data_UARTE
                0x0000000000029704        0x8 Output/ble_app_beacon_pca10040_s132 Release/Obj/nrfx_uarte.o
                0x0000000000029704                m_nrf_log_UARTE_logs_data_const
 .log_const_data_app
                0x000000000002970c        0x8 Output/ble_app_beacon_pca10040_s132 Release/Obj/nrf_log_frontend.o
                0x000000000002970c                m_nrf_log_app_logs_data_const
 .log_const_data_balloc_log_mempool
                0x0000000000029714        0x8 Output/ble_app_beacon_pca10040_s132 Release/Obj/nrf_log_frontend.o
                0x0000000000029714                m_nrf_log_balloc_log_mempool_logs_data_const
 .log_const_data_clock
                0x000000000002971c        0x8 Output/ble_app_beacon_pca10040_s132 Release/Obj/nrf_drv_clock.o
                0x000000000002971c                m_nrf_log_clock_logs_data_const
 .log_const_data_nrf_sdh
                0x0000000000029724        0x8 Output/ble_app_beacon_pca10040_s132 Release/Obj/nrf_sdh.o
                0x0000000000029724                m_nrf_log_nrf_sdh_logs_data_const
 .log_const_data_nrf_sdh_ble
                0x000000000002972c        0x8 Output/ble_app_beacon_pca10040_s132 Release/Obj/nrf_sdh_ble.o
                0x000000000002972c                m_nrf_log_nrf_sdh_ble_logs_data_const
 .log_const_data_nrf_sdh_soc
                0x0000000000029734        0x8 Output/ble_app_beacon_pca10040_s132 Release/Obj/nrf_sdh_soc.o
                0x0000000000029734                m_nrf_log_nrf_sdh_soc_logs_data_const
 .log_const_data_pwr_mgmt
                0x000000000002973c        0x8 Output/ble_app_beacon_pca10040_s132 Release/Obj/nrf_pwr_mgmt.o
                0x000000000002973c                m_nrf_log_pwr_mgmt_logs_data_const
                0x0000000000029744                __log_const_data_end__ = (__log_const_data_start__ + SIZEOF (.log_const_data))
                0x0000000000000060                __log_const_data_size__ = SIZEOF (.log_const_data)
                0x0000000000029744                __stop_log_const_data = __log_const_data_end__
                0x0000000000029744                __log_const_data_load_end__ = __log_const_data_end__
                0x0000000000000001                . = ASSERT (((__log_const_data_start__ == __log_const_data_end__) || ((__log_const_data_end__ >= __FLASH_segment_start__) && (__log_const_data_end__ <= __FLASH_segment_end__))), error: .log_const_data is too large to fit in FLASH memory segment)
                0x0000000000029744                __nrf_balloc_load_start__ = ALIGN (__log_const_data_end__, 0x4)

.nrf_balloc     0x0000000000029744       0x18
                0x0000000000029744                __nrf_balloc_start__ = .
                0x0000000000029744                __start_nrf_balloc = __nrf_balloc_start__
 *(.nrf_balloc*)
 .nrf_balloc    0x0000000000029744       0x18 Output/ble_app_beacon_pca10040_s132 Release/Obj/nrf_log_frontend.o
                0x0000000000029744                log_mempool
                0x000000000002975c                __nrf_balloc_end__ = (__nrf_balloc_start__ + SIZEOF (.nrf_balloc))
                0x0000000000000018                __nrf_balloc_size__ = SIZEOF (.nrf_balloc)
                0x000000000002975c                __stop_nrf_balloc = __nrf_balloc_end__
                0x000000000002975c                __nrf_balloc_load_end__ = __nrf_balloc_end__
                0x0000000000000001                . = ASSERT (((__nrf_balloc_start__ == __nrf_balloc_end__) || ((__nrf_balloc_end__ >= __FLASH_segment_start__) && (__nrf_balloc_end__ <= __FLASH_segment_end__))), error: .nrf_balloc is too large to fit in FLASH memory segment)
                0x000000000002975c                __sdh_state_observers_load_start__ = ALIGN (__nrf_balloc_end__, 0x4)

.sdh_state_observers
                0x000000000002975c        0x8
                0x000000000002975c                __sdh_state_observers_start__ = .
                0x000000000002975c                __start_sdh_state_observers = __sdh_state_observers_start__
 *(SORT(.sdh_state_observers*))
 .sdh_state_observers0
                0x000000000002975c        0x8 Output/ble_app_beacon_pca10040_s132 Release/Obj/nrf_drv_clock.o
                0x0000000000029764                __sdh_state_observers_end__ = (__sdh_state_observers_start__ + SIZEOF (.sdh_state_observers))
                0x0000000000000008                __sdh_state_observers_size__ = SIZEOF (.sdh_state_observers)
                0x0000000000029764                __stop_sdh_state_observers = __sdh_state_observers_end__
                0x0000000000029764                __sdh_state_observers_load_end__ = __sdh_state_observers_end__
                0x0000000000000001                . = ASSERT (((__sdh_state_observers_start__ == __sdh_state_observers_end__) || ((__sdh_state_observers_end__ >= __FLASH_segment_start__) && (__sdh_state_observers_end__ <= __FLASH_segment_end__))), error: .sdh_state_observers is too large to fit in FLASH memory segment)
                0x0000000000029764                __sdh_stack_observers_load_start__ = ALIGN (__sdh_state_observers_end__, 0x4)

.sdh_stack_observers
                0x0000000000029764       0x10
                0x0000000000029764                __sdh_stack_observers_start__ = .
                0x0000000000029764                __start_sdh_stack_observers = __sdh_stack_observers_start__
 *(SORT(.sdh_stack_observers*))
 .sdh_stack_observers0
                0x0000000000029764        0x8 Output/ble_app_beacon_pca10040_s132 Release/Obj/nrf_sdh_ble.o
 .sdh_stack_observers0
                0x000000000002976c        0x8 Output/ble_app_beacon_pca10040_s132 Release/Obj/nrf_sdh_soc.o
                0x0000000000029774                __sdh_stack_observers_end__ = (__sdh_stack_observers_start__ + SIZEOF (.sdh_stack_observers))
                0x0000000000000010                __sdh_stack_observers_size__ = SIZEOF (.sdh_stack_observers)
                0x0000000000029774                __stop_sdh_stack_observers = __sdh_stack_observers_end__
                0x0000000000029774                __sdh_stack_observers_load_end__ = __sdh_stack_observers_end__
                0x0000000000000001                . = ASSERT (((__sdh_stack_observers_start__ == __sdh_stack_observers_end__) || ((__sdh_stack_observers_end__ >= __FLASH_segment_start__) && (__sdh_stack_observers_end__ <= __FLASH_segment_end__))), error: .sdh_stack_observers is too large to fit in FLASH memory segment)
                0x0000000000029774                __sdh_req_observers_load_start__ = ALIGN (__sdh_stack_observers_end__, 0x4)

.sdh_req_observers
                0x0000000000029774        0x0
                0x0000000000029774                __sdh_req_observers_start__ = .
                0x0000000000029774                __start_sdh_req_observers = __sdh_req_observers_start__
 *(SORT(.sdh_req_observers*))
                0x0000000000029774                __sdh_req_observers_end__ = (__sdh_req_observers_start__ + SIZEOF (.sdh_req_observers))
                0x0000000000000000                __sdh_req_observers_size__ = SIZEOF (.sdh_req_observers)
                0x0000000000029774                __stop_sdh_req_observers = __sdh_req_observers_end__
                0x0000000000029774                __sdh_req_observers_load_end__ = __sdh_req_observers_end__
                0x0000000000000001                . = ASSERT (((__sdh_req_observers_start__ == __sdh_req_observers_end__) || ((__sdh_req_observers_end__ >= __FLASH_segment_start__) && (__sdh_req_observers_end__ <= __FLASH_segment_end__))), error: .sdh_req_observers is too large to fit in FLASH memory segment)
                0x0000000000029774                __nrf_queue_load_start__ = ALIGN (__sdh_req_observers_end__, 0x4)

.nrf_queue      0x0000000000029774        0x0
                0x0000000000029774                __nrf_queue_start__ = .
                0x0000000000029774                __start_nrf_queue = __nrf_queue_start__
 *(.nrf_queue*)
                0x0000000000029774                __nrf_queue_end__ = (__nrf_queue_start__ + SIZEOF (.nrf_queue))
                0x0000000000000000                __nrf_queue_size__ = SIZEOF (.nrf_queue)
                0x0000000000029774                __stop_nrf_queue = __nrf_queue_end__
                0x0000000000029774                __nrf_queue_load_end__ = __nrf_queue_end__
                0x0000000000000001                . = ASSERT (((__nrf_queue_start__ == __nrf_queue_end__) || ((__nrf_queue_end__ >= __FLASH_segment_start__) && (__nrf_queue_end__ <= __FLASH_segment_end__))), error: .nrf_queue is too large to fit in FLASH memory segment)
                0x0000000000029774                __cli_command_load_start__ = ALIGN (__nrf_queue_end__, 0x4)

.cli_command    0x0000000000029774        0x0
                0x0000000000029774                __cli_command_start__ = .
                0x0000000000029774                __start_cli_command = __cli_command_start__
 *(.cli_command*)
                0x0000000000029774                __cli_command_end__ = (__cli_command_start__ + SIZEOF (.cli_command))
                0x0000000000000000                __cli_command_size__ = SIZEOF (.cli_command)
                0x0000000000029774                __stop_cli_command = __cli_command_end__
                0x0000000000029774                __cli_command_load_end__ = __cli_command_end__
                0x0000000000000001                . = ASSERT (((__cli_command_start__ == __cli_command_end__) || ((__cli_command_end__ >= __FLASH_segment_start__) && (__cli_command_end__ <= __FLASH_segment_end__))), error: .cli_command is too large to fit in FLASH memory segment)
                0x0000000000029774                __crypto_data_load_start__ = ALIGN (__cli_command_end__, 0x4)

.crypto_data    0x0000000000029774        0x0
                0x0000000000029774                __crypto_data_start__ = .
                0x0000000000029774                __start_crypto_data = __crypto_data_start__
 *(SORT(.crypto_data*))
                0x0000000000029774                __crypto_data_end__ = (__crypto_data_start__ + SIZEOF (.crypto_data))
                0x0000000000000000                __crypto_data_size__ = SIZEOF (.crypto_data)
                0x0000000000029774                __stop_crypto_data = __crypto_data_end__
                0x0000000000029774                __crypto_data_load_end__ = __crypto_data_end__
                0x0000000000000001                . = ASSERT (((__crypto_data_start__ == __crypto_data_end__) || ((__crypto_data_end__ >= __FLASH_segment_start__) && (__crypto_data_end__ <= __FLASH_segment_end__))), error: .crypto_data is too large to fit in FLASH memory segment)
                0x0000000000029774                __nrf_sections_load_start__ = ALIGN (__crypto_data_end__, 0x4)

.nrf_sections   0x0000000000029774        0x0
                0x0000000000029774                __nrf_sections_start__ = .
                0x0000000000029774                __start_nrf_sections = __nrf_sections_start__
 *(.nrf_sections .nrf_sections.*)
                0x0000000000029774                __nrf_sections_end__ = (__nrf_sections_start__ + SIZEOF (.nrf_sections))
                0x0000000000000000                __nrf_sections_size__ = SIZEOF (.nrf_sections)
                0x0000000000029774                __nrf_sections_load_end__ = __nrf_sections_end__
                0x0000000000000001                . = ASSERT (((__nrf_sections_start__ == __nrf_sections_end__) || ((__nrf_sections_end__ >= __FLASH_segment_start__) && (__nrf_sections_end__ <= __FLASH_segment_end__))), error: .nrf_sections is too large to fit in FLASH memory segment)
                0x0000000000029774                __log_dynamic_data_load_start__ = ALIGN (__nrf_sections_end__, 0x4)

.log_dynamic_data
                0x00000000200018a8       0x30 load address 0x0000000000029774
                0x00000000200018a8                __log_dynamic_data_start__ = .
 *(SORT(.log_dynamic_data*))
 .log_dynamic_data_CLOCK
                0x00000000200018a8        0x4 Output/ble_app_beacon_pca10040_s132 Release/Obj/nrfx_clock.o
                0x00000000200018a8                m_nrf_log_CLOCK_logs_data_dynamic
 .log_dynamic_data_GPIOTE
                0x00000000200018ac        0x4 Output/ble_app_beacon_pca10040_s132 Release/Obj/nrfx_gpiote.o
                0x00000000200018ac                m_nrf_log_GPIOTE_logs_data_dynamic
 .log_dynamic_data_PRS
                0x00000000200018b0        0x4 Output/ble_app_beacon_pca10040_s132 Release/Obj/nrfx_prs.o
                0x00000000200018b0                m_nrf_log_PRS_logs_data_dynamic
 .log_dynamic_data_UART
                0x00000000200018b4        0x4 Output/ble_app_beacon_pca10040_s132 Release/Obj/nrfx_uart.o
                0x00000000200018b4                m_nrf_log_UART_logs_data_dynamic
 .log_dynamic_data_UARTE
                0x00000000200018b8        0x4 Output/ble_app_beacon_pca10040_s132 Release/Obj/nrfx_uarte.o
                0x00000000200018b8                m_nrf_log_UARTE_logs_data_dynamic
 .log_dynamic_data_app
                0x00000000200018bc        0x4 Output/ble_app_beacon_pca10040_s132 Release/Obj/nrf_log_frontend.o
                0x00000000200018bc                m_nrf_log_app_logs_data_dynamic
 .log_dynamic_data_balloc_log_mempool
                0x00000000200018c0        0x4 Output/ble_app_beacon_pca10040_s132 Release/Obj/nrf_log_frontend.o
                0x00000000200018c0                m_nrf_log_balloc_log_mempool_logs_data_dynamic
 .log_dynamic_data_clock
                0x00000000200018c4        0x4 Output/ble_app_beacon_pca10040_s132 Release/Obj/nrf_drv_clock.o
                0x00000000200018c4                m_nrf_log_clock_logs_data_dynamic
 .log_dynamic_data_nrf_sdh
                0x00000000200018c8        0x4 Output/ble_app_beacon_pca10040_s132 Release/Obj/nrf_sdh.o
                0x00000000200018c8                m_nrf_log_nrf_sdh_logs_data_dynamic
 .log_dynamic_data_nrf_sdh_ble
                0x00000000200018cc        0x4 Output/ble_app_beacon_pca10040_s132 Release/Obj/nrf_sdh_ble.o
                0x00000000200018cc                m_nrf_log_nrf_sdh_ble_logs_data_dynamic
 .log_dynamic_data_nrf_sdh_soc
                0x00000000200018d0        0x4 Output/ble_app_beacon_pca10040_s132 Release/Obj/nrf_sdh_soc.o
                0x00000000200018d0                m_nrf_log_nrf_sdh_soc_logs_data_dynamic
 .log_dynamic_data_pwr_mgmt
                0x00000000200018d4        0x4 Output/ble_app_beacon_pca10040_s132 Release/Obj/nrf_pwr_mgmt.o
                0x00000000200018d4                m_nrf_log_pwr_mgmt_logs_data_dynamic
                0x00000000200018d8                __log_dynamic_data_end__ = (__log_dynamic_data_start__ + SIZEOF (.log_dynamic_data))
                0x0000000000000030                __log_dynamic_data_size__ = SIZEOF (.log_dynamic_data)
                0x00000000000297a4                __log_dynamic_data_load_end__ = (__log_dynamic_data_load_start__ + SIZEOF (.log_dynamic_data))
                0x0000000000000001                . = ASSERT (((__log_dynamic_data_load_start__ == __log_dynamic_data_load_end__) || ((__log_dynamic_data_load_end__ >= __FLASH_segment_start__) && (__log_dynamic_data_load_end__ <= __FLASH_segment_end__))), error: .log_dynamic_data is too large to fit in FLASH memory segment)

.log_dynamic_data_run
                0x00000000200018a8       0x30 load address 0x0000000000029774
                0x00000000200018a8                __log_dynamic_data_run_start__ = .
                0x00000000200018a8                __start_log_dynamic_data = __log_dynamic_data_run_start__
                0x00000000200018d8                . = MAX ((__log_dynamic_data_run_start__ + SIZEOF (.log_dynamic_data)), .)
 *fill*         0x00000000200018a8       0x30 
                0x00000000200018d8                __log_dynamic_data_run_end__ = (__log_dynamic_data_run_start__ + SIZEOF (.log_dynamic_data_run))
                0x0000000000000030                __log_dynamic_data_run_size__ = SIZEOF (.log_dynamic_data_run)
                0x00000000200018d8                __stop_log_dynamic_data = __log_dynamic_data_run_end__
                0x00000000200018d8                __log_dynamic_data_run_load_end__ = __log_dynamic_data_run_end__
                0x0000000000000001                . = ASSERT (((__log_dynamic_data_run_start__ == __log_dynamic_data_run_end__) || ((__log_dynamic_data_run_end__ >= __RAM_segment_start__) && (__log_dynamic_data_run_end__ <= __RAM_segment_end__))), error: .log_dynamic_data_run is too large to fit in RAM memory segment)
                0x00000000000297a4                __cli_sorted_cmd_ptrs_load_start__ = ALIGN ((__log_dynamic_data_load_start__ + SIZEOF (.log_dynamic_data)), 0x4)

.cli_sorted_cmd_ptrs
                0x00000000200018d8        0x0 load address 0x00000000000297a4
                0x00000000200018d8                __cli_sorted_cmd_ptrs_start__ = .
 *(.cli_sorted_cmd_ptrs*)
                0x00000000200018d8                __cli_sorted_cmd_ptrs_end__ = (__cli_sorted_cmd_ptrs_start__ + SIZEOF (.cli_sorted_cmd_ptrs))
                0x0000000000000000                __cli_sorted_cmd_ptrs_size__ = SIZEOF (.cli_sorted_cmd_ptrs)
                0x00000000000297a4                __cli_sorted_cmd_ptrs_load_end__ = (__cli_sorted_cmd_ptrs_load_start__ + SIZEOF (.cli_sorted_cmd_ptrs))
                0x0000000000000001                . = ASSERT (((__cli_sorted_cmd_ptrs_load_start__ == __cli_sorted_cmd_ptrs_load_end__) || ((__cli_sorted_cmd_ptrs_load_end__ >= __FLASH_segment_start__) && (__cli_sorted_cmd_ptrs_load_end__ <= __FLASH_segment_end__))), error: .cli_sorted_cmd_ptrs is too large to fit in FLASH memory segment)

.cli_sorted_cmd_ptrs_run
                0x00000000200018d8        0x0
                0x00000000200018d8                __cli_sorted_cmd_ptrs_run_start__ = .
                0x00000000200018d8                __start_cli_sorted_cmd_ptrs = __cli_sorted_cmd_ptrs_run_start__
                0x00000000200018d8                . = MAX ((__cli_sorted_cmd_ptrs_run_start__ + SIZEOF (.cli_sorted_cmd_ptrs)), .)
                0x00000000200018d8                __cli_sorted_cmd_ptrs_run_end__ = (__cli_sorted_cmd_ptrs_run_start__ + SIZEOF (.cli_sorted_cmd_ptrs_run))
                0x0000000000000000                __cli_sorted_cmd_ptrs_run_size__ = SIZEOF (.cli_sorted_cmd_ptrs_run)
                0x00000000200018d8                __stop_cli_sorted_cmd_ptrs = __cli_sorted_cmd_ptrs_run_end__
                0x00000000200018d8                __cli_sorted_cmd_ptrs_run_load_end__ = __cli_sorted_cmd_ptrs_run_end__
                0x0000000000000001                . = ASSERT (((__cli_sorted_cmd_ptrs_run_start__ == __cli_sorted_cmd_ptrs_run_end__) || ((__cli_sorted_cmd_ptrs_run_end__ >= __RAM_segment_start__) && (__cli_sorted_cmd_ptrs_run_end__ <= __RAM_segment_end__))), error: .cli_sorted_cmd_ptrs_run is too large to fit in RAM memory segment)
                0x00000000000297a4                __fs_data_load_start__ = ALIGN ((__cli_sorted_cmd_ptrs_load_start__ + SIZEOF (.cli_sorted_cmd_ptrs)), 0x4)

.fs_data        0x00000000200018d8        0x0 load address 0x00000000000297a4
                0x00000000200018d8                __fs_data_start__ = .
 *(.fs_data*)
                0x00000000200018d8                __fs_data_end__ = (__fs_data_start__ + SIZEOF (.fs_data))
                0x0000000000000000                __fs_data_size__ = SIZEOF (.fs_data)
                0x00000000000297a4                __fs_data_load_end__ = (__fs_data_load_start__ + SIZEOF (.fs_data))
                0x0000000000000001                . = ASSERT (((__fs_data_load_start__ == __fs_data_load_end__) || ((__fs_data_load_end__ >= __FLASH_segment_start__) && (__fs_data_load_end__ <= __FLASH_segment_end__))), error: .fs_data is too large to fit in FLASH memory segment)

.fs_data_run    0x00000000200018d8        0x0
                0x00000000200018d8                __fs_data_run_start__ = .
                0x00000000200018d8                __start_fs_data = __fs_data_run_start__
                0x00000000200018d8                . = MAX ((__fs_data_run_start__ + SIZEOF (.fs_data)), .)
                0x00000000200018d8                __fs_data_run_end__ = (__fs_data_run_start__ + SIZEOF (.fs_data_run))
                0x0000000000000000                __fs_data_run_size__ = SIZEOF (.fs_data_run)
                0x00000000200018d8                __stop_fs_data = __fs_data_run_end__
                0x00000000200018d8                __fs_data_run_load_end__ = __fs_data_run_end__
                0x0000000000000001                . = ASSERT (((__fs_data_run_start__ == __fs_data_run_end__) || ((__fs_data_run_end__ >= __RAM_segment_start__) && (__fs_data_run_end__ <= __RAM_segment_end__))), error: .fs_data_run is too large to fit in RAM memory segment)
                0x00000000200018d8                __nrf_sections_run_end_load_start__ = ALIGN (__fs_data_run_end__, 0x4)

.nrf_sections_run_end
                0x00000000200018d8        0x0
                0x00000000200018d8                __nrf_sections_run_end_start__ = .
                0x00000000200018d8                __end_nrf_sections_run = __nrf_sections_run_end_start__
 *(.nrf_sections_run_end .nrf_sections_run_end.*)
                0x00000000200018d8                __nrf_sections_run_end_end__ = (__nrf_sections_run_end_start__ + SIZEOF (.nrf_sections_run_end))
                0x0000000000000000                __nrf_sections_run_end_size__ = SIZEOF (.nrf_sections_run_end)
                0x00000000200018d8                __nrf_sections_run_end_load_end__ = __nrf_sections_run_end_end__
                0x0000000000000001                . = ASSERT (((__nrf_sections_run_end_start__ == __nrf_sections_run_end_end__) || ((__nrf_sections_run_end_end__ >= __RAM_segment_start__) && (__nrf_sections_run_end_end__ <= __RAM_segment_end__))), error: .nrf_sections_run_end is too large to fit in RAM memory segment)
                0x00000000000297a4                __dtors_load_start__ = ALIGN ((__fs_data_load_start__ + SIZEOF (.fs_data)), 0x4)

.dtors          0x00000000000297a4        0x0
                0x00000000000297a4                __dtors_start__ = .
 *(SORT(.dtors.*))
 *(.dtors)
 *(.fini_array)
 *(SORT(.fini_array.*))
                0x00000000000297a4                __dtors_end__ = (__dtors_start__ + SIZEOF (.dtors))
                0x0000000000000000                __dtors_size__ = SIZEOF (.dtors)
                0x00000000000297a4                __dtors_load_end__ = __dtors_end__
                0x0000000000000001                . = ASSERT (((__dtors_start__ == __dtors_end__) || ((__dtors_end__ >= __FLASH_segment_start__) && (__dtors_end__ <= __FLASH_segment_end__))), error: .dtors is too large to fit in FLASH memory segment)
                0x00000000000297a4                __ctors_load_start__ = ALIGN (__dtors_end__, 0x4)

.ctors          0x00000000000297a4        0x0
                0x00000000000297a4                __ctors_start__ = .
 *(SORT(.ctors.*))
 *(.ctors)
 *(.init_array)
 *(SORT(.init_array.*))
                0x00000000000297a4                __ctors_end__ = (__ctors_start__ + SIZEOF (.ctors))
                0x0000000000000000                __ctors_size__ = SIZEOF (.ctors)
                0x00000000000297a4                __ctors_load_end__ = __ctors_end__
                0x0000000000000001                . = ASSERT (((__ctors_start__ == __ctors_end__) || ((__ctors_end__ >= __FLASH_segment_start__) && (__ctors_end__ <= __FLASH_segment_end__))), error: .ctors is too large to fit in FLASH memory segment)
                0x00000000000297a4                __rodata_load_start__ = ALIGN (__ctors_end__, 0x4)

.rodata         0x00000000000297a4      0xba8
                0x00000000000297a4                __rodata_start__ = .
 *(.rodata .rodata.* .gnu.linkonce.r.*)
 *fill*         0x00000000000297a4        0xc 
 .rodata.delay_bytecode.8343
                0x00000000000297b0        0x6 Output/ble_app_beacon_pca10040_s132 Release/Obj/nrf_log_backend_rtt.o
 *fill*         0x00000000000297b6        0x2 
 .rodata.nrf_log_backend_rtt_api
                0x00000000000297b8        0xc Output/ble_app_beacon_pca10040_s132 Release/Obj/nrf_log_backend_rtt.o
                0x00000000000297b8                nrf_log_backend_rtt_api
 .rodata.nrf_log_frontend_dequeue.str1.1
                0x00000000000297c4       0x11 Output/ble_app_beacon_pca10040_s132 Release/Obj/nrf_log_frontend.o
 .rodata.str1.1
                0x00000000000297d5       0x17 Output/ble_app_beacon_pca10040_s132 Release/Obj/nrf_log_frontend.o
 .rodata.m_colors
                0x00000000000297ec       0x24 Output/ble_app_beacon_pca10040_s132 Release/Obj/nrf_log_str_formatter.o
 .rodata.nrf_log_hexdump_entry_process.str1.1
                0x0000000000029810        0xf Output/ble_app_beacon_pca10040_s132 Release/Obj/nrf_log_str_formatter.o
                                         0x11 (size before relaxing)
 .rodata.postfix_process.str1.1
                0x000000000002981f        0xf Output/ble_app_beacon_pca10040_s132 Release/Obj/nrf_log_str_formatter.o
                                          0x3 (size before relaxing)
 .rodata.prefix_process.str1.1
                0x000000000002981f       0x32 Output/ble_app_beacon_pca10040_s132 Release/Obj/nrf_log_str_formatter.o
 *fill*         0x0000000000029851        0x3 
 .rodata.severity_names
                0x0000000000029854       0x14 Output/ble_app_beacon_pca10040_s132 Release/Obj/nrf_log_str_formatter.o
 .rodata.str1.1
                0x0000000000029868       0x4b Output/ble_app_beacon_pca10040_s132 Release/Obj/nrf_log_str_formatter.o
                                         0x51 (size before relaxing)
 *fill*         0x00000000000298b3        0x1 
 .rodata.m_detection_delay_timer_id
                0x00000000000298b4        0x4 Output/ble_app_beacon_pca10040_s132 Release/Obj/app_button.o
 .rodata.app_error_fault_handler.str1.1
                0x00000000000298b8       0x19 Output/ble_app_beacon_pca10040_s132 Release/Obj/app_error_weak.o
 *fill*         0x00000000000298d1        0xf 
 .rodata.delay_bytecode.8072
                0x00000000000298e0        0x6 Output/ble_app_beacon_pca10040_s132 Release/Obj/app_timer.o
 .rodata._aV2C.7289
                0x00000000000298e6       0x10 Output/ble_app_beacon_pca10040_s132 Release/Obj/nrf_fprintf_format.o
 *fill*         0x00000000000298f6        0x2 
 .rodata.pwr_mgmt_data
                0x00000000000298f8        0xc Output/ble_app_beacon_pca10040_s132 Release/Obj/nrf_pwr_mgmt.o
 .rodata.str1.1
                0x0000000000029904        0x9 Output/ble_app_beacon_pca10040_s132 Release/Obj/nrf_pwr_mgmt.o
 .rodata.m_unknown_str
                0x000000000002990d       0x13 Output/ble_app_beacon_pca10040_s132 Release/Obj/nrf_strerror.o
 .rodata.nrf_strerror_array
                0x0000000000029920      0x128 Output/ble_app_beacon_pca10040_s132 Release/Obj/nrf_strerror.o
 .rodata.str1.1
                0x0000000000029a48      0x3ba Output/ble_app_beacon_pca10040_s132 Release/Obj/nrf_strerror.o
 .rodata.m_board_led_list
                0x0000000000029e02        0x4 Output/ble_app_beacon_pca10040_s132 Release/Obj/boards.o
 .rodata.str1.1
                0x0000000000029e06        0x6 Output/ble_app_beacon_pca10040_s132 Release/Obj/nrf_drv_clock.o
 .rodata.str1.1
                0x0000000000029e0c        0x6 Output/ble_app_beacon_pca10040_s132 Release/Obj/nrfx_clock.o
 .rodata.str1.1
                0x0000000000029e12        0x7 Output/ble_app_beacon_pca10040_s132 Release/Obj/nrfx_gpiote.o
 .rodata.str1.1
                0x0000000000029e19        0x4 Output/ble_app_beacon_pca10040_s132 Release/Obj/nrfx_prs.o
 .rodata.str1.1
                0x0000000000029e1d        0x5 Output/ble_app_beacon_pca10040_s132 Release/Obj/nrfx_uart.o
 .rodata.str1.1
                0x0000000000029e22        0x6 Output/ble_app_beacon_pca10040_s132 Release/Obj/nrfx_uarte.o
 .rodata.app_buttons
                0x0000000000029e28       0x20 Output/ble_app_beacon_pca10040_s132 Release/Obj/bsp.o
 .rodata.m_bsp_alert_tmr
                0x0000000000029e48        0x4 Output/ble_app_beacon_pca10040_s132 Release/Obj/bsp.o
 .rodata.m_bsp_button_tmr
                0x0000000000029e4c        0x4 Output/ble_app_beacon_pca10040_s132 Release/Obj/bsp.o
 .rodata.m_bsp_leds_tmr
                0x0000000000029e50        0x4 Output/ble_app_beacon_pca10040_s132 Release/Obj/bsp.o
 .rodata.main.str1.1
                0x0000000000029e54       0x18 Output/ble_app_beacon_pca10040_s132 Release/Obj/main.o
 .rodata._DoInit.str1.1
                0x0000000000029e6c       0x14 Output/ble_app_beacon_pca10040_s132 Release/Obj/SEGGER_RTT.o
 .rodata        0x0000000000029e80        0x4 Output/ble_app_beacon_pca10040_s132 Release/Obj/nrf_sdh.o
 .rodata.sdh_req_observers
                0x0000000000029e84        0xc Output/ble_app_beacon_pca10040_s132 Release/Obj/nrf_sdh.o
 .rodata.sdh_stack_observers
                0x0000000000029e90        0xc Output/ble_app_beacon_pca10040_s132 Release/Obj/nrf_sdh.o
 .rodata.sdh_state_observers
                0x0000000000029e9c        0xc Output/ble_app_beacon_pca10040_s132 Release/Obj/nrf_sdh.o
 .rodata.str1.1
                0x0000000000029ea8        0x8 Output/ble_app_beacon_pca10040_s132 Release/Obj/nrf_sdh.o
 .rodata.nrf_sdh_ble_default_cfg_set.str1.1
                0x0000000000029eb0      0x182 Output/ble_app_beacon_pca10040_s132 Release/Obj/nrf_sdh_ble.o
 .rodata.nrf_sdh_ble_enable.str1.1
                0x000000000002a032       0xa7 Output/ble_app_beacon_pca10040_s132 Release/Obj/nrf_sdh_ble.o
 *fill*         0x000000000002a0d9        0x3 
 .rodata.sdh_ble_observers
                0x000000000002a0dc        0xc Output/ble_app_beacon_pca10040_s132 Release/Obj/nrf_sdh_ble.o
 .rodata.str1.1
                0x000000000002a0e8        0xc Output/ble_app_beacon_pca10040_s132 Release/Obj/nrf_sdh_ble.o
 .rodata.sdh_soc_observers
                0x000000000002a0f4        0xc Output/ble_app_beacon_pca10040_s132 Release/Obj/nrf_sdh_soc.o
 .rodata.str1.1
                0x000000000002a100        0xc Output/ble_app_beacon_pca10040_s132 Release/Obj/nrf_sdh_soc.o
 .rodata.libc.__RAL_ascii_ctype_map
                0x000000000002a10c       0x80 C:/Program Files/SEGGER/SEGGER Embedded Studio for ARM 3.34b/lib/libc_v7em_fpv4_sp_d16_hard_t_le_eabi.a(libc2.o)
                0x000000000002a10c                __RAL_ascii_ctype_map
 .rodata.libc.__RAL_ascii_ctype_mask
                0x000000000002a18c        0xd C:/Program Files/SEGGER/SEGGER Embedded Studio for ARM 3.34b/lib/libc_v7em_fpv4_sp_d16_hard_t_le_eabi.a(libc2.o)
 *fill*         0x000000000002a199        0x3 
 .rodata.libc.__RAL_c_locale
                0x000000000002a19c        0xc C:/Program Files/SEGGER/SEGGER Embedded Studio for ARM 3.34b/lib/libc_v7em_fpv4_sp_d16_hard_t_le_eabi.a(libc2.o)
                0x000000000002a19c                __RAL_c_locale
 .rodata.libc.__RAL_c_locale_abbrev_day_names
                0x000000000002a1a8       0x1d C:/Program Files/SEGGER/SEGGER Embedded Studio for ARM 3.34b/lib/libc_v7em_fpv4_sp_d16_hard_t_le_eabi.a(libc2.o)
                0x000000000002a1a8                __RAL_c_locale_abbrev_day_names
 *fill*         0x000000000002a1c5        0x3 
 .rodata.libc.__RAL_c_locale_abbrev_month_names
                0x000000000002a1c8       0x31 C:/Program Files/SEGGER/SEGGER Embedded Studio for ARM 3.34b/lib/libc_v7em_fpv4_sp_d16_hard_t_le_eabi.a(libc2.o)
                0x000000000002a1c8                __RAL_c_locale_abbrev_month_names
 *fill*         0x000000000002a1f9        0x3 
 .rodata.libc.__RAL_c_locale_am_pm_indicator
                0x000000000002a1fc        0x7 C:/Program Files/SEGGER/SEGGER Embedded Studio for ARM 3.34b/lib/libc_v7em_fpv4_sp_d16_hard_t_le_eabi.a(libc2.o)
                0x000000000002a1fc                __RAL_c_locale_am_pm_indicator
 *fill*         0x000000000002a203        0x1 
 .rodata.libc.__RAL_c_locale_data
                0x000000000002a204       0x58 C:/Program Files/SEGGER/SEGGER Embedded Studio for ARM 3.34b/lib/libc_v7em_fpv4_sp_d16_hard_t_le_eabi.a(libc2.o)
                0x000000000002a204                __RAL_c_locale_data
 .rodata.libc.__RAL_c_locale_date_format
                0x000000000002a25c        0x9 C:/Program Files/SEGGER/SEGGER Embedded Studio for ARM 3.34b/lib/libc_v7em_fpv4_sp_d16_hard_t_le_eabi.a(libc2.o)
                0x000000000002a25c                __RAL_c_locale_date_format
 *fill*         0x000000000002a265        0x3 
 .rodata.libc.__RAL_c_locale_date_time_format
                0x000000000002a268        0xf C:/Program Files/SEGGER/SEGGER Embedded Studio for ARM 3.34b/lib/libc_v7em_fpv4_sp_d16_hard_t_le_eabi.a(libc2.o)
                0x000000000002a268                __RAL_c_locale_date_time_format
 *fill*         0x000000000002a277        0x1 
 .rodata.libc.__RAL_c_locale_day_names
                0x000000000002a278       0x3a C:/Program Files/SEGGER/SEGGER Embedded Studio for ARM 3.34b/lib/libc_v7em_fpv4_sp_d16_hard_t_le_eabi.a(libc2.o)
                0x000000000002a278                __RAL_c_locale_day_names
 *fill*         0x000000000002a2b2        0x2 
 .rodata.libc.__RAL_c_locale_month_names
                0x000000000002a2b4       0x57 C:/Program Files/SEGGER/SEGGER Embedded Studio for ARM 3.34b/lib/libc_v7em_fpv4_sp_d16_hard_t_le_eabi.a(libc2.o)
                0x000000000002a2b4                __RAL_c_locale_month_names
 *fill*         0x000000000002a30b        0x1 
 .rodata.libc.__RAL_c_locale_time_format
                0x000000000002a30c        0x9 C:/Program Files/SEGGER/SEGGER Embedded Studio for ARM 3.34b/lib/libc_v7em_fpv4_sp_d16_hard_t_le_eabi.a(libc2.o)
                0x000000000002a30c                __RAL_c_locale_time_format
 *fill*         0x000000000002a315        0x3 
 .rodata.libc.__RAL_codeset_ascii
                0x000000000002a318       0x20 C:/Program Files/SEGGER/SEGGER Embedded Studio for ARM 3.34b/lib/libc_v7em_fpv4_sp_d16_hard_t_le_eabi.a(libc2.o)
                0x000000000002a318                __RAL_codeset_ascii
 .rodata.libc.__RAL_data_empty_string
                0x000000000002a338        0x1 C:/Program Files/SEGGER/SEGGER Embedded Studio for ARM 3.34b/lib/libc_v7em_fpv4_sp_d16_hard_t_le_eabi.a(libc2.o)
                0x000000000002a338                __RAL_data_empty_string
 *fill*         0x000000000002a339        0x3 
 .rodata.libc.__RAL_data_utf8_period
                0x000000000002a33c        0x2 C:/Program Files/SEGGER/SEGGER Embedded Studio for ARM 3.34b/lib/libc_v7em_fpv4_sp_d16_hard_t_le_eabi.a(libc2.o)
                0x000000000002a33c                __RAL_data_utf8_period
 *fill*         0x000000000002a33e        0x2 
 .rodata.libc.__RAL_find_locale.str1.4
                0x000000000002a340        0xc C:/Program Files/SEGGER/SEGGER Embedded Studio for ARM 3.34b/lib/libc_v7em_fpv4_sp_d16_hard_t_le_eabi.a(libc2.o)
                                          0xa (size before relaxing)
                0x000000000002a34c                __rodata_end__ = (__rodata_start__ + SIZEOF (.rodata))
                0x0000000000000ba8                __rodata_size__ = SIZEOF (.rodata)
                0x000000000002a34c                __rodata_load_end__ = __rodata_end__

.rel.dyn        0x000000000002a34c        0x0
 .rel.iplt      0x000000000002a34c        0x0 Output/ble_app_beacon_pca10040_s132 Release/Obj/thumb_crt0.o
                0x0000000000000001                . = ASSERT (((__rodata_start__ == __rodata_end__) || ((__rodata_end__ >= __FLASH_segment_start__) && (__rodata_end__ <= __FLASH_segment_end__))), error: .rodata is too large to fit in FLASH memory segment)
                0x000000000002a34c                __ARM.exidx_load_start__ = ALIGN (__rodata_end__, 0x4)

.ARM.exidx      0x000000000002a34c        0x0
                0x000000000002a34c                __ARM.exidx_start__ = .
                0x000000000002a34c                __exidx_start = __ARM.exidx_start__
 *(.ARM.exidx .ARM.exidx.*)
                0x000000000002a34c                __ARM.exidx_end__ = (__ARM.exidx_start__ + SIZEOF (.ARM.exidx))
                0x0000000000000000                __ARM.exidx_size__ = SIZEOF (.ARM.exidx)
                0x000000000002a34c                __exidx_end = __ARM.exidx_end__
                0x000000000002a34c                __ARM.exidx_load_end__ = __ARM.exidx_end__
                0x0000000000000001                . = ASSERT (((__ARM.exidx_start__ == __ARM.exidx_end__) || ((__ARM.exidx_end__ >= __FLASH_segment_start__) && (__ARM.exidx_end__ <= __FLASH_segment_end__))), error: .ARM.exidx is too large to fit in FLASH memory segment)
                0x000000000002a34c                __fast_load_start__ = ALIGN (__ARM.exidx_end__, 0x4)

.fast           0x00000000200018d8        0x0 load address 0x000000000002a34c
                0x00000000200018d8                __fast_start__ = .
 *(.fast .fast.*)
                0x00000000200018d8                __fast_end__ = (__fast_start__ + SIZEOF (.fast))
                0x0000000000000000                __fast_size__ = SIZEOF (.fast)
                0x000000000002a34c                __fast_load_end__ = (__fast_load_start__ + SIZEOF (.fast))
                0x0000000000000001                . = ASSERT (((__fast_load_start__ == __fast_load_end__) || ((__fast_load_end__ >= __FLASH_segment_start__) && (__fast_load_end__ <= __FLASH_segment_end__))), error: .fast is too large to fit in FLASH memory segment)

.fast_run       0x00000000200018d8        0x0
                0x00000000200018d8                __fast_run_start__ = .
                0x00000000200018d8                . = MAX ((__fast_run_start__ + SIZEOF (.fast)), .)
                0x00000000200018d8                __fast_run_end__ = (__fast_run_start__ + SIZEOF (.fast_run))
                0x0000000000000000                __fast_run_size__ = SIZEOF (.fast_run)
                0x00000000200018d8                __fast_run_load_end__ = __fast_run_end__
                0x0000000000000001                . = ASSERT (((__fast_run_start__ == __fast_run_end__) || ((__fast_run_end__ >= __RAM_segment_start__) && (__fast_run_end__ <= __RAM_segment_end__))), error: .fast_run is too large to fit in RAM memory segment)
                0x000000000002a34c                __data_load_start__ = ALIGN ((__fast_load_start__ + SIZEOF (.fast)), 0x4)

.data           0x00000000200018d8       0x4c load address 0x000000000002a34c
                0x00000000200018d8                __data_start__ = .
 *(.data .data.* .gnu.linkonce.d.*)
 .data.rtt_log_backend
                0x00000000200018d8        0xc Output/ble_app_beacon_pca10040_s132 Release/Obj/nrf_log_default_backends.o
 .data.SystemCoreClock
                0x00000000200018e4        0x4 Output/ble_app_beacon_pca10040_s132 Release/Obj/system_nrf52.o
                0x00000000200018e4                SystemCoreClock
 .data.m_adv_data
                0x00000000200018e8       0x10 Output/ble_app_beacon_pca10040_s132 Release/Obj/main.o
 .data.m_adv_handle
                0x00000000200018f8        0x1 Output/ble_app_beacon_pca10040_s132 Release/Obj/main.o
 .data.m_beacon_info
                0x00000000200018f9       0x17 Output/ble_app_beacon_pca10040_s132 Release/Obj/main.o
 .data.libc.__RAL_global_locale
                0x0000000020001910       0x14 C:/Program Files/SEGGER/SEGGER Embedded Studio for ARM 3.34b/lib/libc_v7em_fpv4_sp_d16_hard_t_le_eabi.a(libc2.o)
                0x0000000020001910                __RAL_global_locale
                0x0000000020001924                __data_end__ = (__data_start__ + SIZEOF (.data))
                0x000000000000004c                __data_size__ = SIZEOF (.data)
                0x000000000002a398                __data_load_end__ = (__data_load_start__ + SIZEOF (.data))

.igot.plt       0x0000000100000000        0x0
 .igot.plt      0x0000000100000000        0x0 Output/ble_app_beacon_pca10040_s132 Release/Obj/thumb_crt0.o
                0x0000000000000001                . = ASSERT (((__data_load_start__ == __data_load_end__) || ((__data_load_end__ >= __FLASH_segment_start__) && (__data_load_end__ <= __FLASH_segment_end__))), error: .data is too large to fit in FLASH memory segment)

.data_run       0x00000000200018d8       0x4c load address 0x000000000002a34c
                0x00000000200018d8                __data_run_start__ = .
                0x0000000020001924                . = MAX ((__data_run_start__ + SIZEOF (.data)), .)
 *fill*         0x00000000200018d8       0x4c 
                0x0000000020001924                __data_run_end__ = (__data_run_start__ + SIZEOF (.data_run))
                0x000000000000004c                __data_run_size__ = SIZEOF (.data_run)
                0x0000000020001924                __data_run_load_end__ = __data_run_end__
                0x0000000000000001                . = ASSERT (((__data_run_start__ == __data_run_end__) || ((__data_run_end__ >= __RAM_segment_start__) && (__data_run_end__ <= __RAM_segment_end__))), error: .data_run is too large to fit in RAM memory segment)
                0x000000000002a398                __tdata_load_start__ = ALIGN ((__data_load_start__ + SIZEOF (.data)), 0x4)

.tdata          0x0000000020001924        0x0 load address 0x000000000002a398
                0x0000000020001924                __tdata_start__ = .
 *(.tdata .tdata.*)
                0x0000000020001924                __tdata_end__ = (__tdata_start__ + SIZEOF (.tdata))
                0x0000000000000000                __tdata_size__ = SIZEOF (.tdata)
                0x000000000002a398                __tdata_load_end__ = (__tdata_load_start__ + SIZEOF (.tdata))
                0x000000000002a398                __FLASH_segment_used_end__ = (ALIGN ((__data_load_start__ + SIZEOF (.data)), 0x4) + SIZEOF (.tdata))
                0x000000000002a398                __FLASH_segment_used_size__ = (__FLASH_segment_used_end__ - __FLASH_segment_start__)
                0x0000000000000001                . = ASSERT (((__tdata_load_start__ == __tdata_load_end__) || ((__tdata_load_end__ >= __FLASH_segment_start__) && (__tdata_load_end__ <= __FLASH_segment_end__))), error: .tdata is too large to fit in FLASH memory segment)

.tdata_run      0x0000000020001924        0x0
                0x0000000020001924                __tdata_run_start__ = .
                0x0000000020001924                . = MAX ((__tdata_run_start__ + SIZEOF (.tdata)), .)
                0x0000000020001924                __tdata_run_end__ = (__tdata_run_start__ + SIZEOF (.tdata_run))
                0x0000000000000000                __tdata_run_size__ = SIZEOF (.tdata_run)
                0x0000000020001924                __tdata_run_load_end__ = __tdata_run_end__
                0x0000000000000001                . = ASSERT (((__tdata_run_start__ == __tdata_run_end__) || ((__tdata_run_end__ >= __RAM_segment_start__) && (__tdata_run_end__ <= __RAM_segment_end__))), error: .tdata_run is too large to fit in RAM memory segment)
                0x0000000020001924                __bss_load_start__ = ALIGN (__tdata_run_end__, 0x4)

.bss            0x0000000020001924      0xa80
                0x0000000020001924                __bss_start__ = .
 *(.bss .bss.* .gnu.linkonce.b.*)
 .bss.m_host_present
                0x0000000020001924        0x1 Output/ble_app_beacon_pca10040_s132 Release/Obj/nrf_log_backend_rtt.o
 .bss.m_string_buff
                0x0000000020001925       0x40 Output/ble_app_beacon_pca10040_s132 Release/Obj/nrf_log_backend_rtt.o
 *fill*         0x0000000020001965        0x3 
 .bss.log_mempool_nrf_balloc_cb
                0x0000000020001968        0x8 Output/ble_app_beacon_pca10040_s132 Release/Obj/nrf_log_frontend.o
 .bss.log_mempool_nrf_balloc_pool_mem
                0x0000000020001970       0xc0 Output/ble_app_beacon_pca10040_s132 Release/Obj/nrf_log_frontend.o
 .bss.log_mempool_nrf_balloc_pool_stack
                0x0000000020001a30        0x8 Output/ble_app_beacon_pca10040_s132 Release/Obj/nrf_log_frontend.o
 .bss.m_log_data
                0x0000000020001a38      0x424 Output/ble_app_beacon_pca10040_s132 Release/Obj/nrf_log_frontend.o
 .bss.m_button_count
                0x0000000020001e5c        0x1 Output/ble_app_beacon_pca10040_s132 Release/Obj/app_button.o
 *fill*         0x0000000020001e5d        0x3 
 .bss.m_detection_delay
                0x0000000020001e60        0x4 Output/ble_app_beacon_pca10040_s132 Release/Obj/app_button.o
 .bss.m_detection_delay_timer_id_data
                0x0000000020001e64       0x20 Output/ble_app_beacon_pca10040_s132 Release/Obj/app_button.o
 *fill*         0x0000000020001e84        0x4 
 .bss.m_pin_state
                0x0000000020001e88        0x8 Output/ble_app_beacon_pca10040_s132 Release/Obj/app_button.o
 .bss.m_pin_transition
                0x0000000020001e90        0x8 Output/ble_app_beacon_pca10040_s132 Release/Obj/app_button.o
 .bss.mp_buttons
                0x0000000020001e98        0x4 Output/ble_app_beacon_pca10040_s132 Release/Obj/app_button.o
 .bss.m_op_queue
                0x0000000020001e9c      0x10c Output/ble_app_beacon_pca10040_s132 Release/Obj/app_timer.o
 .bss.m_rtc1_reset
                0x0000000020001fa8        0x1 Output/ble_app_beacon_pca10040_s132 Release/Obj/app_timer.o
 .bss.m_rtc1_running
                0x0000000020001fa9        0x1 Output/ble_app_beacon_pca10040_s132 Release/Obj/app_timer.o
 *fill*         0x0000000020001faa        0x2 
 .bss.m_ticks_elapsed
                0x0000000020001fac        0x8 Output/ble_app_beacon_pca10040_s132 Release/Obj/app_timer.o
 .bss.m_ticks_elapsed_q_read_ind
                0x0000000020001fb4        0x1 Output/ble_app_beacon_pca10040_s132 Release/Obj/app_timer.o
 .bss.m_ticks_elapsed_q_write_ind
                0x0000000020001fb5        0x1 Output/ble_app_beacon_pca10040_s132 Release/Obj/app_timer.o
 *fill*         0x0000000020001fb6        0x2 
 .bss.m_ticks_latest
                0x0000000020001fb8        0x4 Output/ble_app_beacon_pca10040_s132 Release/Obj/app_timer.o
 .bss.mp_timer_id_head
                0x0000000020001fbc        0x4 Output/ble_app_beacon_pca10040_s132 Release/Obj/app_timer.o
 .bss.nrf_nvic_state
                0x0000000020001fc0        0xc Output/ble_app_beacon_pca10040_s132 Release/Obj/app_util_platform.o
                0x0000000020001fc0                nrf_nvic_state
 .bss.m_handlers_iter
                0x0000000020001fcc        0x8 Output/ble_app_beacon_pca10040_s132 Release/Obj/nrf_pwr_mgmt.o
 .bss.m_shutdown_started
                0x0000000020001fd4        0x1 Output/ble_app_beacon_pca10040_s132 Release/Obj/nrf_pwr_mgmt.o
 *fill*         0x0000000020001fd5        0x3 
 .bss.m_sysoff_mtx
                0x0000000020001fd8        0x4 Output/ble_app_beacon_pca10040_s132 Release/Obj/nrf_pwr_mgmt.o
 .bss.m_clock_cb