Archive member included to satisfy reference by file (symbol)

C:/Program Files/SEGGER/SEGGER Embedded Studio for ARM 3.40/lib/libc_v7em_fpv4_sp_d16_hard_t_le_eabi.a(libc2.o)
                              Output/direct_test_mode_pca10040 Release/Obj/ble_dtm.o (memcmp)
C:/Program Files/SEGGER/SEGGER Embedded Studio for ARM 3.40/lib/libc_v7em_fpv4_sp_d16_hard_t_le_eabi.a(libc2_asm.o)
                              Output/direct_test_mode_pca10040 Release/Obj/ble_dtm.o (memcpy)
C:/Program Files/SEGGER/SEGGER Embedded Studio for ARM 3.40/lib/libc_v7em_fpv4_sp_d16_hard_t_le_eabi.a(libc.o)
                              C:/Program Files/SEGGER/SEGGER Embedded Studio for ARM 3.40/lib/libc_v7em_fpv4_sp_d16_hard_t_le_eabi.a(libc2.o) (__heap_lock)
C:/Program Files/SEGGER/SEGGER Embedded Studio for ARM 3.40/lib/libc_v7em_fpv4_sp_d16_hard_t_le_eabi.a(libc_asm.o)
                              C:/Program Files/SEGGER/SEGGER Embedded Studio for ARM 3.40/lib/libc_v7em_fpv4_sp_d16_hard_t_le_eabi.a(libc2.o) (__aeabi_uldivmod)
C:/Program Files/SEGGER/SEGGER Embedded Studio for ARM 3.40/lib/libdebugio_v7em_fpv4_sp_d16_hard_t_le_eabi.a(libdebugio.o)
                              Output/direct_test_mode_pca10040 Release/Obj/thumb_crt0.o (debug_fopen)
C:/Program Files/SEGGER/SEGGER Embedded Studio for ARM 3.40/lib/libdebugio_mempoll_v7em_fpv4_sp_d16_hard_t_le_eabi.a(mempoll_debug_operations.o)
                              C:/Program Files/SEGGER/SEGGER Embedded Studio for ARM 3.40/lib/libdebugio_v7em_fpv4_sp_d16_hard_t_le_eabi.a(libdebugio.o) (__do_debug_operation)
C:/Program Files/SEGGER/SEGGER Embedded Studio for ARM 3.40/lib/libdebugio_mempoll_v7em_fpv4_sp_d16_hard_t_le_eabi.a(do_nv_debug_operation.o)
                              C:/Program Files/SEGGER/SEGGER Embedded Studio for ARM 3.40/lib/libdebugio_v7em_fpv4_sp_d16_hard_t_le_eabi.a(libdebugio.o) (__do_nvdebug_operation)
C:/Program Files/SEGGER/SEGGER Embedded Studio for ARM 3.40/lib/libm_v7em_fpv4_sp_d16_hard_t_le_eabi.a(libm_asm.o)
                              C:/Program Files/SEGGER/SEGGER Embedded Studio for ARM 3.40/lib/libc_v7em_fpv4_sp_d16_hard_t_le_eabi.a(libc2.o) (__aeabi_i2d)
C:/Program Files/SEGGER/SEGGER Embedded Studio for ARM 3.40/lib/libm_v7em_fpv4_sp_d16_hard_t_le_eabi.a(libm2.o)
                              C:/Program Files/SEGGER/SEGGER Embedded Studio for ARM 3.40/lib/libvfprintf_v7em_fpv4_sp_d16_hard_t_le_eabi.o (frexp)
C:/Program Files/SEGGER/SEGGER Embedded Studio for ARM 3.40/lib/libm_v7em_fpv4_sp_d16_hard_t_le_eabi.a(libm2_asm.o)
                              C:/Program Files/SEGGER/SEGGER Embedded Studio for ARM 3.40/lib/libm_v7em_fpv4_sp_d16_hard_t_le_eabi.a(libm2.o) (fabs)

Discarded input sections

 .text          0x0000000000000000        0x0 Output/direct_test_mode_pca10040 Release/Obj/thumb_crt0.o
 .data          0x0000000000000000        0x0 Output/direct_test_mode_pca10040 Release/Obj/thumb_crt0.o
 .bss           0x0000000000000000        0x0 Output/direct_test_mode_pca10040 Release/Obj/thumb_crt0.o
 .text.__aeabi_read_tp
                0x0000000000000000        0x8 Output/direct_test_mode_pca10040 Release/Obj/thumb_crt0.o
 .text.abort    0x0000000000000000        0x2 Output/direct_test_mode_pca10040 Release/Obj/thumb_crt0.o
 .text.__assert
                0x0000000000000000        0x2 Output/direct_test_mode_pca10040 Release/Obj/thumb_crt0.o
 .text.__aeabi_assert
                0x0000000000000000        0x2 Output/direct_test_mode_pca10040 Release/Obj/thumb_crt0.o
 .text.__sync_synchronize
                0x0000000000000000        0x2 Output/direct_test_mode_pca10040 Release/Obj/thumb_crt0.o
 .text.__getchar
                0x0000000000000000        0x4 Output/direct_test_mode_pca10040 Release/Obj/thumb_crt0.o
 .text.__putchar
                0x0000000000000000        0x4 Output/direct_test_mode_pca10040 Release/Obj/thumb_crt0.o
 .text.__open   0x0000000000000000        0x4 Output/direct_test_mode_pca10040 Release/Obj/thumb_crt0.o
 .text.__close  0x0000000000000000        0x4 Output/direct_test_mode_pca10040 Release/Obj/thumb_crt0.o
 .text.__write  0x0000000000000000        0xa Output/direct_test_mode_pca10040 Release/Obj/thumb_crt0.o
 .text.__read   0x0000000000000000        0xa Output/direct_test_mode_pca10040 Release/Obj/thumb_crt0.o
 .text.__seek   0x0000000000000000       0x1a Output/direct_test_mode_pca10040 Release/Obj/thumb_crt0.o
 .bss.__user_locale_name_buffer
                0x0000000000000000        0x4 Output/direct_test_mode_pca10040 Release/Obj/thumb_crt0.o
 .stack         0x0000000000000000        0x0 Output/direct_test_mode_pca10040 Release/Obj/thumb_crt0.o
 .stack_process
                0x0000000000000000        0x0 Output/direct_test_mode_pca10040 Release/Obj/thumb_crt0.o
 .heap          0x0000000000000000        0x0 Output/direct_test_mode_pca10040 Release/Obj/thumb_crt0.o
 .group         0x0000000000000000        0xc Output/direct_test_mode_pca10040 Release/Obj/app_error.o
[...]
Memory Configuration

Name             Origin             Length             Attributes
UNPLACED_SECTIONS 0x0000000100000000 0x0000000000000000 xw
RAM              0x0000000020000000 0x0000000000010000 xw
FLASH            0x0000000000000000 0x0000000000080000 xw
*default*        0x0000000000000000 0xffffffffffffffff

Linker script and memory map

                0x0000000000000000                __vfprintf = __vfprintf_long
                0x0000000000000000                __vfscanf = __vfscanf_int
                0x0000000020000000                __RAM_segment_start__ = 0x20000000
                0x0000000020010000                __RAM_segment_end__ = 0x20010000
                0x0000000000010000                __RAM_segment_size__ = 0x10000
                0x0000000000000000                __FLASH_segment_start__ = 0x0
                0x0000000000080000                __FLASH_segment_end__ = 0x80000
                0x0000000000080000                __FLASH_segment_size__ = 0x80000
                0x0000000000002000                __HEAPSIZE__ = 0x2000
                0x0000000000000000                __STACKSIZE_PROCESS__ = 0x0
                0x0000000000002000                __STACKSIZE__ = 0x2000
                0x0000000020000000                __vectors_ram_load_start__ = 0x20000000

.vectors_ram    0x0000000020000000        0x0
                0x0000000020000000                __vectors_ram_start__ = .
                0x0000000020000000                __app_ram_start__ = __vectors_ram_start__
 *(.vectors_ram .vectors_ram.*)
                0x0000000020000000                __vectors_ram_end__ = (__vectors_ram_start__ + SIZEOF (.vectors_ram))
                0x0000000000000000                __vectors_ram_size__ = SIZEOF (.vectors_ram)
                0x0000000020000000                __vectors_ram_load_end__ = __vectors_ram_end__
                0x0000000000000001                . = ASSERT (((__vectors_ram_start__ == __vectors_ram_end__) || ((__vectors_ram_end__ >= __RAM_segment_start__) && (__vectors_ram_end__ <= __RAM_segment_end__))), error: .vectors_ram is too large to fit in RAM memory segment)
                0x0000000020000000                __nrf_sections_run_load_start__ = ALIGN (__vectors_ram_end__, 0x4)

.nrf_sections_run
                0x0000000020000000        0x0
                0x0000000020000000                __nrf_sections_run_start__ = .
                0x0000000020000000                __start_nrf_sections_run = __nrf_sections_run_start__
 *(.nrf_sections_run .nrf_sections_run.*)
                0x0000000020000000                __nrf_sections_run_end__ = (__nrf_sections_run_start__ + SIZEOF (.nrf_sections_run))
                0x0000000000000000                __nrf_sections_run_size__ = SIZEOF (.nrf_sections_run)
                0x0000000020000000                __nrf_sections_run_load_end__ = __nrf_sections_run_end__
                0x0000000000000001                . = ASSERT (((__nrf_sections_run_start__ == __nrf_sections_run_end__) || ((__nrf_sections_run_end__ >= __RAM_segment_start__) && (__nrf_sections_run_end__ <= __RAM_segment_end__))), error: .nrf_sections_run is too large to fit in RAM memory segment)
                0x0000000000000000                __vectors_load_start__ = 0x0

.vectors        0x0000000000000000       0xdc
                0x0000000000000000                __vectors_start__ = .
 *(.vectors .vectors.*)
 .vectors       0x0000000000000000       0xdc Output/direct_test_mode_pca10040 Release/Obj/ses_nrf52_Vectors.o
                0x0000000000000000                _vectors
                0x00000000000000dc                __vectors_end__ = (__vectors_start__ + SIZEOF (.vectors))
                0x00000000000000dc                __vectors_size__ = SIZEOF (.vectors)
                0x00000000000000dc                __vectors_load_end__ = __vectors_end__
                0x0000000000000001                . = ASSERT (((__vectors_start__ == __vectors_end__) || ((__vectors_end__ >= __FLASH_segment_start__) && (__vectors_end__ <= __FLASH_segment_end__))), error: .vectors is too large to fit in FLASH memory segment)
                0x00000000000000dc                __init_load_start__ = ALIGN (__vectors_end__, 0x4)

.init           0x00000000000000dc      0x218
                0x00000000000000dc                __init_start__ = .
 *(.init .init.*)
 .init          0x00000000000000dc      0x160 Output/direct_test_mode_pca10040 Release/Obj/thumb_crt0.o
                0x00000000000000dc                _start
                0x0000000000000192                exit
 .init          0x000000000000023c       0x58 Output/direct_test_mode_pca10040 Release/Obj/ses_nRF_Startup.o
                0x000000000000023c                Reset_Handler
                0x0000000000000260                InitializeUserMemorySections
 .init          0x0000000000000294       0x60 Output/direct_test_mode_pca10040 Release/Obj/ses_nrf52_Vectors.o
                0x0000000000000294                NMI_Handler
                0x0000000000000296                HardFault_Handler
                0x0000000000000298                MemoryManagement_Handler
                0x000000000000029a                BusFault_Handler
                0x000000000000029c                UsageFault_Handler
                0x000000000000029e                SVC_Handler
                0x00000000000002a0                DebugMon_Handler
                0x00000000000002a2                PendSV_Handler
                0x00000000000002a4                SysTick_Handler
                0x00000000000002a8                POWER_CLOCK_IRQHandler
                0x00000000000002aa                RADIO_IRQHandler
                0x00000000000002ae                SPIM0_SPIS0_TWIM0_TWIS0_SPI0_TWI0_IRQHandler
                0x00000000000002b0                SPIM1_SPIS1_TWIM1_TWIS1_SPI1_TWI1_IRQHandler
                0x00000000000002b2                NFCT_IRQHandler
                0x00000000000002b4                GPIOTE_IRQHandler
                0x00000000000002b6                SAADC_IRQHandler
                0x00000000000002b8                TIMER0_IRQHandler
                0x00000000000002ba                TIMER1_IRQHandler
                0x00000000000002bc                TIMER2_IRQHandler
                0x00000000000002be                RTC0_IRQHandler
                0x00000000000002c0                TEMP_IRQHandler
                0x00000000000002c2                RNG_IRQHandler
                0x00000000000002c4                ECB_IRQHandler
                0x00000000000002c6                CCM_AAR_IRQHandler
                0x00000000000002c8                WDT_IRQHandler
                0x00000000000002ca                RTC1_IRQHandler
                0x00000000000002cc                QDEC_IRQHandler
                0x00000000000002ce                COMP_LPCOMP_IRQHandler
                0x00000000000002d0                SWI0_EGU0_IRQHandler
                0x00000000000002d2                SWI1_EGU1_IRQHandler
                0x00000000000002d4                SWI2_EGU2_IRQHandler
                0x00000000000002d6                SWI3_EGU3_IRQHandler
                0x00000000000002d8                SWI4_EGU4_IRQHandler
                0x00000000000002da                SWI5_EGU5_IRQHandler
                0x00000000000002dc                TIMER3_IRQHandler
                0x00000000000002de                TIMER4_IRQHandler
                0x00000000000002e0                PWM0_IRQHandler
                0x00000000000002e2                PDM_IRQHandler
                0x00000000000002e4                MWU_IRQHandler
                0x00000000000002e6                PWM1_IRQHandler
                0x00000000000002e8                PWM2_IRQHandler
                0x00000000000002ea                SPIM2_SPIS2_SPI2_IRQHandler
                0x00000000000002ec                RTC2_IRQHandler
                0x00000000000002ee                I2S_IRQHandler
                0x00000000000002f0                FPU_IRQHandler
                0x00000000000002f4                __init_end__ = (__init_start__ + SIZEOF (.init))
                0x0000000000000218                __init_size__ = SIZEOF (.init)
                0x00000000000002f4                __init_load_end__ = __init_end__
                0x0000000000000001                . = ASSERT (((__init_start__ == __init_end__) || ((__init_end__ >= __FLASH_segment_start__) && (__init_end__ <= __FLASH_segment_end__))), error: .init is too large to fit in FLASH memory segment)
                0x00000000000002f4                __init_rodata_load_start__ = ALIGN (__init_end__, 0x4)

.init_rodata    0x00000000000002f4        0x0
                0x00000000000002f4                __init_rodata_start__ = .
 *(.init_rodata .init_rodata.*)
                0x00000000000002f4                __init_rodata_end__ = (__init_rodata_start__ + SIZEOF (.init_rodata))
                0x0000000000000000                __init_rodata_size__ = SIZEOF (.init_rodata)
                0x00000000000002f4                __init_rodata_load_end__ = __init_rodata_end__
                0x0000000000000001                . = ASSERT (((__init_rodata_start__ == __init_rodata_end__) || ((__init_rodata_end__ >= __FLASH_segment_start__) && (__init_rodata_end__ <= __FLASH_segment_end__))), error: .init_rodata is too large to fit in FLASH memory segment)
                0x00000000000002f4                __text_load_start__ = ALIGN (__init_rodata_end__, 0x4)

.text           0x00000000000002f4     0x166c
                0x00000000000002f4                __text_start__ = .
 *(.text .text.* .glue_7t .glue_7 .gnu.linkonce.t.* .gcc_except_table .ARM.extab* .gnu.linkonce.armextab.*)
 .glue_7        0x00000000000002f4        0x0 linker stubs
 .glue_7t       0x00000000000002f4        0x0 linker stubs
 .text.app_error_handler_bare
                0x00000000000002f4       0x1a Output/direct_test_mode_pca10040 Release/Obj/app_error.o
                0x00000000000002f4                app_error_handler_bare
 *fill*         0x000000000000030e        0x2 
 .text.app_error_fault_handler
                0x0000000000000310       0x34 Output/direct_test_mode_pca10040 Release/Obj/app_error_weak.o
                0x0000000000000310                app_error_fault_handler
 .text.app_fifo_init
                0x0000000000000344       0x1e Output/direct_test_mode_pca10040 Release/Obj/app_fifo.o
                0x0000000000000344                app_fifo_init
 .text.app_fifo_put
                0x0000000000000362       0x24 Output/direct_test_mode_pca10040 Release/Obj/app_fifo.o
                0x0000000000000362                app_fifo_put
 .text.app_fifo_get
                0x0000000000000386       0x22 Output/direct_test_mode_pca10040 Release/Obj/app_fifo.o
                0x0000000000000386                app_fifo_get
 .text.nrf_drv_uart_rx.constprop.0
                0x00000000000003a8       0x28 Output/direct_test_mode_pca10040 Release/Obj/app_uart_fifo.o
 .text.nrf_drv_uart_tx.constprop.2
                0x00000000000003d0       0x28 Output/direct_test_mode_pca10040 Release/Obj/app_uart_fifo.o
 .text.uart_event_handler
                0x00000000000003f8       0xa8 Output/direct_test_mode_pca10040 Release/Obj/app_uart_fifo.o
 .text.app_uart_init
                0x00000000000004a0       0xb0 Output/direct_test_mode_pca10040 Release/Obj/app_uart_fifo.o
                0x00000000000004a0                app_uart_init
 .text.app_util_disable_irq
                0x0000000000000550       0x10 Output/direct_test_mode_pca10040 Release/Obj/app_util_platform.o
                0x0000000000000550                app_util_disable_irq
 .text.app_util_enable_irq
                0x0000000000000560       0x14 Output/direct_test_mode_pca10040 Release/Obj/app_util_platform.o
                0x0000000000000560                app_util_enable_irq
 .text.app_util_critical_region_enter
                0x0000000000000574        0x4 Output/direct_test_mode_pca10040 Release/Obj/app_util_platform.o
                0x0000000000000574                app_util_critical_region_enter
 .text.app_util_critical_region_exit
                0x0000000000000578        0x4 Output/direct_test_mode_pca10040 Release/Obj/app_util_platform.o
                0x0000000000000578                app_util_critical_region_exit
 .text.bsp_board_init
                0x000000000000057c       0x18 Output/direct_test_mode_pca10040 Release/Obj/boards.o
                0x000000000000057c                bsp_board_init
 .text.uarte_evt_handler
                0x0000000000000594       0x34 Output/direct_test_mode_pca10040 Release/Obj/nrf_drv_uart.o
 .text.uart_evt_handler
                0x00000000000005c8       0x34 Output/direct_test_mode_pca10040 Release/Obj/nrf_drv_uart.o
 .text.nrf_drv_uart_init
                0x00000000000005fc       0x7c Output/direct_test_mode_pca10040 Release/Obj/nrf_drv_uart.o
                0x00000000000005fc                nrf_drv_uart_init
 .text.UARTE0_UART0_IRQHandler
                0x0000000000000678        0xc Output/direct_test_mode_pca10040 Release/Obj/nrfx_prs.o
                0x0000000000000678                UARTE0_UART0_IRQHandler
 .text.nrfx_prs_acquire
                0x0000000000000684       0x34 Output/direct_test_mode_pca10040 Release/Obj/nrfx_prs.o
                0x0000000000000684                nrfx_prs_acquire
 .text.nrf_uart_event_clear
                0x00000000000006b8       0x10 Output/direct_test_mode_pca10040 Release/Obj/nrfx_uart.o
 .text.tx_byte  0x00000000000006c8       0x1e Output/direct_test_mode_pca10040 Release/Obj/nrfx_uart.o
 .text.rx_enable.isra.5
                0x00000000000006e6       0x20 Output/direct_test_mode_pca10040 Release/Obj/nrfx_uart.o
 .text.rx_byte  0x0000000000000706       0x2c Output/direct_test_mode_pca10040 Release/Obj/nrfx_uart.o
 *fill*         0x0000000000000732        0x2 
 .text.rx_done_event.constprop.8
                0x0000000000000734       0x20 Output/direct_test_mode_pca10040 Release/Obj/nrfx_uart.o
 .text.nrfx_uart_0_irq_handler
                0x0000000000000754      0x13c Output/direct_test_mode_pca10040 Release/Obj/nrfx_uart.o
                0x0000000000000754                nrfx_uart_0_irq_handler
 .text.nrfx_uart_init
                0x0000000000000890      0x180 Output/direct_test_mode_pca10040 Release/Obj/nrfx_uart.o
                0x0000000000000890                nrfx_uart_init
 .text.nrfx_uart_tx
                0x0000000000000a10       0x94 Output/direct_test_mode_pca10040 Release/Obj/nrfx_uart.o
                0x0000000000000a10                nrfx_uart_tx
 .text.nrfx_uart_rx
                0x0000000000000aa4       0xec Output/direct_test_mode_pca10040 Release/Obj/nrfx_uart.o
                0x0000000000000aa4                nrfx_uart_rx
 .text.nrf_uarte_event_clear
                0x0000000000000b90       0x10 Output/direct_test_mode_pca10040 Release/Obj/nrfx_uarte.o
 .text.rx_done_event.constprop.7
                0x0000000000000ba0       0x24 Output/direct_test_mode_pca10040 Release/Obj/nrfx_uarte.o
 .text.nrfx_uarte_0_irq_handler
                0x0000000000000bc4       0xec Output/direct_test_mode_pca10040 Release/Obj/nrfx_uarte.o
                0x0000000000000bc4                nrfx_uarte_0_irq_handler
 .text.nrfx_uarte_init
                0x0000000000000cb0      0x190 Output/direct_test_mode_pca10040 Release/Obj/nrfx_uarte.o
                0x0000000000000cb0                nrfx_uarte_init
 .text.nrfx_uarte_tx
                0x0000000000000e40       0x88 Output/direct_test_mode_pca10040 Release/Obj/nrfx_uarte.o
                0x0000000000000e40                nrfx_uarte_tx
 .text.nrfx_uarte_rx
                0x0000000000000ec8       0xd8 Output/direct_test_mode_pca10040 Release/Obj/nrfx_uarte.o
                0x0000000000000ec8                nrfx_uarte_rx
 .text.uart_error_handle
                0x0000000000000fa0       0x12 Output/direct_test_mode_pca10040 Release/Obj/main.o
                0x0000000000000fa0                uart_error_handle
 *fill*         0x0000000000000fb2        0x2 
 .text.startup.main
                0x0000000000000fb4       0xb4 Output/direct_test_mode_pca10040 Release/Obj/main.o
                0x0000000000000fb4                main
 .text.radio_reset
                0x0000000000001068       0x3c Output/direct_test_mode_pca10040 Release/Obj/ble_dtm.o
 .text.dtm_test_done
                0x00000000000010a4       0x2c Output/direct_test_mode_pca10040 Release/Obj/ble_dtm.o
 .text.radio_prepare
                0x00000000000010d0       0x60 Output/direct_test_mode_pca10040 Release/Obj/ble_dtm.o
 .text.radio_init
                0x0000000000001130       0x94 Output/direct_test_mode_pca10040 Release/Obj/ble_dtm.o
 .text.dtm_init
                0x00000000000011c4       0x9c Output/direct_test_mode_pca10040 Release/Obj/ble_dtm.o
                0x00000000000011c4                dtm_init
 .text.dtm_set_txpower
                0x0000000000001260       0x28 Output/direct_test_mode_pca10040 Release/Obj/ble_dtm.o
                0x0000000000001260                dtm_set_txpower
 .text.dtm_set_timer
                0x0000000000001288       0x24 Output/direct_test_mode_pca10040 Release/Obj/ble_dtm.o
                0x0000000000001288                dtm_set_timer
 .text.dtm_cmd  0x00000000000012ac      0x290 Output/direct_test_mode_pca10040 Release/Obj/ble_dtm.o
                0x00000000000012ac                dtm_cmd
 .text.dtm_turn_off_test
                0x000000000000153c        0x2 Output/direct_test_mode_pca10040 Release/Obj/ble_dtm_hw_nrf52.o
                0x000000000000153c                dtm_turn_off_test
 *fill*         0x000000000000153e        0x2 
 .text.dtm_constant_carrier
                0x0000000000001540       0x10 Output/direct_test_mode_pca10040 Release/Obj/ble_dtm_hw_nrf52.o
                0x0000000000001540                dtm_constant_carrier
 .text.dtm_radio_validate
                0x0000000000001550       0x30 Output/direct_test_mode_pca10040 Release/Obj/ble_dtm_hw_nrf52.o
                0x0000000000001550                dtm_radio_validate
 .text.dtm_hw_set_timer
                0x0000000000001580       0x58 Output/direct_test_mode_pca10040 Release/Obj/ble_dtm_hw_nrf52.o
                0x0000000000001580                dtm_hw_set_timer
 .text.errata_12
                0x00000000000015d8       0x40 Output/direct_test_mode_pca10040 Release/Obj/system_nrf52.o
 .text.errata_16
                0x0000000000001618       0x34 Output/direct_test_mode_pca10040 Release/Obj/system_nrf52.o
 .text.SystemInit
                0x000000000000164c      0x25c Output/direct_test_mode_pca10040 Release/Obj/system_nrf52.o
                0x000000000000164c                SystemInit
 .text.libc.memcpy
                0x00000000000018a8       0x52 C:/Program Files/SEGGER/SEGGER Embedded Studio for ARM 3.40/lib/libc_v7em_fpv4_sp_d16_hard_t_le_eabi.a(libc2_asm.o)
                0x00000000000018a8                __aeabi_memcpy
                0x00000000000018a8                memcpy
                0x00000000000018b4                __aeabi_memcpy8
                0x00000000000018b4                __aeabi_memcpy4
 .text.libc.memset
                0x00000000000018fa       0x66 C:/Program Files/SEGGER/SEGGER Embedded Studio for ARM 3.40/lib/libc_v7em_fpv4_sp_d16_hard_t_le_eabi.a(libc2_asm.o)
                0x00000000000018fa                memset
                0x0000000000001960                __text_end__ = (__text_start__ + SIZEOF (.text))
                0x000000000000166c                __text_size__ = SIZEOF (.text)
                0x0000000000001960                __text_load_end__ = __text_end__

.vfp11_veneer   0x0000000100000000        0x0
 .vfp11_veneer  0x0000000100000000        0x0 linker stubs

.v4_bx          0x0000000100000000        0x0
 .v4_bx         0x0000000100000000        0x0 linker stubs

.iplt           0x0000000100000000        0x0
 .iplt          0x0000000100000000        0x0 Output/direct_test_mode_pca10040 Release/Obj/thumb_crt0.o
                0x0000000000000001                . = ASSERT (((__text_start__ == __text_end__) || ((__text_end__ >= __FLASH_segment_start__) && (__text_end__ <= __FLASH_segment_end__))), error: .text is too large to fit in FLASH memory segment)
                0x0000000000001960                __log_const_data_load_start__ = ALIGN (__text_end__, 0x4)

.log_const_data
                0x0000000000001960        0x0
                0x0000000000001960                __log_const_data_start__ = .
                0x0000000000001960                __start_log_const_data = __log_const_data_start__
 *(SORT_BY_NAME(.log_const_data*))
                0x0000000000001960                __log_const_data_end__ = (__log_const_data_start__ + SIZEOF (.log_const_data))
                0x0000000000000000                __log_const_data_size__ = SIZEOF (.log_const_data)
                0x0000000000001960                __stop_log_const_data = __log_const_data_end__
                0x0000000000001960                __log_const_data_load_end__ = __log_const_data_end__
                0x0000000000000001                . = ASSERT (((__log_const_data_start__ == __log_const_data_end__) || ((__log_const_data_end__ >= __FLASH_segment_start__) && (__log_const_data_end__ <= __FLASH_segment_end__))), error: .log_const_data is too large to fit in FLASH memory segment)
                0x0000000000001960                __nrf_balloc_load_start__ = ALIGN (__log_const_data_end__, 0x4)

.nrf_balloc     0x0000000000001960        0x0
                0x0000000000001960                __nrf_balloc_start__ = .
                0x0000000000001960                __start_nrf_balloc = __nrf_balloc_start__
 *(.nrf_balloc*)
                0x0000000000001960                __nrf_balloc_end__ = (__nrf_balloc_start__ + SIZEOF (.nrf_balloc))
                0x0000000000000000                __nrf_balloc_size__ = SIZEOF (.nrf_balloc)
                0x0000000000001960                __stop_nrf_balloc = __nrf_balloc_end__
                0x0000000000001960                __nrf_balloc_load_end__ = __nrf_balloc_end__
                0x0000000000000001                . = ASSERT (((__nrf_balloc_start__ == __nrf_balloc_end__) || ((__nrf_balloc_end__ >= __FLASH_segment_start__) && (__nrf_balloc_end__ <= __FLASH_segment_end__))), error: .nrf_balloc is too large to fit in FLASH memory segment)
                0x0000000000001960                __nrf_sections_load_start__ = ALIGN (__nrf_balloc_end__, 0x4)

.nrf_sections   0x0000000000001960        0x0
                0x0000000000001960                __nrf_sections_start__ = .
                0x0000000000001960                __start_nrf_sections = __nrf_sections_start__
 *(.nrf_sections .nrf_sections.*)
                0x0000000000001960                __nrf_sections_end__ = (__nrf_sections_start__ + SIZEOF (.nrf_sections))
                0x0000000000000000                __nrf_sections_size__ = SIZEOF (.nrf_sections)
                0x0000000000001960                __nrf_sections_load_end__ = __nrf_sections_end__
                0x0000000000000001                . = ASSERT (((__nrf_sections_start__ == __nrf_sections_end__) || ((__nrf_sections_end__ >= __FLASH_segment_start__) && (__nrf_sections_end__ <= __FLASH_segment_end__))), error: .nrf_sections is too large to fit in FLASH memory segment)
                0x0000000000001960                __log_dynamic_data_load_start__ = ALIGN (__nrf_sections_end__, 0x4)

.log_dynamic_data
                0x0000000020000000        0x0 load address 0x0000000000001960
                0x0000000020000000                __log_dynamic_data_start__ = .
 *(SORT_BY_NAME(.log_dynamic_data*))
                0x0000000020000000                __log_dynamic_data_end__ = (__log_dynamic_data_start__ + SIZEOF (.log_dynamic_data))
                0x0000000000000000                __log_dynamic_data_size__ = SIZEOF (.log_dynamic_data)
                0x0000000000001960                __log_dynamic_data_load_end__ = (__log_dynamic_data_load_start__ + SIZEOF (.log_dynamic_data))
                0x0000000000000001                . = ASSERT (((__log_dynamic_data_load_start__ == __log_dynamic_data_load_end__) || ((__log_dynamic_data_load_end__ >= __FLASH_segment_start__) && (__log_dynamic_data_load_end__ <= __FLASH_segment_end__))), error: .log_dynamic_data is too large to fit in FLASH memory segment)

.log_dynamic_data_run
                0x0000000020000000        0x0
                0x0000000020000000                __log_dynamic_data_run_start__ = .
                0x0000000020000000                __start_log_dynamic_data = __log_dynamic_data_run_start__
                0x0000000020000000                . = MAX ((__log_dynamic_data_run_start__ + SIZEOF (.log_dynamic_data)), .)
                0x0000000020000000                __log_dynamic_data_run_end__ = (__log_dynamic_data_run_start__ + SIZEOF (.log_dynamic_data_run))
                0x0000000000000000                __log_dynamic_data_run_size__ = SIZEOF (.log_dynamic_data_run)
                0x0000000020000000                __stop_log_dynamic_data = __log_dynamic_data_run_end__
                0x0000000020000000                __log_dynamic_data_run_load_end__ = __log_dynamic_data_run_end__
                0x0000000000000001                . = ASSERT (((__log_dynamic_data_run_start__ == __log_dynamic_data_run_end__) || ((__log_dynamic_data_run_end__ >= __RAM_segment_start__) && (__log_dynamic_data_run_end__ <= __RAM_segment_end__))), error: .log_dynamic_data_run is too large to fit in RAM memory segment)
                0x0000000020000000                __nrf_sections_run_end_load_start__ = ALIGN (__log_dynamic_data_run_end__, 0x4)

.nrf_sections_run_end
                0x0000000020000000        0x0
                0x0000000020000000                __nrf_sections_run_end_start__ = .
                0x0000000020000000                __end_nrf_sections_run = __nrf_sections_run_end_start__
 *(.nrf_sections_run_end .nrf_sections_run_end.*)
                0x0000000020000000                __nrf_sections_run_end_end__ = (__nrf_sections_run_end_start__ + SIZEOF (.nrf_sections_run_end))
                0x0000000000000000                __nrf_sections_run_end_size__ = SIZEOF (.nrf_sections_run_end)
                0x0000000020000000                __nrf_sections_run_end_load_end__ = __nrf_sections_run_end_end__
                0x0000000000000001                . = ASSERT (((__nrf_sections_run_end_start__ == __nrf_sections_run_end_end__) || ((__nrf_sections_run_end_end__ >= __RAM_segment_start__) && (__nrf_sections_run_end_end__ <= __RAM_segment_end__))), error: .nrf_sections_run_end is too large to fit in RAM memory segment)
                0x0000000000001960                __dtors_load_start__ = ALIGN ((__log_dynamic_data_load_start__ + SIZEOF (.log_dynamic_data)), 0x4)

.dtors          0x0000000000001960        0x0
                0x0000000000001960                __dtors_start__ = .
 *(SORT_BY_NAME(.dtors.*))
 *(.dtors)
 *(.fini_array)
 *(SORT_BY_NAME(.fini_array.*))
                0x0000000000001960                __dtors_end__ = (__dtors_start__ + SIZEOF (.dtors))
                0x0000000000000000                __dtors_size__ = SIZEOF (.dtors)
                0x0000000000001960                __dtors_load_end__ = __dtors_end__
                0x0000000000000001                . = ASSERT (((__dtors_start__ == __dtors_end__) || ((__dtors_end__ >= __FLASH_segment_start__) && (__dtors_end__ <= __FLASH_segment_end__))), error: .dtors is too large to fit in FLASH memory segment)
                0x0000000000001960                __ctors_load_start__ = ALIGN (__dtors_end__, 0x4)

.ctors          0x0000000000001960        0x0
                0x0000000000001960                __ctors_start__ = .
 *(SORT_BY_NAME(.ctors.*))
 *(.ctors)
 *(.init_array)
 *(SORT_BY_NAME(.init_array.*))
                0x0000000000001960                __ctors_end__ = (__ctors_start__ + SIZEOF (.ctors))
                0x0000000000000000                __ctors_size__ = SIZEOF (.ctors)
                0x0000000000001960                __ctors_load_end__ = __ctors_end__
                0x0000000000000001                . = ASSERT (((__ctors_start__ == __ctors_end__) || ((__ctors_end__ >= __FLASH_segment_start__) && (__ctors_end__ <= __FLASH_segment_end__))), error: .ctors is too large to fit in FLASH memory segment)
                0x0000000000001960                __rodata_load_start__ = ALIGN (__ctors_end__, 0x4)

.rodata         0x0000000000001960      0x137
                0x0000000000001960                __rodata_start__ = .
 *(.rodata .rodata.* .gnu.linkonce.r.*)
 .rodata        0x0000000000001960       0x20 Output/direct_test_mode_pca10040 Release/Obj/app_uart_fifo.o
 .rodata        0x0000000000001980       0x18 Output/direct_test_mode_pca10040 Release/Obj/main.o
 .rodata.m_prbs_content
                0x0000000000001998       0xff Output/direct_test_mode_pca10040 Release/Obj/ble_dtm.o
                0x0000000000001a97                __rodata_end__ = (__rodata_start__ + SIZEOF (.rodata))
                0x0000000000000137                __rodata_size__ = SIZEOF (.rodata)
                0x0000000000001a97                __rodata_load_end__ = __rodata_end__

.rel.dyn        0x0000000000001a98        0x0
 .rel.iplt      0x0000000000001a98        0x0 Output/direct_test_mode_pca10040 Release/Obj/thumb_crt0.o
                0x0000000000000001                . = ASSERT (((__rodata_start__ == __rodata_end__) || ((__rodata_end__ >= __FLASH_segment_start__) && (__rodata_end__ <= __FLASH_segment_end__))), error: .rodata is too large to fit in FLASH memory segment)
                0x0000000000001a98                __ARM.exidx_load_start__ = ALIGN (__rodata_end__, 0x4)

.ARM.exidx      0x0000000000001a98        0x0
                0x0000000000001a98                __ARM.exidx_start__ = .
                0x0000000000001a98                __exidx_start = __ARM.exidx_start__
 *(.ARM.exidx .ARM.exidx.*)
                0x0000000000001a98                __ARM.exidx_end__ = (__ARM.exidx_start__ + SIZEOF (.ARM.exidx))
                0x0000000000000000                __ARM.exidx_size__ = SIZEOF (.ARM.exidx)
                0x0000000000001a98                __exidx_end = __ARM.exidx_end__
                0x0000000000001a98                __ARM.exidx_load_end__ = __ARM.exidx_end__
                0x0000000000000001                . = ASSERT (((__ARM.exidx_start__ == __ARM.exidx_end__) || ((__ARM.exidx_end__ >= __FLASH_segment_start__) && (__ARM.exidx_end__ <= __FLASH_segment_end__))), error: .ARM.exidx is too large to fit in FLASH memory segment)
                0x0000000000001a98                __fast_load_start__ = ALIGN (__ARM.exidx_end__, 0x4)

.fast           0x0000000020000000        0x0 load address 0x0000000000001a98
                0x0000000020000000                __fast_start__ = .
 *(.fast .fast.*)
                0x0000000020000000                __fast_end__ = (__fast_start__ + SIZEOF (.fast))
                0x0000000000000000                __fast_size__ = SIZEOF (.fast)
                0x0000000000001a98                __fast_load_end__ = (__fast_load_start__ + SIZEOF (.fast))
                0x0000000000000001                . = ASSERT (((__fast_load_start__ == __fast_load_end__) || ((__fast_load_end__ >= __FLASH_segment_start__) && (__fast_load_end__ <= __FLASH_segment_end__))), error: .fast is too large to fit in FLASH memory segment)

.fast_run       0x0000000020000000        0x0
                0x0000000020000000                __fast_run_start__ = .
                0x0000000020000000                . = MAX ((__fast_run_start__ + SIZEOF (.fast)), .)
                0x0000000020000000                __fast_run_end__ = (__fast_run_start__ + SIZEOF (.fast_run))
                0x0000000000000000                __fast_run_size__ = SIZEOF (.fast_run)
                0x0000000020000000                __fast_run_load_end__ = __fast_run_end__
                0x0000000000000001                . = ASSERT (((__fast_run_start__ == __fast_run_end__) || ((__fast_run_end__ >= __RAM_segment_start__) && (__fast_run_end__ <= __RAM_segment_end__))), error: .fast_run is too large to fit in RAM memory segment)
                0x0000000000001a98                __data_load_start__ = ALIGN ((__fast_load_start__ + SIZEOF (.fast)), 0x4)

.data           0x0000000020000000       0x20 load address 0x0000000000001a98
                0x0000000020000000                __data_start__ = .
 *(.data .data.* .gnu.linkonce.d.*)
 .data.app_uart_inst
                0x0000000020000000       0x14 Output/direct_test_mode_pca10040 Release/Obj/app_uart_fifo.o
 .data.m_radio_mode
                0x0000000020000014        0x1 Output/direct_test_mode_pca10040 Release/Obj/ble_dtm.o
 .data.m_timer_irq
                0x0000000020000015        0x1 Output/direct_test_mode_pca10040 Release/Obj/ble_dtm.o
 *fill*         0x0000000020000016        0x2 
 .data.mp_timer
                0x0000000020000018        0x4 Output/direct_test_mode_pca10040 Release/Obj/ble_dtm.o
 .data.SystemCoreClock
                0x000000002000001c        0x4 Output/direct_test_mode_pca10040 Release/Obj/system_nrf52.o
                0x000000002000001c                SystemCoreClock
                0x0000000020000020                __data_end__ = (__data_start__ + SIZEOF (.data))
                0x0000000000000020                __data_size__ = SIZEOF (.data)
                0x0000000000001ab8                __data_load_end__ = (__data_load_start__ + SIZEOF (.data))

.igot.plt       0x0000000100000000        0x0
 .igot.plt      0x0000000100000000        0x0 Output/direct_test_mode_pca10040 Release/Obj/thumb_crt0.o
                0x0000000000000001                . = ASSERT (((__data_load_start__ == __data_load_end__) || ((__data_load_end__ >= __FLASH_segment_start__) && (__data_load_end__ <= __FLASH_segment_end__))), error: .data is too large to fit in FLASH memory segment)

.data_run       0x0000000020000000       0x20 load address 0x0000000000001a98
                0x0000000020000000                __data_run_start__ = .
                0x0000000020000020                . = MAX ((__data_run_start__ + SIZEOF (.data)), .)
 *fill*         0x0000000020000000       0x20 
                0x0000000020000020                __data_run_end__ = (__data_run_start__ + SIZEOF (.data_run))
                0x0000000000000020                __data_run_size__ = SIZEOF (.data_run)
                0x0000000020000020                __data_run_load_end__ = __data_run_end__
                0x0000000000000001                . = ASSERT (((__data_run_start__ == __data_run_end__) || ((__data_run_end__ >= __RAM_segment_start__) && (__data_run_end__ <= __RAM_segment_end__))), error: .data_run is too large to fit in RAM memory segment)
                0x0000000000001ab8                __tdata_load_start__ = ALIGN ((__data_load_start__ + SIZEOF (.data)), 0x4)

.tdata          0x0000000020000020        0x0 load address 0x0000000000001ab8
                0x0000000020000020                __tdata_start__ = .
 *(.tdata .tdata.*)
                0x0000000020000020                __tdata_end__ = (__tdata_start__ + SIZEOF (.tdata))
                0x0000000000000000                __tdata_size__ = SIZEOF (.tdata)
                0x0000000000001ab8                __tdata_load_end__ = (__tdata_load_start__ + SIZEOF (.tdata))
                0x0000000000001ab8                __FLASH_segment_used_end__ = (ALIGN ((__data_load_start__ + SIZEOF (.data)), 0x4) + SIZEOF (.tdata))
                0x0000000000001ab8                __FLASH_segment_used_size__ = (__FLASH_segment_used_end__ - __FLASH_segment_start__)
                0x0000000000000001                . = ASSERT (((__tdata_load_start__ == __tdata_load_end__) || ((__tdata_load_end__ >= __FLASH_segment_start__) && (__tdata_load_end__ <= __FLASH_segment_end__))), error: .tdata is too large to fit in FLASH memory segment)

.tdata_run      0x0000000020000020        0x0
                0x0000000020000020                __tdata_run_start__ = .
                0x0000000020000020                . = MAX ((__tdata_run_start__ + SIZEOF (.tdata)), .)
                0x0000000020000020                __tdata_run_end__ = (__tdata_run_start__ + SIZEOF (.tdata_run))
                0x0000000000000000                __tdata_run_size__ = SIZEOF (.tdata_run)
                0x0000000020000020                __tdata_run_load_end__ = __tdata_run_end__
                0x0000000000000001                . = ASSERT (((__tdata_run_start__ == __tdata_run_end__) || ((__tdata_run_end__ >= __RAM_segment_start__) && (__tdata_run_end__ <= __RAM_segment_end__))), error: .tdata_run is too large to fit in RAM memory segment)
                0x0000000020000020                __bss_load_start__ = ALIGN (__tdata_run_end__, 0x4)

.bss            0x0000000020000020      0x3b4
                0x0000000020000020                __bss_start__ = .
 *(.bss .bss.* .gnu.linkonce.b.*)
 .bss.m_event_handler
                0x0000000020000020        0x4 Output/direct_test_mode_pca10040 Release/Obj/app_uart_fifo.o
 .bss.m_rx_fifo
                0x0000000020000024       0x10 Output/direct_test_mode_pca10040 Release/Obj/app_uart_fifo.o
 .bss.m_rx_ovf  0x0000000020000034        0x1 Output/direct_test_mode_pca10040 Release/Obj/app_uart_fifo.o
 *fill*         0x0000000020000035        0x3 
 .bss.m_tx_fifo
                0x0000000020000038       0x10 Output/direct_test_mode_pca10040 Release/Obj/app_uart_fifo.o
 .bss.rx_buffer
                0x0000000020000048        0x1 Output/direct_test_mode_pca10040 Release/Obj/app_uart_fifo.o
 .bss.tx_buffer
                0x0000000020000049        0x1 Output/direct_test_mode_pca10040 Release/Obj/app_uart_fifo.o
 *fill*         0x000000002000004a        0x2 
 .bss.m_in_critical_region
                0x000000002000004c        0x4 Output/direct_test_mode_pca10040 Release/Obj/app_util_platform.o
 .bss.m_contexts
                0x0000000020000050        0x4 Output/direct_test_mode_pca10040 Release/Obj/nrf_drv_uart.o
 .bss.m_handlers
                0x0000000020000054        0x4 Output/direct_test_mode_pca10040 Release/Obj/nrf_drv_uart.o
 .bss.nrf_drv_uart_use_easy_dma
                0x0000000020000058        0x1 Output/direct_test_mode_pca10040 Release/Obj/nrf_drv_uart.o
                0x0000000020000058                nrf_drv_uart_use_easy_dma
 *fill*         0x0000000020000059        0x3 
 .bss.m_prs_box_4
                0x000000002000005c        0x8 Output/direct_test_mode_pca10040 Release/Obj/nrfx_prs.o
 .bss.m_cb      0x0000000020000064       0x2c Output/direct_test_mode_pca10040 Release/Obj/nrfx_uart.o
 .bss.m_cb      0x0000000020000090       0x24 Output/direct_test_mode_pca10040 Release/Obj/nrfx_uarte.o
 .bss.rx_buf.7867
                0x00000000200000b4      0x100 Output/direct_test_mode_pca10040 Release/Obj/main.o
 .bss.tx_buf.7868
                0x00000000200001b4      0x100 Output/direct_test_mode_pca10040 Release/Obj/main.o
 .bss.m_current_time
                0x00000000200002b4        0x4 Output/direct_test_mode_pca10040 Release/Obj/ble_dtm.o
 .bss.m_event   0x00000000200002b8        0x2 Output/direct_test_mode_pca10040 Release/Obj/ble_dtm.o
 .bss.m_new_event
                0x00000000200002ba        0x1 Output/direct_test_mode_pca10040 Release/Obj/ble_dtm.o
 .bss.m_packetHeaderPlen
                0x00000000200002bb        0x1 Output/direct_test_mode_pca10040 Release/Obj/ble_dtm.o
 .bss.m_packet_length
                0x00000000200002bc        0x4 Output/direct_test_mode_pca10040 Release/Obj/ble_dtm.o
 .bss.m_packet_type
                0x00000000200002c0        0x4 Output/direct_test_mode_pca10040 Release/Obj/ble_dtm.o
 .bss.m_pdu     0x00000000200002c4      0x101 Output/direct_test_mode_pca10040 Release/Obj/ble_dtm.o
 *fill*         0x00000000200003c5        0x3 
 .bss.m_phys_ch
                0x00000000200003c8        0x4 Output/direct_test_mode_pca10040 Release/Obj/ble_dtm.o
 .bss.m_rx_pkt_count
                0x00000000200003cc        0x2 Output/direct_test_mode_pca10040 Release/Obj/ble_dtm.o
 .bss.m_state   0x00000000200003ce        0x1 Output/direct_test_mode_pca10040 Release/Obj/ble_dtm.o
 *fill*         0x00000000200003cf        0x1 
 .bss.m_tx_power
                0x00000000200003d0        0x4 Output/direct_test_mode_pca10040 Release/Obj/ble_dtm.o
 *(COMMON)
                0x00000000200003d4                __bss_end__ = (__bss_start__ + SIZEOF (.bss))
                0x00000000000003b4                __bss_size__ = SIZEOF (.bss)
                0x00000000200003d4                __bss_load_end__ = __bss_end__
                0x0000000000000001                . = ASSERT (((__bss_start__ == __bss_end__) || ((__bss_end__ >= __RAM_segment_start__) && (__bss_end__ <= __RAM_segment_end__))), error: .bss is too large to fit in RAM memory segment)
                0x00000000200003d4                __tbss_load_start__ = ALIGN (__bss_end__, 0x4)

.tbss           0x00000000200003d4        0x0
                0x00000000200003d4                __tbss_start__ = .
 *(.tbss .tbss.*)
                0x00000000200003d4                __tbss_end__ = (__tbss_start__ + SIZEOF (.tbss))
                0x0000000000000000                __tbss_size__ = SIZEOF (.tbss)
                0x00000000200003d4                __tbss_load_end__ = __tbss_end__
                0x0000000000000001                . = ASSERT (((__tbss_start__ == __tbss_end__) || ((__tbss_end__ >= __RAM_segment_start__) && (__tbss_end__ <= __RAM_segment_end__))), error: .tbss is too large to fit in RAM memory segment)
                0x00000000200003d4                __non_init_load_start__ = ALIGN (__tbss_end__, 0x4)

.non_init       0x00000000200003d4        0x0
                0x00000000200003d4                __non_init_start__ = .
 *(.non_init .non_init.*)
                0x00000000200003d4                __non_init_end__ = (__non_init_start__ + SIZEOF (.non_init))
                0x0000000000000000                __non_init_size__ = SIZEOF (.non_init)
                0x00000000200003d4                __non_init_load_end__ = __non_init_end__
                0x0000000000000001                . = ASSERT (((__non_init_start__ == __non_init_end__) || ((__non_init_end__ >= __RAM_segment_start__) && (__non_init_end__ <= __RAM_segment_end__))), error: .non_init is too large to fit in RAM memory segment)
                0x00000000200003d4                __heap_load_start__ = ALIGN (__non_init_end__, 0x4)

.heap           0x00000000200003d4     0x2000
                0x00000000200003d4                __heap_start__ = .
 *(.heap .heap.*)
                0x00000000200023d4                . = ALIGN (MAX ((__heap_start__ + __HEAPSIZE__), .), 0x4)
 *fill*         0x00000000200003d4     0x2000 
                0x00000000200023d4                __heap_end__ = (__heap_start__ + SIZEOF (.heap))
                0x0000000000002000                __heap_size__ = SIZEOF (.heap)
                0x00000000200023d4                __heap_load_end__ = __heap_end__
                0x0000000000000001                . = ASSERT (((__heap_start__ == __heap_end__) || ((__heap_end__ >= __RAM_segment_start__) && (__heap_end__ <= __RAM_segment_end__))), error: .heap is too large to fit in RAM memory segment)
                0x000000002000e000                __stack_load_start__ = (__RAM_segment_end__ - 0x2000)

.stack          0x000000002000e000     0x2000
                0x000000002000e000                __stack_start__ = .
                0x000000002000e000                __StackLimit = __stack_start__
 *(.stack .stack.*)
                0x0000000020010000                . = ALIGN (MAX ((__stack_start__ + __STACKSIZE__), .), 0x8)
 *fill*         0x000000002000e000     0x2000 
                0x0000000020010000                __stack_end__ = (__stack_start__ + SIZEOF (.stack))
                0x0000000000002000                __stack_size__ = SIZEOF (.stack)
                0x0000000020010000                __StackTop = __stack_end__
                0x0000000020010000                __stack_load_end__ = __stack_end__
                0x0000000000000001                . = ASSERT (((__stack_start__ == __stack_end__) || ((__stack_end__ >= __RAM_segment_start__) && (__stack_end__ <= __RAM_segment_end__))), error: .stack is too large to fit in RAM memory segment)
                0x0000000000000001                . = ASSERT ((__heap_end__ <= __stack_start__), error: section .heap overlaps absolute placed section .stack)
                0x0000000020010000                __stack_process_load_start__ = ALIGN (__stack_end__, 0x8)

.stack_process  0x0000000020010000        0x0
                0x0000000020010000                __stack_process_start__ = .
 *(.stack_process .stack_process.*)
                0x0000000020010000                . = ALIGN (MAX ((__stack_process_start__ + __STACKSIZE_PROCESS__), .), 0x8)
                0x0000000020010000                __stack_process_end__ = (__stack_process_start__ + SIZEOF (.stack_process))
                0x0000000000000000                __stack_process_size__ = SIZEOF (.stack_process)
                0x0000000020010000                __stack_process_load_end__ = __stack_process_end__
                0x0000000020010000                __RAM_segment_used_end__ = (ALIGN (__stack_end__, 0x8) + SIZEOF (.stack_process))
                0x0000000000010000                __RAM_segment_used_size__ = (__RAM_segment_used_end__ - __RAM_segment_start__)
                0x0000000000000001                . = ASSERT (((__stack_process_start__ == __stack_process_end__) || ((__stack_process_end__ >= __RAM_segment_start__) && (__stack_process_end__ <= __RAM_segment_end__))), error: .stack_process is too large to fit in RAM memory segment)
START GROUP
LOAD Output/direct_test_mode_pca10040 Release/Obj/thumb_crt0.o
LOAD Output/direct_test_mode_pca10040 Release/Obj/app_error.o
LOAD Output/direct_test_mode_pca10040 Release/Obj/app_error_handler_gcc.o
LOAD Output/direct_test_mode_pca10040 Release/Obj/app_error_weak.o
LOAD Output/direct_test_mode_pca10040 Release/Obj/app_fifo.o
LOAD Output/direct_test_mode_pca10040 Release/Obj/app_uart_fifo.o
LOAD Output/direct_test_mode_pca10040 Release/Obj/app_util_platform.o
LOAD Output/direct_test_mode_pca10040 Release/Obj/nrf_assert.o
LOAD Output/direct_test_mode_pca10040 Release/Obj/nrf_strerror.o
LOAD Output/direct_test_mode_pca10040 Release/Obj/boards.o
LOAD Output/direct_test_mode_pca10040 Release/Obj/nrf_drv_uart.o
LOAD Output/direct_test_mode_pca10040 Release/Obj/nrfx_prs.o
LOAD Output/direct_test_mode_pca10040 Release/Obj/nrfx_uart.o
LOAD Output/direct_test_mode_pca10040 Release/Obj/nrfx_uarte.o
LOAD Output/direct_test_mode_pca10040 Release/Obj/main.o
LOAD Output/direct_test_mode_pca10040 Release/Obj/ble_dtm.o
LOAD Output/direct_test_mode_pca10040 Release/Obj/ble_dtm_hw_nrf52.o
LOAD Output/direct_test_mode_pca10040 Release/Obj/ses_nRF_Startup.o
LOAD Output/direct_test_mode_pca10040 Release/Obj/ses_nrf52_Vectors.o
LOAD Output/direct_test_mode_pca10040 Release/Obj/system_nrf52.o
LOAD C:/Program Files/SEGGER/SEGGER Embedded Studio for ARM 3.40/lib/libdebugio_mempoll_v7em_fpv4_sp_d16_hard_t_le_eabi.a
LOAD C:/Program Files/SEGGER/SEGGER Embedded Studio for ARM 3.40/lib/libm_v7em_fpv4_sp_d16_hard_t_le_eabi.a
LOAD C:/Program Files/SEGGER/SEGGER Embedded Studio for ARM 3.40/lib/libc_v7em_fpv4_sp_d16_hard_t_le_eabi.a
LOAD C:/Program Files/SEGGER/SEGGER Embedded Studio for ARM 3.40/lib/libcpp_v7em_fpv4_sp_d16_hard_t_le_eabi.a
LOAD C:/Program Files/SEGGER/SEGGER Embedded Studio for ARM 3.40/lib/libdebugio_v7em_fpv4_sp_d16_hard_t_le_eabi.a
LOAD C:/Program Files/SEGGER/SEGGER Embedded Studio for ARM 3.40/lib/libvfprintf_v7em_fpv4_sp_d16_hard_t_le_eabi.o
LOAD C:/Program Files/SEGGER/SEGGER Embedded Studio for ARM 3.40/lib/libvfscanf_v7em_fpv4_sp_d16_hard_t_le_eabi.o
END GROUP
OUTPUT(Output/Release/Exe/direct_test_mode_pca10040.elf elf32-littlearm)

.ARM.attributes
                0x0000000000000000       0x35
 .ARM.attributes
                0x0000000000000000       0x25 Output/direct_test_mode_pca10040 Release/Obj/thumb_crt0.o
 .ARM.attributes
                0x0000000000000025       0x39 Output/direct_test_mode_pca10040 Release/Obj/app_error.o
 .ARM.attributes
                0x000000000000005e       0x39 Output/direct_test_mode_pca10040 Release/Obj/app_error_weak.o
 .ARM.attributes
                0x0000000000000097       0x39 Output/direct_test_mode_pca10040 Release/Obj/app_fifo.o
 .ARM.attributes
                0x00000000000000d0       0x39 Output/direct_test_mode_pca10040 Release/Obj/app_uart_fifo.o
 .ARM.attributes
                0x0000000000000109       0x39 Output/direct_test_mode_pca10040 Release/Obj/app_util_platform.o
 .ARM.attributes
                0x0000000000000142       0x39 Output/direct_test_mode_pca10040 Release/Obj/boards.o
 .ARM.attributes
                0x000000000000017b       0x39 Output/direct_test_mode_pca10040 Release/Obj/nrf_drv_uart.o
 .ARM.attributes
                0x00000000000001b4       0x39 Output/direct_test_mode_pca10040 Release/Obj/nrfx_prs.o
 .ARM.attributes
                0x00000000000001ed       0x39 Output/direct_test_mode_pca10040 Release/Obj/nrfx_uart.o
 .ARM.attributes
                0x0000000000000226       0x39 Output/direct_test_mode_pca10040 Release/Obj/nrfx_uarte.o
 .ARM.attributes
                0x000000000000025f       0x39 Output/direct_test_mode_pca10040 Release/Obj/main.o
 .ARM.attributes
                0x0000000000000298       0x39 Output/direct_test_mode_pca10040 Release/Obj/ble_dtm.o
 .ARM.attributes
                0x00000000000002d1       0x39 Output/direct_test_mode_pca10040 Release/Obj/ble_dtm_hw_nrf52.o
 .ARM.attributes
                0x000000000000030a       0x25 Output/direct_test_mode_pca10040 Release/Obj/ses_nRF_Startup.o
 .ARM.attributes
                0x000000000000032f       0x25 Output/direct_test_mode_pca10040 Release/Obj/ses_nrf52_Vectors.o
 .ARM.attributes
                0x0000000000000354       0x39 Output/direct_test_mode_pca10040 Release/Obj/system_nrf52.o
 .ARM.attributes
                0x000000000000038d       0x20 C:/Program Files/SEGGER/SEGGER Embedded Studio for ARM 3.40/lib/libc_v7em_fpv4_sp_d16_hard_t_le_eabi.a(libc2_asm.o)

.comment        0x0000000000000000       0x4c
 .comment       0x0000000000000000       0x4c Output/direct_test_mode_pca10040 Release/Obj/app_error.o
                                         0x4d (size before relaxing)
 .comment       0x000000000000004c       0x4d Output/direct_test_mode_pca10040 Release/Obj/app_error_weak.o
 .comment       0x000000000000004c       0x4d Output/direct_test_mode_pca10040 Release/Obj/app_fifo.o
 .comment       0x000000000000004c       0x4d Output/direct_test_mode_pca10040 Release/Obj/app_uart_fifo.o
 .comment       0x000000000000004c       0x4d Output/direct_test_mode_pca10040 Release/Obj/app_util_platform.o
 .comment       0x000000000000004c       0x4d Output/direct_test_mode_pca10040 Release/Obj/boards.o
 .comment       0x000000000000004c       0x4d Output/direct_test_mode_pca10040 Release/Obj/nrf_drv_uart.o
 .comment       0x000000000000004c       0x4d Output/direct_test_mode_pca10040 Release/Obj/nrfx_prs.o
 .comment       0x000000000000004c       0x4d Output/direct_test_mode_pca10040 Release/Obj/nrfx_uart.o
 .comment       0x000000000000004c       0x4d Output/direct_test_mode_pca10040 Release/Obj/nrfx_uarte.o
 .comment       0x000000000000004c       0x4d Output/direct_test_mode_pca10040 Release/Obj/main.o
 .comment       0x000000000000004c       0x4d Output/direct_test_mode_pca10040 Release/Obj/ble_dtm.o
 .comment       0x000000000000004c       0x4d Output/direct_test_mode_pca10040 Release/Obj/ble_dtm_hw_nrf52.o
 .comment       0x000000000000004c       0x4d Output/direct_test_mode_pca10040 Release/Obj/system_nrf52.o

.debug_line     0x0000000000000000     0x53eb
 .debug_line    0x0000000000000000      0x1ec Output/direct_test_mode_pca10040 Release/Obj/thumb_crt0.o
 .debug_line    0x00000000000001ec      0x2eb Output/direct_test_mode_pca10040 Release/Obj/app_error.o
 .debug_line    0x00000000000004d7      0x5f9 Output/direct_test_mode_pca10040 Release/Obj/app_error_weak.o
 .debug_line    0x0000000000000ad0      0x44c Output/direct_test_mode_pca10040 Release/Obj/app_fifo.o
 .debug_line    0x0000000000000f1c      0x718 Output/direct_test_mode_pca10040 Release/Obj/app_uart_fifo.o
 .debug_line    0x0000000000001634      0x373 Output/direct_test_mode_pca10040 Release/Obj/app_util_platform.o
 .debug_line    0x00000000000019a7      0x56a Output/direct_test_mode_pca10040 Release/Obj/boards.o
 .debug_line    0x0000000000001f11      0x5a9 Output/direct_test_mode_pca10040 Release/Obj/nrf_drv_uart.o
 .debug_line    0x00000000000024ba      0x66c Output/direct_test_mode_pca10040 Release/Obj/nrfx_prs.o
 .debug_line    0x0000000000002b26      0xbc6 Output/direct_test_mode_pca10040 Release/Obj/nrfx_uart.o
 .debug_line    0x00000000000036ec      0xac4 Output/direct_test_mode_pca10040 Release/Obj/nrfx_uarte.o
 .debug_line    0x00000000000041b0      0x62e Output/direct_test_mode_pca10040 Release/Obj/main.o
 .debug_line    0x00000000000047de      0x580 Output/direct_test_mode_pca10040 Release/Obj/ble_dtm.o
 .debug_line    0x0000000000004d5e      0x290 Output/direct_test_mode_pca10040 Release/Obj/ble_dtm_hw_nrf52.o
 .debug_line    0x0000000000004fee       0xa0 Output/direct_test_mode_pca10040 Release/Obj/ses_nRF_Startup.o
 .debug_line    0x000000000000508e       0xa9 Output/direct_test_mode_pca10040 Release/Obj/ses_nrf52_Vectors.o
 .debug_line    0x0000000000005137      0x2b4 Output/direct_test_mode_pca10040 Release/Obj/system_nrf52.o

.debug_info     0x0000000000000000    0x11d23
 .debug_info    0x0000000000000000       0x22 Output/direct_test_mode_pca10040 Release/Obj/thumb_crt0.o
 .debug_info    0x0000000000000022      0x7e8 Output/direct_test_mode_pca10040 Release/Obj/app_error.o
 .debug_info    0x000000000000080a      0x94a Output/direct_test_mode_pca10040 Release/Obj/app_error_weak.o
 .debug_info    0x0000000000001154      0xb04 Output/direct_test_mode_pca10040 Release/Obj/app_fifo.o
 .debug_info    0x0000000000001c58     0x1a07 Output/direct_test_mode_pca10040 Release/Obj/app_uart_fifo.o
 .debug_info    0x000000000000365f      0xc6f Output/direct_test_mode_pca10040 Release/Obj/app_util_platform.o
 .debug_info    0x00000000000042ce      0xb09 Output/direct_test_mode_pca10040 Release/Obj/boards.o
 .debug_info    0x0000000000004dd7     0x15d6 Output/direct_test_mode_pca10040 Release/Obj/nrf_drv_uart.o
 .debug_info    0x00000000000063ad      0xc69 Output/direct_test_mode_pca10040 Release/Obj/nrfx_prs.o
 .debug_info    0x0000000000007016     0x303a Output/direct_test_mode_pca10040 Release/Obj/nrfx_uart.o
 .debug_info    0x000000000000a050     0x2f58 Output/direct_test_mode_pca10040 Release/Obj/nrfx_uarte.o
 .debug_info    0x000000000000cfa8     0x127a Output/direct_test_mode_pca10040 Release/Obj/main.o
 .debug_info    0x000000000000e222     0x1bd8 Output/direct_test_mode_pca10040 Release/Obj/ble_dtm.o
 .debug_info    0x000000000000fdfa      0xe19 Output/direct_test_mode_pca10040 Release/Obj/ble_dtm_hw_nrf52.o
 .debug_info    0x0000000000010c13       0x26 Output/direct_test_mode_pca10040 Release/Obj/ses_nRF_Startup.o
 .debug_info    0x0000000000010c39       0x26 Output/direct_test_mode_pca10040 Release/Obj/ses_nrf52_Vectors.o
 .debug_info    0x0000000000010c5f     0x10c4 Output/direct_test_mode_pca10040 Release/Obj/system_nrf52.o

.debug_abbrev   0x0000000000000000     0x2750
 .debug_abbrev  0x0000000000000000       0x12 Output/direct_test_mode_pca10040 Release/Obj/thumb_crt0.o
 .debug_abbrev  0x0000000000000012      0x1a9 Output/direct_test_mode_pca10040 Release/Obj/app_error.o
 .debug_abbrev  0x00000000000001bb      0x1c6 Output/direct_test_mode_pca10040 Release/Obj/app_error_weak.o
 .debug_abbrev  0x0000000000000381      0x1f2 Output/direct_test_mode_pca10040 Release/Obj/app_fifo.o
 .debug_abbrev  0x0000000000000573      0x378 Output/direct_test_mode_pca10040 Release/Obj/app_uart_fifo.o
 .debug_abbrev  0x00000000000008eb      0x273 Output/direct_test_mode_pca10040 Release/Obj/app_util_platform.o
 .debug_abbrev  0x0000000000000b5e      0x2c0 Output/direct_test_mode_pca10040 Release/Obj/boards.o
 .debug_abbrev  0x0000000000000e1e      0x231 Output/direct_test_mode_pca10040 Release/Obj/nrf_drv_uart.o
 .debug_abbrev  0x000000000000104f      0x282 Output/direct_test_mode_pca10040 Release/Obj/nrfx_prs.o
 .debug_abbrev  0x00000000000012d1      0x510 Output/direct_test_mode_pca10040 Release/Obj/nrfx_uart.o
 .debug_abbrev  0x00000000000017e1      0x4d1 Output/direct_test_mode_pca10040 Release/Obj/nrfx_uarte.o
 .debug_abbrev  0x0000000000001cb2      0x351 Output/direct_test_mode_pca10040 Release/Obj/main.o
 .debug_abbrev  0x0000000000002003      0x376 Output/direct_test_mode_pca10040 Release/Obj/ble_dtm.o
 .debug_abbrev  0x0000000000002379      0x1a7 Output/direct_test_mode_pca10040 Release/Obj/ble_dtm_hw_nrf52.o
 .debug_abbrev  0x0000000000002520       0x14 Output/direct_test_mode_pca10040 Release/Obj/ses_nRF_Startup.o
 .debug_abbrev  0x0000000000002534       0x14 Output/direct_test_mode_pca10040 Release/Obj/ses_nrf52_Vectors.o
 .debug_abbrev  0x0000000000002548      0x208 Output/direct_test_mode_pca10040 Release/Obj/system_nrf52.o

.debug_aranges  0x0000000000000000      0x4a8
 .debug_aranges
                0x0000000000000000       0x80 Output/direct_test_mode_pca10040 Release/Obj/thumb_crt0.o
 .debug_aranges
                0x0000000000000080       0x28 Output/direct_test_mode_pca10040 Release/Obj/app_error.o
 .debug_aranges
                0x00000000000000a8       0x20 Output/direct_test_mode_pca10040 Release/Obj/app_error_weak.o
 .debug_aranges
                0x00000000000000c8       0x50 Output/direct_test_mode_pca10040 Release/Obj/app_fifo.o
 .debug_aranges
                0x0000000000000118       0x58 Output/direct_test_mode_pca10040 Release/Obj/app_uart_fifo.o
 .debug_aranges
                0x0000000000000170       0x48 Output/direct_test_mode_pca10040 Release/Obj/app_util_platform.o
 .debug_aranges
                0x00000000000001b8       0x38 Output/direct_test_mode_pca10040 Release/Obj/boards.o
 .debug_aranges
                0x00000000000001f0       0x30 Output/direct_test_mode_pca10040 Release/Obj/nrf_drv_uart.o
 .debug_aranges
                0x0000000000000220       0x30 Output/direct_test_mode_pca10040 Release/Obj/nrfx_prs.o
 .debug_aranges
                0x0000000000000250       0xa0 Output/direct_test_mode_pca10040 Release/Obj/nrfx_uart.o
 .debug_aranges
                0x00000000000002f0       0x78 Output/direct_test_mode_pca10040 Release/Obj/nrfx_uarte.o
 .debug_aranges
                0x0000000000000368       0x28 Output/direct_test_mode_pca10040 Release/Obj/main.o
 .debug_aranges
                0x0000000000000390       0x68 Output/direct_test_mode_pca10040 Release/Obj/ble_dtm.o
 .debug_aranges
                0x00000000000003f8       0x38 Output/direct_test_mode_pca10040 Release/Obj/ble_dtm_hw_nrf52.o
 .debug_aranges
                0x0000000000000430       0x20 Output/direct_test_mode_pca10040 Release/Obj/ses_nRF_Startup.o
 .debug_aranges
                0x0000000000000450       0x20 Output/direct_test_mode_pca10040 Release/Obj/ses_nrf52_Vectors.o
 .debug_aranges
                0x0000000000000470       0x38 Output/direct_test_mode_pca10040 Release/Obj/system_nrf52.o

.debug_str      0x0000000000000000    0x6eb3a
 .debug_str     0x0000000000000000       0xb4 Output/direct_test_mode_pca10040 Release/Obj/thumb_crt0.o
 .debug_str     0x00000000000000b4    0x5c7fc Output/direct_test_mode_pca10040 Release/Obj/app_error.o
                                      0x5d2bc (size before relaxing)
 .debug_str     0x000000000005c8b0     0x9e1f Output/direct_test_mode_pca10040 Release/Obj/app_error_weak.o
                                      0x671d6 (size before relaxing)
 .debug_str     0x00000000000666cf      0x17f Output/direct_test_mode_pca10040 Release/Obj/app_fifo.o
                                      0x6356b (size before relaxing)
 .debug_str     0x000000000006684e     0x3c1f Output/direct_test_mode_pca10040 Release/Obj/app_uart_fifo.o
                                      0x6793f (size before relaxing)
 .debug_str     0x000000000006a46d      0x359 Output/direct_test_mode_pca10040 Release/Obj/app_util_platform.o
                                      0x5daae (size before relaxing)
 .debug_str     0x000000000006a7c6      0xe92 Output/direct_test_mode_pca10040 Release/Obj/boards.o
                                      0x66b8f (size before relaxing)
 .debug_str     0x000000000006b658      0x493 Output/direct_test_mode_pca10040 Release/Obj/nrf_drv_uart.o
                                      0x670a3 (size before relaxing)
 .debug_str     0x000000000006baeb      0x646 Output/direct_test_mode_pca10040 Release/Obj/nrfx_prs.o
                                      0x68f11 (size before relaxing)
 .debug_str     0x000000000006c131      0x7e8 Output/direct_test_mode_pca10040 Release/Obj/nrfx_uart.o
                                      0x6a0b2 (size before relaxing)
 .debug_str     0x000000000006c919      0x8a6 Output/direct_test_mode_pca10040 Release/Obj/nrfx_uarte.o
                                      0x6a4a2 (size before relaxing)
 .debug_str     0x000000000006d1bf      0x66c Output/direct_test_mode_pca10040 Release/Obj/main.o
                                      0x675f1 (size before relaxing)
 .debug_str     0x000000000006d82b      0xef8 Output/direct_test_mode_pca10040 Release/Obj/ble_dtm.o
                                      0x64afa (size before relaxing)
 .debug_str     0x000000000006e723       0x4e Output/direct_test_mode_pca10040 Release/Obj/ble_dtm_hw_nrf52.o
                                      0x5c84f (size before relaxing)
 .debug_str     0x000000000006e771       0x47 Output/direct_test_mode_pca10040 Release/Obj/ses_nRF_Startup.o
                                         0xab (size before relaxing)
 .debug_str     0x000000000006e7b8       0x49 Output/direct_test_mode_pca10040 Release/Obj/ses_nrf52_Vectors.o
                                         0xad (size before relaxing)
 .debug_str     0x000000000006e801      0x339 Output/direct_test_mode_pca10040 Release/Obj/system_nrf52.o
                                      0x5bc0a (size before relaxing)

.debug_ranges   0x0000000000000000      0x878
 .debug_ranges  0x0000000000000000       0x78 Output/direct_test_mode_pca10040 Release/Obj/thumb_crt0.o
 .debug_ranges  0x0000000000000078       0x18 Output/direct_test_mode_pca10040 Release/Obj/app_error.o
 .debug_ranges  0x0000000000000090       0x10 Output/direct_test_mode_pca10040 Release/Obj/app_error_weak.o
 .debug_ranges  0x00000000000000a0       0x90 Output/direct_test_mode_pca10040 Release/Obj/app_fifo.o
 .debug_ranges  0x0000000000000130       0x90 Output/direct_test_mode_pca10040 Release/Obj/app_uart_fifo.o
 .debug_ranges  0x00000000000001c0       0x38 Output/direct_test_mode_pca10040 Release/Obj/app_util_platform.o
 .debug_ranges  0x00000000000001f8       0x58 Output/direct_test_mode_pca10040 Release/Obj/boards.o
 .debug_ranges  0x0000000000000250       0x20 Output/direct_test_mode_pca10040 Release/Obj/nrf_drv_uart.o
 .debug_ranges  0x0000000000000270       0x50 Output/direct_test_mode_pca10040 Release/Obj/nrfx_prs.o
 .debug_ranges  0x00000000000002c0      0x230 Output/direct_test_mode_pca10040 Release/Obj/nrfx_uart.o
 .debug_ranges  0x00000000000004f0      0x190 Output/direct_test_mode_pca10040 Release/Obj/nrfx_uarte.o
 .debug_ranges  0x0000000000000680      0x100 Output/direct_test_mode_pca10040 Release/Obj/main.o
 .debug_ranges  0x0000000000000780       0xa8 Output/direct_test_mode_pca10040 Release/Obj/ble_dtm.o
 .debug_ranges  0x0000000000000828       0x28 Output/direct_test_mode_pca10040 Release/Obj/ble_dtm_hw_nrf52.o
 .debug_ranges  0x0000000000000850       0x28 Output/direct_test_mode_pca10040 Release/Obj/system_nrf52.o

.debug_frame    0x0000000000000000      0x9c4
 .debug_frame   0x0000000000000000       0x58 Output/direct_test_mode_pca10040 Release/Obj/app_error.o
 .debug_frame   0x0000000000000058       0x20 Output/direct_test_mode_pca10040 Release/Obj/app_error_weak.o
 .debug_frame   0x0000000000000078       0xbc Output/direct_test_mode_pca10040 Release/Obj/app_fifo.o
 .debug_frame   0x0000000000000134      0x128 Output/direct_test_mode_pca10040 Release/Obj/app_uart_fifo.o
 .debug_frame   0x000000000000025c       0x70 Output/direct_test_mode_pca10040 Release/Obj/app_util_platform.o
 .debug_frame   0x00000000000002cc       0x50 Output/direct_test_mode_pca10040 Release/Obj/boards.o
 .debug_frame   0x000000000000031c       0x88 Output/direct_test_mode_pca10040 Release/Obj/nrf_drv_uart.o
 .debug_frame   0x00000000000003a4       0x50 Output/direct_test_mode_pca10040 Release/Obj/nrfx_prs.o
 .debug_frame   0x00000000000003f4      0x21c Output/direct_test_mode_pca10040 Release/Obj/nrfx_uart.o
 .debug_frame   0x0000000000000610      0x17c Output/direct_test_mode_pca10040 Release/Obj/nrfx_uarte.o
 .debug_frame   0x000000000000078c       0x4c Output/direct_test_mode_pca10040 Release/Obj/main.o
 .debug_frame   0x00000000000007d8      0x140 Output/direct_test_mode_pca10040 Release/Obj/ble_dtm.o
 .debug_frame   0x0000000000000918       0x50 Output/direct_test_mode_pca10040 Release/Obj/ble_dtm_hw_nrf52.o
 .debug_frame   0x0000000000000968       0x5c Output/direct_test_mode_pca10040 Release/Obj/system_nrf52.o

.debug_loc      0x0000000000000000     0x39cd
 .debug_loc     0x0000000000000000       0xb5 Output/direct_test_mode_pca10040 Release/Obj/app_error.o
 .debug_loc     0x00000000000000b5       0x42 Output/direct_test_mode_pca10040 Release/Obj/app_error_weak.o
 .debug_loc     0x00000000000000f7      0x6b8 Output/direct_test_mode_pca10040 Release/Obj/app_fifo.o
 .debug_loc     0x00000000000007af      0x3ea Output/direct_test_mode_pca10040 Release/Obj/app_uart_fifo.o
 .debug_loc     0x0000000000000b99       0x8b Output/direct_test_mode_pca10040 Release/Obj/app_util_platform.o
 .debug_loc     0x0000000000000c24      0x192 Output/direct_test_mode_pca10040 Release/Obj/boards.o
 .debug_loc     0x0000000000000db6      0x18d Output/direct_test_mode_pca10040 Release/Obj/nrf_drv_uart.o
 .debug_loc     0x0000000000000f43       0x8f Output/direct_test_mode_pca10040 Release/Obj/nrfx_prs.o
 .debug_loc     0x0000000000000fd2     0x110c Output/direct_test_mode_pca10040 Release/Obj/nrfx_uart.o
 .debug_loc     0x00000000000020de      0xfd9 Output/direct_test_mode_pca10040 Release/Obj/nrfx_uarte.o
 .debug_loc     0x00000000000030b7      0x2fb Output/direct_test_mode_pca10040 Release/Obj/main.o
 .debug_loc     0x00000000000033b2      0x587 Output/direct_test_mode_pca10040 Release/Obj/ble_dtm.o
 .debug_loc     0x0000000000003939       0x94 Output/direct_test_mode_pca10040 Release/Obj/ble_dtm_hw_nrf52.o

.debug_pubnames
                0x0000000000000000     0x3401
 .debug_pubnames
                0x0000000000000000       0x6c Output/direct_test_mode_pca10040 Release/Obj/app_error.o
 .debug_pubnames
                0x000000000000006c      0x10e Output/direct_test_mode_pca10040 Release/Obj/app_error_weak.o
 .debug_pubnames
                0x000000000000017a       0xc8 Output/direct_test_mode_pca10040 Release/Obj/app_fifo.o
 .debug_pubnames
                0x0000000000000242      0x3a3 Output/direct_test_mode_pca10040 Release/Obj/app_uart_fifo.o
 .debug_pubnames
                0x00000000000005e5      0x204 Output/direct_test_mode_pca10040 Release/Obj/app_util_platform.o
 .debug_pubnames
                0x00000000000007e9      0x2eb Output/direct_test_mode_pca10040 Release/Obj/boards.o
 .debug_pubnames
                0x0000000000000ad4       0xcb Output/direct_test_mode_pca10040 Release/Obj/nrf_drv_uart.o
 .debug_pubnames
                0x0000000000000b9f      0x11d Output/direct_test_mode_pca10040 Release/Obj/nrfx_prs.o
 .debug_pubnames
                0x0000000000000cbc      0xaa4 Output/direct_test_mode_pca10040 Release/Obj/nrfx_uart.o
 .debug_pubnames
                0x0000000000001760      0xc53 Output/direct_test_mode_pca10040 Release/Obj/nrfx_uarte.o
 .debug_pubnames
                0x00000000000023b3      0x44a Output/direct_test_mode_pca10040 Release/Obj/main.o
 .debug_pubnames
                0x00000000000027fd      0x72d Output/direct_test_mode_pca10040 Release/Obj/ble_dtm.o
 .debug_pubnames
                0x0000000000002f2a      0x3b8 Output/direct_test_mode_pca10040 Release/Obj/ble_dtm_hw_nrf52.o
 .debug_pubnames
                0x00000000000032e2      0x11f Output/direct_test_mode_pca10040 Release/Obj/system_nrf52.o

.debug_pubtypes
                0x0000000000000000     0x25ba
 .debug_pubtypes
                0x0000000000000000      0x1e2 Output/direct_test_mode_pca10040 Release/Obj/app_error.o
 .debug_pubtypes
                0x00000000000001e2      0x1fa Output/direct_test_mode_pca10040 Release/Obj/app_error_weak.o
 .debug_pubtypes
                0x00000000000003dc      0x1ac Output/direct_test_mode_pca10040 Release/Obj/app_fifo.o
 .debug_pubtypes
                0x0000000000000588      0x3d8 Output/direct_test_mode_pca10040 Release/Obj/app_uart_fifo.o
 .debug_pubtypes
                0x0000000000000960      0x1cf Output/direct_test_mode_pca10040 Release/Obj/app_util_platform.o
 .debug_pubtypes
                0x0000000000000b2f      0x23c Output/direct_test_mode_pca10040 Release/Obj/boards.o
 .debug_pubtypes
                0x0000000000000d6b      0x468 Output/direct_test_mode_pca10040 Release/Obj/nrf_drv_uart.o
 .debug_pubtypes
                0x00000000000011d3      0x26a Output/direct_test_mode_pca10040 Release/Obj/nrfx_prs.o
 .debug_pubtypes
                0x000000000000143d      0x421 Output/direct_test_mode_pca10040 Release/Obj/nrfx_uart.o
 .debug_pubtypes
                0x000000000000185e      0x469 Output/direct_test_mode_pca10040 Release/Obj/nrfx_uarte.o
 .debug_pubtypes
                0x0000000000001cc7      0x2c5 Output/direct_test_mode_pca10040 Release/Obj/main.o
 .debug_pubtypes
                0x0000000000001f8c      0x2b9 Output/direct_test_mode_pca10040 Release/Obj/ble_dtm.o
 .debug_pubtypes
                0x0000000000002245      0x1ce Output/direct_test_mode_pca10040 Release/Obj/ble_dtm_hw_nrf52.o
 .debug_pubtypes
                0x0000000000002413      0x1a7 Output/direct_test_mode_pca10040 Release/Obj/system_nrf52.o

.debug_macro    0x0000000000000000    0x12f52
 .debug_macro   0x0000000000000000       0xfa Output/direct_test_mode_pca10040 Release/Obj/app_error.o
 .debug_macro   0x00000000000000fa      0xa9c Output/direct_test_mode_pca10040 Release/Obj/app_error.o
 .debug_macro   0x0000000000000b96       0x22 Output/direct_test_mode_pca10040 Release/Obj/app_error.o
 .debug_macro   0x0000000000000bb8       0x2d Output/direct_test_mode_pca10040 Release/Obj/app_error.o
 .debug_macro   0x0000000000000be5      0x1a3 Output/direct_test_mode_pca10040 Release/Obj/app_error.o
 .debug_macro   0x0000000000000d88       0x35 Output/direct_test_mode_pca10040 Release/Obj/app_error.o
 .debug_macro   0x0000000000000dbd       0x50 Output/direct_test_mode_pca10040 Release/Obj/app_error.o
 .debug_macro   0x0000000000000e0d      0xe66 Output/direct_test_mode_pca10040 Release/Obj/app_error.o
 .debug_macro   0x0000000000001c73      0x392 Output/direct_test_mode_pca10040 Release/Obj/app_error.o
 .debug_macro   0x0000000000002005     0xccbe Output/direct_test_mode_pca10040 Release/Obj/app_error.o
 .debug_macro   0x000000000000ecc3     0x1313 Output/direct_test_mode_pca10040 Release/Obj/app_error.o
 .debug_macro   0x000000000000ffd6       0x82 Output/direct_test_mode_pca10040 Release/Obj/app_error.o
 .debug_macro   0x0000000000010058       0x22 Output/direct_test_mode_pca10040 Release/Obj/app_error.o
 .debug_macro   0x000000000001007a       0x89 Output/direct_test_mode_pca10040 Release/Obj/app_error.o
 .debug_macro   0x0000000000010103       0x78 Output/direct_test_mode_pca10040 Release/Obj/app_error.o
 .debug_macro   0x000000000001017b       0x22 Output/direct_test_mode_pca10040 Release/Obj/app_error.o
 .debug_macro   0x000000000001019d       0x8e Output/direct_test_mode_pca10040 Release/Obj/app_error.o
 .debug_macro   0x000000000001022b       0xa7 Output/direct_test_mode_pca10040 Release/Obj/app_error.o
 .debug_macro   0x00000000000102d2      0x16d Output/direct_test_mode_pca10040 Release/Obj/app_error.o
 .debug_macro   0x000000000001043f       0x49 Output/direct_test_mode_pca10040 Release/Obj/app_error.o
 .debug_macro   0x0000000000010488      0x21b Output/direct_test_mode_pca10040 Release/Obj/app_error_weak.o
 .debug_macro   0x00000000000106a3       0x31 Output/direct_test_mode_pca10040 Release/Obj/app_error_weak.o
 .debug_macro   0x00000000000106d4       0x16 Output/direct_test_mode_pca10040 Release/Obj/app_error_weak.o
 .debug_macro   0x00000000000106ea       0x49 Output/direct_test_mode_pca10040 Release/Obj/app_error_weak.o
 .debug_macro   0x0000000000010733      0x17d Output/direct_test_mode_pca10040 Release/Obj/app_error_weak.o
 .debug_macro   0x00000000000108b0       0x9a Output/direct_test_mode_pca10040 Release/Obj/app_error_weak.o
 .debug_macro   0x000000000001094a       0x28 Output/direct_test_mode_pca10040 Release/Obj/app_error_weak.o
 .debug_macro   0x0000000000010972       0x22 Output/direct_test_mode_pca10040 Release/Obj/app_error_weak.o
 .debug_macro   0x0000000000010994       0x8c Output/direct_test_mode_pca10040 Release/Obj/app_error_weak.o
 .debug_macro   0x0000000000010a20       0x98 Output/direct_test_mode_pca10040 Release/Obj/app_error_weak.o
 .debug_macro   0x0000000000010ab8       0x10 Output/direct_test_mode_pca10040 Release/Obj/app_error_weak.o
 .debug_macro   0x0000000000010ac8       0x1c Output/direct_test_mode_pca10040 Release/Obj/app_error_weak.o
 .debug_macro   0x0000000000010ae4      0x144 Output/direct_test_mode_pca10040 Release/Obj/app_fifo.o
 .debug_macro   0x0000000000010c28      0x27b Output/direct_test_mode_pca10040 Release/Obj/app_uart_fifo.o
 .debug_macro   0x0000000000010ea3       0x18 Output/direct_test_mode_pca10040 Release/Obj/app_uart_fifo.o
 .debug_macro   0x0000000000010ebb      0x3a3 Output/direct_test_mode_pca10040 Release/Obj/app_uart_fifo.o
 .debug_macro   0x000000000001125e       0x36 Output/direct_test_mode_pca10040 Release/Obj/app_uart_fifo.o
 .debug_macro   0x0000000000011294      0x137 Output/direct_test_mode_pca10040 Release/Obj/app_uart_fifo.o
 .debug_macro   0x00000000000113cb      0x11f Output/direct_test_mode_pca10040 Release/Obj/app_uart_fifo.o
 .debug_macro   0x00000000000114ea       0x3f Output/direct_test_mode_pca10040 Release/Obj/app_uart_fifo.o
 .debug_macro   0x0000000000011529       0x19 Output/direct_test_mode_pca10040 Release/Obj/app_uart_fifo.o
 .debug_macro   0x0000000000011542       0x16 Output/direct_test_mode_pca10040 Release/Obj/app_uart_fifo.o
 .debug_macro   0x0000000000011558       0x7b Output/direct_test_mode_pca10040 Release/Obj/app_uart_fifo.o
 .debug_macro   0x00000000000115d3       0x64 Output/direct_test_mode_pca10040 Release/Obj/app_uart_fifo.o
 .debug_macro   0x0000000000011637       0x20 Output/direct_test_mode_pca10040 Release/Obj/app_uart_fifo.o
 .debug_macro   0x0000000000011657       0x10 Output/direct_test_mode_pca10040 Release/Obj/app_uart_fifo.o
 .debug_macro   0x0000000000011667       0x10 Output/direct_test_mode_pca10040 Release/Obj/app_uart_fifo.o
 .debug_macro   0x0000000000011677       0x10 Output/direct_test_mode_pca10040 Release/Obj/app_uart_fifo.o
 .debug_macro   0x0000000000011687       0x10 Output/direct_test_mode_pca10040 Release/Obj/app_uart_fifo.o
 .debug_macro   0x0000000000011697       0x10 Output/direct_test_mode_pca10040 Release/Obj/app_uart_fifo.o
 .debug_macro   0x00000000000116a7       0x2d Output/direct_test_mode_pca10040 Release/Obj/app_uart_fifo.o
 .debug_macro   0x00000000000116d4      0x110 Output/direct_test_mode_pca10040 Release/Obj/app_util_platform.o
 .debug_macro   0x00000000000117e4      0x202 Output/direct_test_mode_pca10040 Release/Obj/boards.o
 .debug_macro   0x00000000000119e6       0x1c Output/direct_test_mode_pca10040 Release/Obj/boards.o
 .debug_macro   0x0000000000011a02       0x16 Output/direct_test_mode_pca10040 Release/Obj/boards.o
 .debug_macro   0x0000000000011a18       0xca Output/direct_test_mode_pca10040 Release/Obj/boards.o
 .debug_macro   0x0000000000011ae2      0x16d Output/direct_test_mode_pca10040 Release/Obj/boards.o
 .debug_macro   0x0000000000011c4f      0x22b Output/direct_test_mode_pca10040 Release/Obj/nrf_drv_uart.o
 .debug_macro   0x0000000000011e7a      0x281 Output/direct_test_mode_pca10040 Release/Obj/nrfx_prs.o
 .debug_macro   0x00000000000120fb       0x28 Output/direct_test_mode_pca10040 Release/Obj/nrfx_prs.o
 .debug_macro   0x0000000000012123       0x1c Output/direct_test_mode_pca10040 Release/Obj/nrfx_prs.o
 .debug_macro   0x000000000001213f       0x54 Output/direct_test_mode_pca10040 Release/Obj/nrfx_prs.o
 .debug_macro   0x0000000000012193       0x37 Output/direct_test_mode_pca10040 Release/Obj/nrfx_prs.o
 .debug_macro   0x00000000000121ca       0x10 Output/direct_test_mode_pca10040 Release/Obj/nrfx_prs.o
 .debug_macro   0x00000000000121da      0x177 Output/direct_test_mode_pca10040 Release/Obj/nrfx_prs.o
 .debug_macro   0x0000000000012351       0x42 Output/direct_test_mode_pca10040 Release/Obj/nrfx_prs.o
 .debug_macro   0x0000000000012393      0x29c Output/direct_test_mode_pca10040 Release/Obj/nrfx_uart.o
 .debug_macro   0x000000000001262f       0x1c Output/direct_test_mode_pca10040 Release/Obj/nrfx_uart.o
 .debug_macro   0x000000000001264b      0x2ae Output/direct_test_mode_pca10040 Release/Obj/nrfx_uarte.o
 .debug_macro   0x00000000000128f9      0x22c Output/direct_test_mode_pca10040 Release/Obj/main.o
 .debug_macro   0x0000000000012b25      0x10e Output/direct_test_mode_pca10040 Release/Obj/main.o
 .debug_macro   0x0000000000012c33       0x1e Output/direct_test_mode_pca10040 Release/Obj/main.o
 .debug_macro   0x0000000000012c51      0x18c Output/direct_test_mode_pca10040 Release/Obj/ble_dtm.o
 .debug_macro   0x0000000000012ddd       0xcd Output/direct_test_mode_pca10040 Release/Obj/ble_dtm_hw_nrf52.o
 .debug_macro   0x0000000000012eaa       0xa8 Output/direct_test_mode_pca10040 Release/Obj/system_nrf52.o
